Using PyTorch 2.10.0a0+git449b176; visible XPUs: 1
Args in experiment:
Namespace(is_training=1, model_id='aurora_ETTh2_sl720_pl96_h6_m2_s810', model='FITS', data='ETTh2', root_path='/lus/flare/projects/FRAME-IDP/siebenschuh/TimeSeriesTraining/FITS_data/', data_path='ETTh2.csv', features='M', target='OT', freq='h', checkpoints='/lus/flare/projects/FRAME-IDP/siebenschuh/TimeSeriesTraining/FITS_parallel_reproduction_01/FITS_checkpoints/FITS', results_root='/lus/flare/projects/FRAME-IDP/siebenschuh/TimeSeriesTraining/FITS_parallel_reproduction_01/FITS_results/FITS', seq_len=720, label_len=48, pred_len=96, individual=False, embed_type=0, enc_in=7, dec_in=7, c_out=7, d_model=512, n_heads=8, e_layers=2, d_layers=1, d_ff=2048, moving_avg=25, factor=1, distil=True, dropout=0.05, embed='timeF', activation='gelu', output_attention=False, do_predict=False, run_test=False, ab=2, hidden_size=1, kernel=5, groups=1, levels=3, stacks=1, num_workers=0, ddp_num_workers=0, itr=1, train_epochs=100, batch_size=128, patience=20, learning_rate=0.0005, des='test', loss='mse', lradj='type3', use_amp=False, use_gpu=True, gpu=0, distributed=False, use_multi_gpu=False, devices='0,1,2,3', test_flop=False, aug_method='NA', aug_rate=0.5, in_batch_augmentation=False, in_dataset_augmentation=False, data_size=1, aug_data_size=1, seed=810, testset_div=2, test_time_train=False, train_mode=2, cut_freq=196, base_T=24, H_order=6, distributed_context=DistributedContext(enabled=False, rank=0, world_size=1, local_rank=0, local_size=1, backend=''), rank=0, world_size=1, local_rank=0, global_batch_size=128)
Rank 0 uses XPU: xpu:0
>>>>>>>start training : aurora_ETTh2_sl720_pl96_h6_m2_s810_FITS_ETTh2_ftM_sl720_ll48_pl96_H6_0>>>>>>>>>>>>>>>>>>>>>>>>>>
train 7825
val 2785
Model(
  (freq_upsampler): Linear(in_features=196, out_features=222, bias=True)
)
Trainable parameters:  43734
!!!!!!!!!!!!!!learning rate!!!!!!!!!!!!!!!
0.0005
Epoch: 1 cost time: 2.391533851623535
Epoch: 1, Steps/rank: 61 | Train Loss: 0.5351814 Vali Loss: 0.3830441
Validation loss decreased (inf --> 0.383044).  Saving model ...
Updating learning rate to 0.0005
Epoch: 2 cost time: 0.41326117515563965
Epoch: 2, Steps/rank: 61 | Train Loss: 0.4070236 Vali Loss: 0.3294852
Validation loss decreased (0.383044 --> 0.329485).  Saving model ...
Updating learning rate to 0.000475
Epoch: 3 cost time: 0.4144620895385742
Epoch: 3, Steps/rank: 61 | Train Loss: 0.3451978 Vali Loss: 0.3128958
Validation loss decreased (0.329485 --> 0.312896).  Saving model ...
Updating learning rate to 0.00045125
Epoch: 4 cost time: 0.4102785587310791
Epoch: 4, Steps/rank: 61 | Train Loss: 0.3080031 Vali Loss: 0.3069671
Validation loss decreased (0.312896 --> 0.306967).  Saving model ...
Updating learning rate to 0.0004286875
Epoch: 5 cost time: 0.41782307624816895
Epoch: 5, Steps/rank: 61 | Train Loss: 0.2812684 Vali Loss: 0.3038930
Validation loss decreased (0.306967 --> 0.303893).  Saving model ...
Updating learning rate to 0.00040725312499999993
Epoch: 6 cost time: 0.42170143127441406
Epoch: 6, Steps/rank: 61 | Train Loss: 0.2611237 Vali Loss: 0.3014530
Validation loss decreased (0.303893 --> 0.301453).  Saving model ...
Updating learning rate to 0.0003868904687499999
Epoch: 7 cost time: 0.42128610610961914
Epoch: 7, Steps/rank: 61 | Train Loss: 0.2442854 Vali Loss: 0.2992257
Validation loss decreased (0.301453 --> 0.299226).  Saving model ...
Updating learning rate to 0.00036754594531249993
Epoch: 8 cost time: 0.4311389923095703
Epoch: 8, Steps/rank: 61 | Train Loss: 0.2294879 Vali Loss: 0.2970631
Validation loss decreased (0.299226 --> 0.297063).  Saving model ...
Updating learning rate to 0.00034916864804687486
Epoch: 9 cost time: 0.44433069229125977
Epoch: 9, Steps/rank: 61 | Train Loss: 0.2169620 Vali Loss: 0.2946619
Validation loss decreased (0.297063 --> 0.294662).  Saving model ...
Updating learning rate to 0.00033171021564453113
Epoch: 10 cost time: 0.42971110343933105
Epoch: 10, Steps/rank: 61 | Train Loss: 0.2059989 Vali Loss: 0.2919480
Validation loss decreased (0.294662 --> 0.291948).  Saving model ...
Updating learning rate to 0.00031512470486230455
Epoch: 11 cost time: 0.42505788803100586
Epoch: 11, Steps/rank: 61 | Train Loss: 0.1961846 Vali Loss: 0.2894462
Validation loss decreased (0.291948 --> 0.289446).  Saving model ...
Updating learning rate to 0.00029936846961918935
Epoch: 12 cost time: 0.4192931652069092
Epoch: 12, Steps/rank: 61 | Train Loss: 0.1878086 Vali Loss: 0.2869818
Validation loss decreased (0.289446 --> 0.286982).  Saving model ...
Updating learning rate to 0.0002844000461382298
Epoch: 13 cost time: 0.4195377826690674
Epoch: 13, Steps/rank: 61 | Train Loss: 0.1799290 Vali Loss: 0.2845504
Validation loss decreased (0.286982 --> 0.284550).  Saving model ...
Updating learning rate to 0.0002701800438313183
Epoch: 14 cost time: 0.4114339351654053
Epoch: 14, Steps/rank: 61 | Train Loss: 0.1729080 Vali Loss: 0.2823428
Validation loss decreased (0.284550 --> 0.282343).  Saving model ...
Updating learning rate to 0.0002566710416397524
Epoch: 15 cost time: 0.4155280590057373
Epoch: 15, Steps/rank: 61 | Train Loss: 0.1666072 Vali Loss: 0.2801329
Validation loss decreased (0.282343 --> 0.280133).  Saving model ...
Updating learning rate to 0.00024383748955776477
Epoch: 16 cost time: 0.41335272789001465
Epoch: 16, Steps/rank: 61 | Train Loss: 0.1606970 Vali Loss: 0.2776166
Validation loss decreased (0.280133 --> 0.277617).  Saving model ...
Updating learning rate to 0.0002316456150798765
Epoch: 17 cost time: 0.4079434871673584
Epoch: 17, Steps/rank: 61 | Train Loss: 0.1556827 Vali Loss: 0.2759812
Validation loss decreased (0.277617 --> 0.275981).  Saving model ...
Updating learning rate to 0.00022006333432588268
Epoch: 18 cost time: 0.41484832763671875
Epoch: 18, Steps/rank: 61 | Train Loss: 0.1508860 Vali Loss: 0.2740713
Validation loss decreased (0.275981 --> 0.274071).  Saving model ...
Updating learning rate to 0.00020906016760958854
Epoch: 19 cost time: 0.4177732467651367
Epoch: 19, Steps/rank: 61 | Train Loss: 0.1466065 Vali Loss: 0.2722829
Validation loss decreased (0.274071 --> 0.272283).  Saving model ...
Updating learning rate to 0.0001986071592291091
Epoch: 20 cost time: 0.4155910015106201
Epoch: 20, Steps/rank: 61 | Train Loss: 0.1426391 Vali Loss: 0.2708480
Validation loss decreased (0.272283 --> 0.270848).  Saving model ...
Updating learning rate to 0.00018867680126765363
Epoch: 21 cost time: 0.4233832359313965
Epoch: 21, Steps/rank: 61 | Train Loss: 0.1389021 Vali Loss: 0.2689913
Validation loss decreased (0.270848 --> 0.268991).  Saving model ...
Updating learning rate to 0.00017924296120427094
Epoch: 22 cost time: 0.4212512969970703
Epoch: 22, Steps/rank: 61 | Train Loss: 0.1355655 Vali Loss: 0.2676341
Validation loss decreased (0.268991 --> 0.267634).  Saving model ...
Updating learning rate to 0.0001702808131440574
Epoch: 23 cost time: 0.4283299446105957
Epoch: 23, Steps/rank: 61 | Train Loss: 0.1324019 Vali Loss: 0.2662420
Validation loss decreased (0.267634 --> 0.266242).  Saving model ...
Updating learning rate to 0.0001617667724868545
Epoch: 24 cost time: 0.4284956455230713
Epoch: 24, Steps/rank: 61 | Train Loss: 0.1295658 Vali Loss: 0.2647887
Validation loss decreased (0.266242 --> 0.264789).  Saving model ...
Updating learning rate to 0.00015367843386251178
Epoch: 25 cost time: 0.41945719718933105
Epoch: 25, Steps/rank: 61 | Train Loss: 0.1270675 Vali Loss: 0.2637739
Validation loss decreased (0.264789 --> 0.263774).  Saving model ...
Updating learning rate to 0.0001459945121693862
Epoch: 26 cost time: 0.42769455909729004
Epoch: 26, Steps/rank: 61 | Train Loss: 0.1245977 Vali Loss: 0.2625625
Validation loss decreased (0.263774 --> 0.262563).  Saving model ...
Updating learning rate to 0.00013869478656091687
Epoch: 27 cost time: 0.4310140609741211
Epoch: 27, Steps/rank: 61 | Train Loss: 0.1223297 Vali Loss: 0.2614874
Validation loss decreased (0.262563 --> 0.261487).  Saving model ...
Updating learning rate to 0.00013176004723287101
Epoch: 28 cost time: 0.42598819732666016
Epoch: 28, Steps/rank: 61 | Train Loss: 0.1202771 Vali Loss: 0.2603321
Validation loss decreased (0.261487 --> 0.260332).  Saving model ...
Updating learning rate to 0.00012517204487122748
Epoch: 29 cost time: 0.42893552780151367
Epoch: 29, Steps/rank: 61 | Train Loss: 0.1183963 Vali Loss: 0.2594649
Validation loss decreased (0.260332 --> 0.259465).  Saving model ...
Updating learning rate to 0.00011891344262766608
Epoch: 30 cost time: 0.4329850673675537
Epoch: 30, Steps/rank: 61 | Train Loss: 0.1165204 Vali Loss: 0.2585738
Validation loss decreased (0.259465 --> 0.258574).  Saving model ...
Updating learning rate to 0.00011296777049628277
Epoch: 31 cost time: 0.4327843189239502
Epoch: 31, Steps/rank: 61 | Train Loss: 0.1149036 Vali Loss: 0.2577496
Validation loss decreased (0.258574 --> 0.257750).  Saving model ...
Updating learning rate to 0.00010731938197146864
Epoch: 32 cost time: 0.4126262664794922
Epoch: 32, Steps/rank: 61 | Train Loss: 0.1132519 Vali Loss: 0.2570085
Validation loss decreased (0.257750 --> 0.257009).  Saving model ...
Updating learning rate to 0.00010195341287289519
Epoch: 33 cost time: 0.429673433303833
Epoch: 33, Steps/rank: 61 | Train Loss: 0.1117258 Vali Loss: 0.2561539
Validation loss decreased (0.257009 --> 0.256154).  Saving model ...
Updating learning rate to 9.685574222925044e-05
Epoch: 34 cost time: 0.4277658462524414
Epoch: 34, Steps/rank: 61 | Train Loss: 0.1104010 Vali Loss: 0.2555373
Validation loss decreased (0.256154 --> 0.255537).  Saving model ...
Updating learning rate to 9.201295511778792e-05
Epoch: 35 cost time: 0.42545175552368164
Epoch: 35, Steps/rank: 61 | Train Loss: 0.1091878 Vali Loss: 0.2548638
Validation loss decreased (0.255537 --> 0.254864).  Saving model ...
Updating learning rate to 8.74123073618985e-05
Epoch: 36 cost time: 0.4046967029571533
Epoch: 36, Steps/rank: 61 | Train Loss: 0.1080525 Vali Loss: 0.2541786
Validation loss decreased (0.254864 --> 0.254179).  Saving model ...
Updating learning rate to 8.304169199380359e-05
Epoch: 37 cost time: 0.37339210510253906
Epoch: 37, Steps/rank: 61 | Train Loss: 0.1066209 Vali Loss: 0.2536584
Validation loss decreased (0.254179 --> 0.253658).  Saving model ...
Updating learning rate to 7.88896073941134e-05
Epoch: 38 cost time: 0.4116814136505127
Epoch: 38, Steps/rank: 61 | Train Loss: 0.1058256 Vali Loss: 0.2530165
Validation loss decreased (0.253658 --> 0.253016).  Saving model ...
Updating learning rate to 7.494512702440772e-05
Epoch: 39 cost time: 0.42475295066833496
Epoch: 39, Steps/rank: 61 | Train Loss: 0.1048339 Vali Loss: 0.2525097
Validation loss decreased (0.253016 --> 0.252510).  Saving model ...
Updating learning rate to 7.119787067318733e-05
Epoch: 40 cost time: 0.42411088943481445
Epoch: 40, Steps/rank: 61 | Train Loss: 0.1039568 Vali Loss: 0.2519367
Validation loss decreased (0.252510 --> 0.251937).  Saving model ...
Updating learning rate to 6.763797713952796e-05
Epoch: 41 cost time: 0.42142176628112793
Epoch: 41, Steps/rank: 61 | Train Loss: 0.1028609 Vali Loss: 0.2514715
Validation loss decreased (0.251937 --> 0.251471).  Saving model ...
Updating learning rate to 6.425607828255156e-05
Epoch: 42 cost time: 0.424558162689209
Epoch: 42, Steps/rank: 61 | Train Loss: 0.1022211 Vali Loss: 0.2509638
Validation loss decreased (0.251471 --> 0.250964).  Saving model ...
Updating learning rate to 6.104327436842398e-05
Epoch: 43 cost time: 0.4391746520996094
Epoch: 43, Steps/rank: 61 | Train Loss: 0.1013630 Vali Loss: 0.2506159
Validation loss decreased (0.250964 --> 0.250616).  Saving model ...
Updating learning rate to 5.799111065000278e-05
Epoch: 44 cost time: 0.432889461517334
Epoch: 44, Steps/rank: 61 | Train Loss: 0.1007703 Vali Loss: 0.2502552
Validation loss decreased (0.250616 --> 0.250255).  Saving model ...
Updating learning rate to 5.509155511750264e-05
Epoch: 45 cost time: 0.4424896240234375
Epoch: 45, Steps/rank: 61 | Train Loss: 0.0999877 Vali Loss: 0.2497714
Validation loss decreased (0.250255 --> 0.249771).  Saving model ...
Updating learning rate to 5.2336977361627504e-05
Epoch: 46 cost time: 0.44206905364990234
Epoch: 46, Steps/rank: 61 | Train Loss: 0.0993199 Vali Loss: 0.2494099
Validation loss decreased (0.249771 --> 0.249410).  Saving model ...
Updating learning rate to 4.9720128493546124e-05
Epoch: 47 cost time: 0.4401204586029053
Epoch: 47, Steps/rank: 61 | Train Loss: 0.0988019 Vali Loss: 0.2490839
Validation loss decreased (0.249410 --> 0.249084).  Saving model ...
Updating learning rate to 4.7234122068868816e-05
Epoch: 48 cost time: 0.44284582138061523
Epoch: 48, Steps/rank: 61 | Train Loss: 0.0981808 Vali Loss: 0.2487975
Validation loss decreased (0.249084 --> 0.248797).  Saving model ...
Updating learning rate to 4.487241596542538e-05
Epoch: 49 cost time: 0.4402179718017578
Epoch: 49, Steps/rank: 61 | Train Loss: 0.0976637 Vali Loss: 0.2484471
Validation loss decreased (0.248797 --> 0.248447).  Saving model ...
Updating learning rate to 4.26287951671541e-05
Epoch: 50 cost time: 0.43149900436401367
Epoch: 50, Steps/rank: 61 | Train Loss: 0.0971694 Vali Loss: 0.2482608
Validation loss decreased (0.248447 --> 0.248261).  Saving model ...
Updating learning rate to 4.0497355408796396e-05
Epoch: 51 cost time: 0.43851494789123535
Epoch: 51, Steps/rank: 61 | Train Loss: 0.0966575 Vali Loss: 0.2479359
Validation loss decreased (0.248261 --> 0.247936).  Saving model ...
Updating learning rate to 3.8472487638356575e-05
Epoch: 52 cost time: 0.4320979118347168
Epoch: 52, Steps/rank: 61 | Train Loss: 0.0961714 Vali Loss: 0.2476808
Validation loss decreased (0.247936 --> 0.247681).  Saving model ...
Updating learning rate to 3.654886325643875e-05
Epoch: 53 cost time: 0.43923139572143555
Epoch: 53, Steps/rank: 61 | Train Loss: 0.0955596 Vali Loss: 0.2473877
Validation loss decreased (0.247681 --> 0.247388).  Saving model ...
Updating learning rate to 3.47214200936168e-05
Epoch: 54 cost time: 0.4383869171142578
Epoch: 54, Steps/rank: 61 | Train Loss: 0.0953637 Vali Loss: 0.2471515
Validation loss decreased (0.247388 --> 0.247152).  Saving model ...
Updating learning rate to 3.298534908893597e-05
Epoch: 55 cost time: 0.43839192390441895
Epoch: 55, Steps/rank: 61 | Train Loss: 0.0948981 Vali Loss: 0.2469303
Validation loss decreased (0.247152 --> 0.246930).  Saving model ...
Updating learning rate to 3.1336081634489166e-05
Epoch: 56 cost time: 0.43897247314453125
Epoch: 56, Steps/rank: 61 | Train Loss: 0.0944793 Vali Loss: 0.2467827
Validation loss decreased (0.246930 --> 0.246783).  Saving model ...
Updating learning rate to 2.9769277552764706e-05
Epoch: 57 cost time: 0.44297051429748535
Epoch: 57, Steps/rank: 61 | Train Loss: 0.0942155 Vali Loss: 0.2465321
Validation loss decreased (0.246783 --> 0.246532).  Saving model ...
Updating learning rate to 2.8280813675126466e-05
Epoch: 58 cost time: 0.435713529586792
Epoch: 58, Steps/rank: 61 | Train Loss: 0.0938541 Vali Loss: 0.2462692
Validation loss decreased (0.246532 --> 0.246269).  Saving model ...
Updating learning rate to 2.6866772991370145e-05
Epoch: 59 cost time: 0.4355897903442383
Epoch: 59, Steps/rank: 61 | Train Loss: 0.0935462 Vali Loss: 0.2461199
Validation loss decreased (0.246269 --> 0.246120).  Saving model ...
Updating learning rate to 2.5523434341801633e-05
Epoch: 60 cost time: 0.42822766304016113
Epoch: 60, Steps/rank: 61 | Train Loss: 0.0932432 Vali Loss: 0.2459833
Validation loss decreased (0.246120 --> 0.245983).  Saving model ...
Updating learning rate to 2.4247262624711552e-05
Epoch: 61 cost time: 0.42059969902038574
Epoch: 61, Steps/rank: 61 | Train Loss: 0.0927740 Vali Loss: 0.2458252
Validation loss decreased (0.245983 --> 0.245825).  Saving model ...
Updating learning rate to 2.3034899493475973e-05
Epoch: 62 cost time: 0.415341854095459
Epoch: 62, Steps/rank: 61 | Train Loss: 0.0927116 Vali Loss: 0.2456205
Validation loss decreased (0.245825 --> 0.245620).  Saving model ...
Updating learning rate to 2.1883154518802173e-05
Epoch: 63 cost time: 0.420884370803833
Epoch: 63, Steps/rank: 61 | Train Loss: 0.0924813 Vali Loss: 0.2454993
Validation loss decreased (0.245620 --> 0.245499).  Saving model ...
Updating learning rate to 2.0788996792862066e-05
Epoch: 64 cost time: 0.41002535820007324
Epoch: 64, Steps/rank: 61 | Train Loss: 0.0921866 Vali Loss: 0.2453576
Validation loss decreased (0.245499 --> 0.245358).  Saving model ...
Updating learning rate to 1.974954695321896e-05
Epoch: 65 cost time: 0.41225576400756836
Epoch: 65, Steps/rank: 61 | Train Loss: 0.0919209 Vali Loss: 0.2452087
Validation loss decreased (0.245358 --> 0.245209).  Saving model ...
Updating learning rate to 1.876206960555801e-05
Epoch: 66 cost time: 0.41469883918762207
Epoch: 66, Steps/rank: 61 | Train Loss: 0.0917509 Vali Loss: 0.2450828
Validation loss decreased (0.245209 --> 0.245083).  Saving model ...
Updating learning rate to 1.782396612528011e-05
Epoch: 67 cost time: 0.4291653633117676
Epoch: 67, Steps/rank: 61 | Train Loss: 0.0915042 Vali Loss: 0.2449755
Validation loss decreased (0.245083 --> 0.244976).  Saving model ...
Updating learning rate to 1.6932767819016104e-05
Epoch: 68 cost time: 0.42882275581359863
Epoch: 68, Steps/rank: 61 | Train Loss: 0.0913284 Vali Loss: 0.2448357
Validation loss decreased (0.244976 --> 0.244836).  Saving model ...
Updating learning rate to 1.6086129428065296e-05
Epoch: 69 cost time: 0.4261343479156494
Epoch: 69, Steps/rank: 61 | Train Loss: 0.0911463 Vali Loss: 0.2447296
Validation loss decreased (0.244836 --> 0.244730).  Saving model ...
Updating learning rate to 1.5281822956662033e-05
Epoch: 70 cost time: 0.4279959201812744
Epoch: 70, Steps/rank: 61 | Train Loss: 0.0909783 Vali Loss: 0.2446261
Validation loss decreased (0.244730 --> 0.244626).  Saving model ...
Updating learning rate to 1.451773180882893e-05
Epoch: 71 cost time: 0.4335289001464844
Epoch: 71, Steps/rank: 61 | Train Loss: 0.0908057 Vali Loss: 0.2445280
Validation loss decreased (0.244626 --> 0.244528).  Saving model ...
Updating learning rate to 1.3791845218387483e-05
Epoch: 72 cost time: 0.43451857566833496
Epoch: 72, Steps/rank: 61 | Train Loss: 0.0905996 Vali Loss: 0.2444400
Validation loss decreased (0.244528 --> 0.244440).  Saving model ...
Updating learning rate to 1.3102252957468109e-05
Epoch: 73 cost time: 0.42595362663269043
Epoch: 73, Steps/rank: 61 | Train Loss: 0.0905245 Vali Loss: 0.2443358
Validation loss decreased (0.244440 --> 0.244336).  Saving model ...
Updating learning rate to 1.2447140309594702e-05
Epoch: 74 cost time: 0.4268460273742676
Epoch: 74, Steps/rank: 61 | Train Loss: 0.0902768 Vali Loss: 0.2442747
Validation loss decreased (0.244336 --> 0.244275).  Saving model ...
Updating learning rate to 1.1824783294114967e-05
Epoch: 75 cost time: 0.4258091449737549
Epoch: 75, Steps/rank: 61 | Train Loss: 0.0901466 Vali Loss: 0.2441861
Validation loss decreased (0.244275 --> 0.244186).  Saving model ...
Updating learning rate to 1.1233544129409218e-05
Epoch: 76 cost time: 0.4312472343444824
Epoch: 76, Steps/rank: 61 | Train Loss: 0.0900818 Vali Loss: 0.2441017
Validation loss decreased (0.244186 --> 0.244102).  Saving model ...
Updating learning rate to 1.0671866922938755e-05
Epoch: 77 cost time: 0.4297635555267334
Epoch: 77, Steps/rank: 61 | Train Loss: 0.0899588 Vali Loss: 0.2440473
Validation loss decreased (0.244102 --> 0.244047).  Saving model ...
Updating learning rate to 1.0138273576791817e-05
Epoch: 78 cost time: 0.4450700283050537
Epoch: 78, Steps/rank: 61 | Train Loss: 0.0897730 Vali Loss: 0.2439743
Validation loss decreased (0.244047 --> 0.243974).  Saving model ...
Updating learning rate to 9.631359897952226e-06
Epoch: 79 cost time: 0.4290180206298828
Epoch: 79, Steps/rank: 61 | Train Loss: 0.0897162 Vali Loss: 0.2439067
Validation loss decreased (0.243974 --> 0.243907).  Saving model ...
Updating learning rate to 9.149791903054614e-06
Epoch: 80 cost time: 0.42977261543273926
Epoch: 80, Steps/rank: 61 | Train Loss: 0.0895790 Vali Loss: 0.2438300
Validation loss decreased (0.243907 --> 0.243830).  Saving model ...
Updating learning rate to 8.692302307901884e-06
Epoch: 81 cost time: 0.443570613861084
Epoch: 81, Steps/rank: 61 | Train Loss: 0.0895449 Vali Loss: 0.2437794
Validation loss decreased (0.243830 --> 0.243779).  Saving model ...
Updating learning rate to 8.25768719250679e-06
Epoch: 82 cost time: 0.4446983337402344
Epoch: 82, Steps/rank: 61 | Train Loss: 0.0893817 Vali Loss: 0.2437300
Validation loss decreased (0.243779 --> 0.243730).  Saving model ...
Updating learning rate to 7.84480283288145e-06
Epoch: 83 cost time: 0.44971466064453125
Epoch: 83, Steps/rank: 61 | Train Loss: 0.0892857 Vali Loss: 0.2436633
Validation loss decreased (0.243730 --> 0.243663).  Saving model ...
Updating learning rate to 7.452562691237377e-06
Epoch: 84 cost time: 0.46013426780700684
Epoch: 84, Steps/rank: 61 | Train Loss: 0.0892469 Vali Loss: 0.2436061
Validation loss decreased (0.243663 --> 0.243606).  Saving model ...
Updating learning rate to 7.079934556675507e-06
Epoch: 85 cost time: 0.4386594295501709
Epoch: 85, Steps/rank: 61 | Train Loss: 0.0891509 Vali Loss: 0.2435627
Validation loss decreased (0.243606 --> 0.243563).  Saving model ...
Updating learning rate to 6.725937828841732e-06
Epoch: 86 cost time: 0.43543505668640137
Epoch: 86, Steps/rank: 61 | Train Loss: 0.0888772 Vali Loss: 0.2435119
Validation loss decreased (0.243563 --> 0.243512).  Saving model ...
Updating learning rate to 6.389640937399644e-06
Epoch: 87 cost time: 0.435652494430542
Epoch: 87, Steps/rank: 61 | Train Loss: 0.0889311 Vali Loss: 0.2434754
Validation loss decreased (0.243512 --> 0.243475).  Saving model ...
Updating learning rate to 6.070158890529662e-06
Epoch: 88 cost time: 0.4457969665527344
Epoch: 88, Steps/rank: 61 | Train Loss: 0.0889269 Vali Loss: 0.2434280
Validation loss decreased (0.243475 --> 0.243428).  Saving model ...
Updating learning rate to 5.766650946003179e-06
Epoch: 89 cost time: 0.4616672992706299
Epoch: 89, Steps/rank: 61 | Train Loss: 0.0888735 Vali Loss: 0.2433802
Validation loss decreased (0.243428 --> 0.243380).  Saving model ...
Updating learning rate to 5.47831839870302e-06
Epoch: 90 cost time: 0.4505476951599121
Epoch: 90, Steps/rank: 61 | Train Loss: 0.0887277 Vali Loss: 0.2433557
Validation loss decreased (0.243380 --> 0.243356).  Saving model ...
Updating learning rate to 5.204402478767869e-06
Epoch: 91 cost time: 0.46288061141967773
Epoch: 91, Steps/rank: 61 | Train Loss: 0.0887383 Vali Loss: 0.2433150
Validation loss decreased (0.243356 --> 0.243315).  Saving model ...
Updating learning rate to 4.944182354829475e-06
Epoch: 92 cost time: 0.44839000701904297
Epoch: 92, Steps/rank: 61 | Train Loss: 0.0885938 Vali Loss: 0.2432747
Validation loss decreased (0.243315 --> 0.243275).  Saving model ...
Updating learning rate to 4.696973237088e-06
Epoch: 93 cost time: 0.45067739486694336
Epoch: 93, Steps/rank: 61 | Train Loss: 0.0886019 Vali Loss: 0.2432405
Validation loss decreased (0.243275 --> 0.243241).  Saving model ...
Updating learning rate to 4.462124575233601e-06
Epoch: 94 cost time: 0.4542362689971924
Epoch: 94, Steps/rank: 61 | Train Loss: 0.0884832 Vali Loss: 0.2432088
Validation loss decreased (0.243241 --> 0.243209).  Saving model ...
Updating learning rate to 4.239018346471921e-06
Epoch: 95 cost time: 0.45275354385375977
Epoch: 95, Steps/rank: 61 | Train Loss: 0.0884293 Vali Loss: 0.2431840
Validation loss decreased (0.243209 --> 0.243184).  Saving model ...
Updating learning rate to 4.027067429148324e-06
Epoch: 96 cost time: 0.4534304141998291
Epoch: 96, Steps/rank: 61 | Train Loss: 0.0884596 Vali Loss: 0.2431562
Validation loss decreased (0.243184 --> 0.243156).  Saving model ...
Updating learning rate to 3.825714057690908e-06
Epoch: 97 cost time: 0.44884443283081055
Epoch: 97, Steps/rank: 61 | Train Loss: 0.0883754 Vali Loss: 0.2431295
Validation loss decreased (0.243156 --> 0.243129).  Saving model ...
Updating learning rate to 3.6344283548063623e-06
Epoch: 98 cost time: 0.45087718963623047
Epoch: 98, Steps/rank: 61 | Train Loss: 0.0883322 Vali Loss: 0.2431000
Validation loss decreased (0.243129 --> 0.243100).  Saving model ...
Updating learning rate to 3.452706937066044e-06
Epoch: 99 cost time: 0.4502990245819092
Epoch: 99, Steps/rank: 61 | Train Loss: 0.0882067 Vali Loss: 0.2430823
Validation loss decreased (0.243100 --> 0.243082).  Saving model ...
Updating learning rate to 3.2800715902127414e-06
Epoch: 100 cost time: 0.4519920349121094
Epoch: 100, Steps/rank: 61 | Train Loss: 0.0882488 Vali Loss: 0.2430498
Validation loss decreased (0.243082 --> 0.243050).  Saving model ...
Updating learning rate to 3.1160680107021042e-06
train 7825
val 2785
Model(
  (freq_upsampler): Linear(in_features=196, out_features=222, bias=True)
)
Trainable parameters:  43734
!!!!!!!!!!!!!!learning rate!!!!!!!!!!!!!!!
0.0005
Epoch: 1 cost time: 0.4649007320404053
Epoch: 1, Steps/rank: 61 | Train Loss: 0.4202950 Vali Loss: 0.2221701
Validation loss decreased (inf --> 0.222170).  Saving model ...
Updating learning rate to 0.0005
Epoch: 2 cost time: 0.4559643268585205
Epoch: 2, Steps/rank: 61 | Train Loss: 0.4102263 Vali Loss: 0.2195241
Validation loss decreased (0.222170 --> 0.219524).  Saving model ...
Updating learning rate to 0.000475
Epoch: 3 cost time: 0.45915961265563965
Epoch: 3, Steps/rank: 61 | Train Loss: 0.4066033 Vali Loss: 0.2171743
Validation loss decreased (0.219524 --> 0.217174).  Saving model ...
Updating learning rate to 0.00045125
Epoch: 4 cost time: 0.4590795040130615
Epoch: 4, Steps/rank: 61 | Train Loss: 0.4048905 Vali Loss: 0.2158679
Validation loss decreased (0.217174 --> 0.215868).  Saving model ...
Updating learning rate to 0.0004286875
Epoch: 5 cost time: 0.44933295249938965
Epoch: 5, Steps/rank: 61 | Train Loss: 0.4038358 Vali Loss: 0.2154593
Validation loss decreased (0.215868 --> 0.215459).  Saving model ...
Updating learning rate to 0.00040725312499999993
Epoch: 6 cost time: 0.4607400894165039
Epoch: 6, Steps/rank: 61 | Train Loss: 0.4024168 Vali Loss: 0.2136562
Validation loss decreased (0.215459 --> 0.213656).  Saving model ...
Updating learning rate to 0.0003868904687499999
Epoch: 7 cost time: 0.4509146213531494
Epoch: 7, Steps/rank: 61 | Train Loss: 0.4025931 Vali Loss: 0.2145448
EarlyStopping counter: 1 out of 20
Updating learning rate to 0.00036754594531249993
Epoch: 8 cost time: 0.4517686367034912
Epoch: 8, Steps/rank: 61 | Train Loss: 0.4015897 Vali Loss: 0.2131479
Validation loss decreased (0.213656 --> 0.213148).  Saving model ...
Updating learning rate to 0.00034916864804687486
Epoch: 9 cost time: 0.4601156711578369
Epoch: 9, Steps/rank: 61 | Train Loss: 0.4014144 Vali Loss: 0.2133081
EarlyStopping counter: 1 out of 20
Updating learning rate to 0.00033171021564453113
Epoch: 10 cost time: 0.46207594871520996
Epoch: 10, Steps/rank: 61 | Train Loss: 0.4001547 Vali Loss: 0.2135762
EarlyStopping counter: 2 out of 20
Updating learning rate to 0.00031512470486230455
Epoch: 11 cost time: 0.45902347564697266
Epoch: 11, Steps/rank: 61 | Train Loss: 0.4006189 Vali Loss: 0.2136140
EarlyStopping counter: 3 out of 20
Updating learning rate to 0.00029936846961918935
Epoch: 12 cost time: 0.454667329788208
Epoch: 12, Steps/rank: 61 | Train Loss: 0.4002233 Vali Loss: 0.2131069
Validation loss decreased (0.213148 --> 0.213107).  Saving model ...
Updating learning rate to 0.0002844000461382298
Epoch: 13 cost time: 0.4714944362640381
Epoch: 13, Steps/rank: 61 | Train Loss: 0.3991972 Vali Loss: 0.2129588
Validation loss decreased (0.213107 --> 0.212959).  Saving model ...
Updating learning rate to 0.0002701800438313183
Epoch: 14 cost time: 0.47153759002685547
Epoch: 14, Steps/rank: 61 | Train Loss: 0.4000532 Vali Loss: 0.2126518
Validation loss decreased (0.212959 --> 0.212652).  Saving model ...
Updating learning rate to 0.0002566710416397524
Epoch: 15 cost time: 0.4731111526489258
Epoch: 15, Steps/rank: 61 | Train Loss: 0.3997774 Vali Loss: 0.2130246
EarlyStopping counter: 1 out of 20
Updating learning rate to 0.00024383748955776477
Epoch: 16 cost time: 0.46526098251342773
Epoch: 16, Steps/rank: 61 | Train Loss: 0.3995725 Vali Loss: 0.2127698
EarlyStopping counter: 2 out of 20
Updating learning rate to 0.0002316456150798765
Epoch: 17 cost time: 0.4435150623321533
Epoch: 17, Steps/rank: 61 | Train Loss: 0.3991897 Vali Loss: 0.2124500
Validation loss decreased (0.212652 --> 0.212450).  Saving model ...
Updating learning rate to 0.00022006333432588268
Epoch: 18 cost time: 0.4556889533996582
Epoch: 18, Steps/rank: 61 | Train Loss: 0.3992329 Vali Loss: 0.2121267
Validation loss decreased (0.212450 --> 0.212127).  Saving model ...
Updating learning rate to 0.00020906016760958854
Epoch: 19 cost time: 0.45816612243652344
Epoch: 19, Steps/rank: 61 | Train Loss: 0.3993172 Vali Loss: 0.2122243
EarlyStopping counter: 1 out of 20
Updating learning rate to 0.0001986071592291091
Epoch: 20 cost time: 0.452289342880249
Epoch: 20, Steps/rank: 61 | Train Loss: 0.3990151 Vali Loss: 0.2118414
Validation loss decreased (0.212127 --> 0.211841).  Saving model ...
Updating learning rate to 0.00018867680126765363
Epoch: 21 cost time: 0.46152687072753906
Epoch: 21, Steps/rank: 61 | Train Loss: 0.3978314 Vali Loss: 0.2117045
Validation loss decreased (0.211841 --> 0.211705).  Saving model ...
Updating learning rate to 0.00017924296120427094
Epoch: 22 cost time: 0.4609990119934082
Epoch: 22, Steps/rank: 61 | Train Loss: 0.3985931 Vali Loss: 0.2124109
EarlyStopping counter: 1 out of 20
Updating learning rate to 0.0001702808131440574
Epoch: 23 cost time: 0.45377469062805176
Epoch: 23, Steps/rank: 61 | Train Loss: 0.3983634 Vali Loss: 0.2119587
EarlyStopping counter: 2 out of 20
Updating learning rate to 0.0001617667724868545
Epoch: 24 cost time: 0.45185065269470215
Epoch: 24, Steps/rank: 61 | Train Loss: 0.3984346 Vali Loss: 0.2122318
EarlyStopping counter: 3 out of 20
Updating learning rate to 0.00015367843386251178
Epoch: 25 cost time: 0.4573643207550049
Epoch: 25, Steps/rank: 61 | Train Loss: 0.3984474 Vali Loss: 0.2121079
EarlyStopping counter: 4 out of 20
Updating learning rate to 0.0001459945121693862
Epoch: 26 cost time: 0.45337939262390137
Epoch: 26, Steps/rank: 61 | Train Loss: 0.3978683 Vali Loss: 0.2118874
EarlyStopping counter: 5 out of 20
Updating learning rate to 0.00013869478656091687
Epoch: 27 cost time: 0.4480278491973877
Epoch: 27, Steps/rank: 61 | Train Loss: 0.3982658 Vali Loss: 0.2119452
EarlyStopping counter: 6 out of 20
Updating learning rate to 0.00013176004723287101
Epoch: 28 cost time: 0.44442009925842285
Epoch: 28, Steps/rank: 61 | Train Loss: 0.3982603 Vali Loss: 0.2118299
EarlyStopping counter: 7 out of 20
Updating learning rate to 0.00012517204487122748
Epoch: 29 cost time: 0.44792675971984863
Epoch: 29, Steps/rank: 61 | Train Loss: 0.3978593 Vali Loss: 0.2116624
Validation loss decreased (0.211705 --> 0.211662).  Saving model ...
Updating learning rate to 0.00011891344262766608
Epoch: 30 cost time: 0.4574716091156006
Epoch: 30, Steps/rank: 61 | Train Loss: 0.3980609 Vali Loss: 0.2119364
EarlyStopping counter: 1 out of 20
Updating learning rate to 0.00011296777049628277
Epoch: 31 cost time: 0.4518303871154785
Epoch: 31, Steps/rank: 61 | Train Loss: 0.3981478 Vali Loss: 0.2118727
EarlyStopping counter: 2 out of 20
Updating learning rate to 0.00010731938197146864
Epoch: 32 cost time: 0.4612843990325928
Epoch: 32, Steps/rank: 61 | Train Loss: 0.3981333 Vali Loss: 0.2115635
Validation loss decreased (0.211662 --> 0.211564).  Saving model ...
Updating learning rate to 0.00010195341287289519
Epoch: 33 cost time: 0.457444429397583
Epoch: 33, Steps/rank: 61 | Train Loss: 0.3977946 Vali Loss: 0.2115427
Validation loss decreased (0.211564 --> 0.211543).  Saving model ...
Updating learning rate to 9.685574222925044e-05
Epoch: 34 cost time: 0.4562649726867676
Epoch: 34, Steps/rank: 61 | Train Loss: 0.3978509 Vali Loss: 0.2115002
Validation loss decreased (0.211543 --> 0.211500).  Saving model ...
Updating learning rate to 9.201295511778792e-05
Epoch: 35 cost time: 0.4594273567199707
Epoch: 35, Steps/rank: 61 | Train Loss: 0.3969255 Vali Loss: 0.2117848
EarlyStopping counter: 1 out of 20
Updating learning rate to 8.74123073618985e-05
Epoch: 36 cost time: 0.4624145030975342
Epoch: 36, Steps/rank: 61 | Train Loss: 0.3967460 Vali Loss: 0.2116083
EarlyStopping counter: 2 out of 20
Updating learning rate to 8.304169199380359e-05
Epoch: 37 cost time: 0.472611665725708
Epoch: 37, Steps/rank: 61 | Train Loss: 0.3977389 Vali Loss: 0.2114856
Validation loss decreased (0.211500 --> 0.211486).  Saving model ...
Updating learning rate to 7.88896073941134e-05
Epoch: 38 cost time: 0.4698364734649658
Epoch: 38, Steps/rank: 61 | Train Loss: 0.3973378 Vali Loss: 0.2116166
EarlyStopping counter: 1 out of 20
Updating learning rate to 7.494512702440772e-05
Epoch: 39 cost time: 0.45183324813842773
Epoch: 39, Steps/rank: 61 | Train Loss: 0.3978123 Vali Loss: 0.2116174
EarlyStopping counter: 2 out of 20
Updating learning rate to 7.119787067318733e-05
Epoch: 40 cost time: 0.44697070121765137
Epoch: 40, Steps/rank: 61 | Train Loss: 0.3977131 Vali Loss: 0.2116100
EarlyStopping counter: 3 out of 20
Updating learning rate to 6.763797713952796e-05
Epoch: 41 cost time: 0.4793388843536377
Epoch: 41, Steps/rank: 61 | Train Loss: 0.3974915 Vali Loss: 0.2114870
EarlyStopping counter: 4 out of 20
Updating learning rate to 6.425607828255156e-05
Epoch: 42 cost time: 0.4421522617340088
Epoch: 42, Steps/rank: 61 | Train Loss: 0.3960965 Vali Loss: 0.2113988
Validation loss decreased (0.211486 --> 0.211399).  Saving model ...
Updating learning rate to 6.104327436842398e-05
Epoch: 43 cost time: 0.4440948963165283
Epoch: 43, Steps/rank: 61 | Train Loss: 0.3974145 Vali Loss: 0.2114729
EarlyStopping counter: 1 out of 20
Updating learning rate to 5.799111065000278e-05
Epoch: 44 cost time: 0.4366302490234375
Epoch: 44, Steps/rank: 61 | Train Loss: 0.3971013 Vali Loss: 0.2114431
EarlyStopping counter: 2 out of 20
Updating learning rate to 5.509155511750264e-05
Epoch: 45 cost time: 0.44205284118652344
Epoch: 45, Steps/rank: 61 | Train Loss: 0.3970482 Vali Loss: 0.2114551
EarlyStopping counter: 3 out of 20
Updating learning rate to 5.2336977361627504e-05
Epoch: 46 cost time: 0.4334752559661865
Epoch: 46, Steps/rank: 61 | Train Loss: 0.3970730 Vali Loss: 0.2114487
EarlyStopping counter: 4 out of 20
Updating learning rate to 4.9720128493546124e-05
Epoch: 47 cost time: 0.42528319358825684
Epoch: 47, Steps/rank: 61 | Train Loss: 0.3972825 Vali Loss: 0.2113755
Validation loss decreased (0.211399 --> 0.211375).  Saving model ...
Updating learning rate to 4.7234122068868816e-05
Epoch: 48 cost time: 0.42962217330932617
Epoch: 48, Steps/rank: 61 | Train Loss: 0.3972964 Vali Loss: 0.2114487
EarlyStopping counter: 1 out of 20
Updating learning rate to 4.487241596542538e-05
Epoch: 49 cost time: 0.4234628677368164
Epoch: 49, Steps/rank: 61 | Train Loss: 0.3965307 Vali Loss: 0.2113068
Validation loss decreased (0.211375 --> 0.211307).  Saving model ...
Updating learning rate to 4.26287951671541e-05
Epoch: 50 cost time: 0.3989145755767822
Epoch: 50, Steps/rank: 61 | Train Loss: 0.3967636 Vali Loss: 0.2113229
EarlyStopping counter: 1 out of 20
Updating learning rate to 4.0497355408796396e-05
Epoch: 51 cost time: 0.40743350982666016
Epoch: 51, Steps/rank: 61 | Train Loss: 0.3966740 Vali Loss: 0.2114176
EarlyStopping counter: 2 out of 20
Updating learning rate to 3.8472487638356575e-05
Epoch: 52 cost time: 0.3912811279296875
Epoch: 52, Steps/rank: 61 | Train Loss: 0.3970728 Vali Loss: 0.2114208
EarlyStopping counter: 3 out of 20
Updating learning rate to 3.654886325643875e-05
Epoch: 53 cost time: 0.38509440422058105
Epoch: 53, Steps/rank: 61 | Train Loss: 0.3971249 Vali Loss: 0.2114182
EarlyStopping counter: 4 out of 20
Updating learning rate to 3.47214200936168e-05
Epoch: 54 cost time: 0.399578332901001
Epoch: 54, Steps/rank: 61 | Train Loss: 0.3969294 Vali Loss: 0.2114318
EarlyStopping counter: 5 out of 20
Updating learning rate to 3.298534908893597e-05
Epoch: 55 cost time: 0.37889838218688965
Epoch: 55, Steps/rank: 61 | Train Loss: 0.3972655 Vali Loss: 0.2112779
Validation loss decreased (0.211307 --> 0.211278).  Saving model ...
Updating learning rate to 3.1336081634489166e-05
Epoch: 56 cost time: 0.42979955673217773
Epoch: 56, Steps/rank: 61 | Train Loss: 0.3970778 Vali Loss: 0.2114076
EarlyStopping counter: 1 out of 20
Updating learning rate to 2.9769277552764706e-05
Epoch: 57 cost time: 0.4037768840789795
Epoch: 57, Steps/rank: 61 | Train Loss: 0.3969808 Vali Loss: 0.2113492
EarlyStopping counter: 2 out of 20
Updating learning rate to 2.8280813675126466e-05
Epoch: 58 cost time: 0.42739391326904297
Epoch: 58, Steps/rank: 61 | Train Loss: 0.3972570 Vali Loss: 0.2113780
EarlyStopping counter: 3 out of 20
Updating learning rate to 2.6866772991370145e-05
Epoch: 59 cost time: 0.3982565402984619
Epoch: 59, Steps/rank: 61 | Train Loss: 0.3965260 Vali Loss: 0.2113652
EarlyStopping counter: 4 out of 20
Updating learning rate to 2.5523434341801633e-05
Epoch: 60 cost time: 0.4270963668823242
Epoch: 60, Steps/rank: 61 | Train Loss: 0.3974075 Vali Loss: 0.2113748
EarlyStopping counter: 5 out of 20
Updating learning rate to 2.4247262624711552e-05
Epoch: 61 cost time: 0.4406452178955078
Epoch: 61, Steps/rank: 61 | Train Loss: 0.3951802 Vali Loss: 0.2112796
EarlyStopping counter: 6 out of 20
Updating learning rate to 2.3034899493475973e-05
Epoch: 62 cost time: 0.4256880283355713
Epoch: 62, Steps/rank: 61 | Train Loss: 0.3969912 Vali Loss: 0.2113735
EarlyStopping counter: 7 out of 20
Updating learning rate to 2.1883154518802173e-05
Epoch: 63 cost time: 0.4364461898803711
Epoch: 63, Steps/rank: 61 | Train Loss: 0.3971937 Vali Loss: 0.2113442
EarlyStopping counter: 8 out of 20
Updating learning rate to 2.0788996792862066e-05
Epoch: 64 cost time: 0.6620094776153564
Epoch: 64, Steps/rank: 61 | Train Loss: 0.3967606 Vali Loss: 0.2113041
EarlyStopping counter: 9 out of 20
Updating learning rate to 1.974954695321896e-05
Epoch: 65 cost time: 0.45479559898376465
Epoch: 65, Steps/rank: 61 | Train Loss: 0.3955072 Vali Loss: 0.2113269
EarlyStopping counter: 10 out of 20
Updating learning rate to 1.876206960555801e-05
Epoch: 66 cost time: 0.45094966888427734
Epoch: 66, Steps/rank: 61 | Train Loss: 0.3970444 Vali Loss: 0.2113150
EarlyStopping counter: 11 out of 20
Updating learning rate to 1.782396612528011e-05
Epoch: 67 cost time: 0.46340394020080566
Epoch: 67, Steps/rank: 61 | Train Loss: 0.3970326 Vali Loss: 0.2113406
EarlyStopping counter: 12 out of 20
Updating learning rate to 1.6932767819016104e-05
Epoch: 68 cost time: 0.4624056816101074
Epoch: 68, Steps/rank: 61 | Train Loss: 0.3962377 Vali Loss: 0.2113284
EarlyStopping counter: 13 out of 20
Updating learning rate to 1.6086129428065296e-05
Epoch: 69 cost time: 0.46497654914855957
Epoch: 69, Steps/rank: 61 | Train Loss: 0.3967747 Vali Loss: 0.2112848
EarlyStopping counter: 14 out of 20
Updating learning rate to 1.5281822956662033e-05
Epoch: 70 cost time: 0.42172861099243164
Epoch: 70, Steps/rank: 61 | Train Loss: 0.3967119 Vali Loss: 0.2113181
EarlyStopping counter: 15 out of 20
Updating learning rate to 1.451773180882893e-05
Epoch: 71 cost time: 0.35614848136901855
Epoch: 71, Steps/rank: 61 | Train Loss: 0.3964395 Vali Loss: 0.2113314
EarlyStopping counter: 16 out of 20
Updating learning rate to 1.3791845218387483e-05
Epoch: 72 cost time: 0.344954252243042
Epoch: 72, Steps/rank: 61 | Train Loss: 0.3962424 Vali Loss: 0.2112964
EarlyStopping counter: 17 out of 20
Updating learning rate to 1.3102252957468109e-05
Epoch: 73 cost time: 0.41411447525024414
Epoch: 73, Steps/rank: 61 | Train Loss: 0.3970090 Vali Loss: 0.2112964
EarlyStopping counter: 18 out of 20
Updating learning rate to 1.2447140309594702e-05
Epoch: 74 cost time: 0.44103074073791504
Epoch: 74, Steps/rank: 61 | Train Loss: 0.3966085 Vali Loss: 0.2113065
EarlyStopping counter: 19 out of 20
Updating learning rate to 1.1824783294114967e-05
Epoch: 75 cost time: 0.436722993850708
Epoch: 75, Steps/rank: 61 | Train Loss: 0.3971777 Vali Loss: 0.2113137
EarlyStopping counter: 20 out of 20
Early stopping
