Args in experiment:
Namespace(is_training=1, model_id='aurora_ETTh1_sl360_pl192_h6_m1_s0', model='FITS', data='ETTh1', root_path='/lus/flare/projects/FRAME-IDP/siebenschuh/TimeSeriesTraining/FITS_data/', data_path='ETTh1.csv', features='M', target='OT', freq='h', checkpoints='/lus/flare/projects/FRAME-IDP/siebenschuh/TimeSeriesTraining/FITS_checkpoints/FITS', results_root='/lus/flare/projects/FRAME-IDP/siebenschuh/TimeSeriesTraining/FITS_results/FITS', seq_len=360, label_len=48, pred_len=192, individual=False, embed_type=0, enc_in=7, dec_in=7, c_out=7, d_model=512, n_heads=8, e_layers=2, d_layers=1, d_ff=2048, moving_avg=25, factor=1, distil=True, dropout=0.05, embed='timeF', activation='gelu', output_attention=False, do_predict=False, run_test=False, ab=2, hidden_size=1, kernel=5, groups=1, levels=3, stacks=1, num_workers=4, ddp_num_workers=0, itr=1, train_epochs=100, batch_size=128, patience=20, learning_rate=0.0005, des='test', loss='mse', lradj='type3', use_amp=False, use_gpu=True, gpu=0, distributed=False, use_multi_gpu=False, devices='0,1,2,3', test_flop=False, aug_method='NA', aug_rate=0.5, in_batch_augmentation=False, in_dataset_augmentation=False, data_size=1, aug_data_size=1, seed=0, testset_div=2, test_time_train=False, train_mode=1, cut_freq=106, base_T=24, H_order=6, distributed_context=DistributedContext(enabled=False, rank=0, world_size=1, local_rank=0, local_size=1, backend=''), rank=0, world_size=1, local_rank=0, global_batch_size=128)
Rank 0 uses XPU: xpu:0
>>>>>>>start training : aurora_ETTh1_sl360_pl192_h6_m1_s0_FITS_ETTh1_ftM_sl360_ll48_pl192_H6_0>>>>>>>>>>>>>>>>>>>>>>>>>>
train 8089
val 2689
Model(
  (freq_upsampler): Linear(in_features=106, out_features=162, bias=True)
)
Trainable parameters:  17334
!!!!!!!!!!!!!!learning rate!!!!!!!!!!!!!!!
0.0005
Epoch: 1 cost time: 3.5681328773498535
Epoch: 1, Steps/rank: 63 | Train Loss: 0.7011215 Vali Loss: 1.3761230
Validation loss decreased (inf --> 1.376123).  Saving model ...
Updating learning rate to 0.0005
Epoch: 2 cost time: 0.5907585620880127
Epoch: 2, Steps/rank: 63 | Train Loss: 0.5345414 Vali Loss: 1.1932773
Validation loss decreased (1.376123 --> 1.193277).  Saving model ...
Updating learning rate to 0.000475
Epoch: 3 cost time: 0.6081728935241699
Epoch: 3, Steps/rank: 63 | Train Loss: 0.4787442 Vali Loss: 1.1027574
Validation loss decreased (1.193277 --> 1.102757).  Saving model ...
Updating learning rate to 0.00045125
Epoch: 4 cost time: 0.6587576866149902
Epoch: 4, Steps/rank: 63 | Train Loss: 0.4487932 Vali Loss: 1.0462760
Validation loss decreased (1.102757 --> 1.046276).  Saving model ...
Updating learning rate to 0.0004286875
Epoch: 5 cost time: 0.6118221282958984
Epoch: 5, Steps/rank: 63 | Train Loss: 0.4300415 Vali Loss: 1.0105849
Validation loss decreased (1.046276 --> 1.010585).  Saving model ...
Updating learning rate to 0.00040725312499999993
Epoch: 6 cost time: 0.6367146968841553
Epoch: 6, Steps/rank: 63 | Train Loss: 0.4185581 Vali Loss: 0.9867136
Validation loss decreased (1.010585 --> 0.986714).  Saving model ...
Updating learning rate to 0.0003868904687499999
Epoch: 7 cost time: 0.6334612369537354
Epoch: 7, Steps/rank: 63 | Train Loss: 0.4110456 Vali Loss: 0.9705464
Validation loss decreased (0.986714 --> 0.970546).  Saving model ...
Updating learning rate to 0.00036754594531249993
Epoch: 8 cost time: 0.6137373447418213
Epoch: 8, Steps/rank: 63 | Train Loss: 0.4063834 Vali Loss: 0.9597188
Validation loss decreased (0.970546 --> 0.959719).  Saving model ...
Updating learning rate to 0.00034916864804687486
Epoch: 9 cost time: 0.6561107635498047
Epoch: 9, Steps/rank: 63 | Train Loss: 0.4029391 Vali Loss: 0.9527187
Validation loss decreased (0.959719 --> 0.952719).  Saving model ...
Updating learning rate to 0.00033171021564453113
Epoch: 10 cost time: 0.6437466144561768
Epoch: 10, Steps/rank: 63 | Train Loss: 0.4008590 Vali Loss: 0.9471548
Validation loss decreased (0.952719 --> 0.947155).  Saving model ...
Updating learning rate to 0.00031512470486230455
Epoch: 11 cost time: 0.8326892852783203
Epoch: 11, Steps/rank: 63 | Train Loss: 0.3995075 Vali Loss: 0.9433656
Validation loss decreased (0.947155 --> 0.943366).  Saving model ...
Updating learning rate to 0.00029936846961918935
Epoch: 12 cost time: 1.3197317123413086
Epoch: 12, Steps/rank: 63 | Train Loss: 0.3985945 Vali Loss: 0.9400729
Validation loss decreased (0.943366 --> 0.940073).  Saving model ...
Updating learning rate to 0.0002844000461382298
Epoch: 13 cost time: 1.3092546463012695
Epoch: 13, Steps/rank: 63 | Train Loss: 0.3977163 Vali Loss: 0.9378522
Validation loss decreased (0.940073 --> 0.937852).  Saving model ...
Updating learning rate to 0.0002701800438313183
Epoch: 14 cost time: 1.0553107261657715
Epoch: 14, Steps/rank: 63 | Train Loss: 0.3973675 Vali Loss: 0.9363234
Validation loss decreased (0.937852 --> 0.936323).  Saving model ...
Updating learning rate to 0.0002566710416397524
Epoch: 15 cost time: 0.9856107234954834
Epoch: 15, Steps/rank: 63 | Train Loss: 0.3968004 Vali Loss: 0.9346165
Validation loss decreased (0.936323 --> 0.934616).  Saving model ...
Updating learning rate to 0.00024383748955776477
Epoch: 16 cost time: 0.940131664276123
Epoch: 16, Steps/rank: 63 | Train Loss: 0.3962634 Vali Loss: 0.9333405
Validation loss decreased (0.934616 --> 0.933341).  Saving model ...
Updating learning rate to 0.0002316456150798765
Epoch: 17 cost time: 1.3507311344146729
Epoch: 17, Steps/rank: 63 | Train Loss: 0.3962059 Vali Loss: 0.9318034
Validation loss decreased (0.933341 --> 0.931803).  Saving model ...
Updating learning rate to 0.00022006333432588268
Epoch: 18 cost time: 0.9944658279418945
Epoch: 18, Steps/rank: 63 | Train Loss: 0.3958116 Vali Loss: 0.9313136
Validation loss decreased (0.931803 --> 0.931314).  Saving model ...
Updating learning rate to 0.00020906016760958854
Epoch: 19 cost time: 1.0066897869110107
Epoch: 19, Steps/rank: 63 | Train Loss: 0.3956811 Vali Loss: 0.9302964
Validation loss decreased (0.931314 --> 0.930296).  Saving model ...
Updating learning rate to 0.0001986071592291091
Epoch: 20 cost time: 0.9928107261657715
Epoch: 20, Steps/rank: 63 | Train Loss: 0.3953522 Vali Loss: 0.9292600
Validation loss decreased (0.930296 --> 0.929260).  Saving model ...
Updating learning rate to 0.00018867680126765363
Epoch: 21 cost time: 1.2292985916137695
Epoch: 21, Steps/rank: 63 | Train Loss: 0.3951862 Vali Loss: 0.9287558
Validation loss decreased (0.929260 --> 0.928756).  Saving model ...
Updating learning rate to 0.00017924296120427094
Epoch: 22 cost time: 0.6173665523529053
Epoch: 22, Steps/rank: 63 | Train Loss: 0.3951095 Vali Loss: 0.9282765
Validation loss decreased (0.928756 --> 0.928277).  Saving model ...
Updating learning rate to 0.0001702808131440574
Epoch: 23 cost time: 0.5904109477996826
Epoch: 23, Steps/rank: 63 | Train Loss: 0.3948860 Vali Loss: 0.9278509
Validation loss decreased (0.928277 --> 0.927851).  Saving model ...
Updating learning rate to 0.0001617667724868545
Epoch: 24 cost time: 0.6415767669677734
Epoch: 24, Steps/rank: 63 | Train Loss: 0.3949648 Vali Loss: 0.9274330
Validation loss decreased (0.927851 --> 0.927433).  Saving model ...
Updating learning rate to 0.00015367843386251178
Epoch: 25 cost time: 0.6233956813812256
Epoch: 25, Steps/rank: 63 | Train Loss: 0.3947932 Vali Loss: 0.9266487
Validation loss decreased (0.927433 --> 0.926649).  Saving model ...
Updating learning rate to 0.0001459945121693862
Epoch: 26 cost time: 0.6609961986541748
Epoch: 26, Steps/rank: 63 | Train Loss: 0.3945936 Vali Loss: 0.9264434
Validation loss decreased (0.926649 --> 0.926443).  Saving model ...
Updating learning rate to 0.00013869478656091687
Epoch: 27 cost time: 0.691845178604126
Epoch: 27, Steps/rank: 63 | Train Loss: 0.3943632 Vali Loss: 0.9259778
Validation loss decreased (0.926443 --> 0.925978).  Saving model ...
Updating learning rate to 0.00013176004723287101
Epoch: 28 cost time: 0.6204912662506104
Epoch: 28, Steps/rank: 63 | Train Loss: 0.3942840 Vali Loss: 0.9256318
Validation loss decreased (0.925978 --> 0.925632).  Saving model ...
Updating learning rate to 0.00012517204487122748
Epoch: 29 cost time: 0.6446583271026611
Epoch: 29, Steps/rank: 63 | Train Loss: 0.3940541 Vali Loss: 0.9252111
Validation loss decreased (0.925632 --> 0.925211).  Saving model ...
Updating learning rate to 0.00011891344262766608
Epoch: 30 cost time: 0.6521360874176025
Epoch: 30, Steps/rank: 63 | Train Loss: 0.3940850 Vali Loss: 0.9250071
Validation loss decreased (0.925211 --> 0.925007).  Saving model ...
Updating learning rate to 0.00011296777049628277
Epoch: 31 cost time: 0.622370719909668
Epoch: 31, Steps/rank: 63 | Train Loss: 0.3942789 Vali Loss: 0.9248103
Validation loss decreased (0.925007 --> 0.924810).  Saving model ...
Updating learning rate to 0.00010731938197146864
Epoch: 32 cost time: 0.6435706615447998
Epoch: 32, Steps/rank: 63 | Train Loss: 0.3941744 Vali Loss: 0.9246043
Validation loss decreased (0.924810 --> 0.924604).  Saving model ...
Updating learning rate to 0.00010195341287289519
Epoch: 33 cost time: 0.5592684745788574
Epoch: 33, Steps/rank: 63 | Train Loss: 0.3941073 Vali Loss: 0.9242241
Validation loss decreased (0.924604 --> 0.924224).  Saving model ...
Updating learning rate to 9.685574222925044e-05
Epoch: 34 cost time: 0.5677244663238525
Epoch: 34, Steps/rank: 63 | Train Loss: 0.3939357 Vali Loss: 0.9241399
Validation loss decreased (0.924224 --> 0.924140).  Saving model ...
Updating learning rate to 9.201295511778792e-05
Epoch: 35 cost time: 0.5826661586761475
Epoch: 35, Steps/rank: 63 | Train Loss: 0.3939866 Vali Loss: 0.9238242
Validation loss decreased (0.924140 --> 0.923824).  Saving model ...
Updating learning rate to 8.74123073618985e-05
Epoch: 36 cost time: 0.6355817317962646
Epoch: 36, Steps/rank: 63 | Train Loss: 0.3937495 Vali Loss: 0.9235749
Validation loss decreased (0.923824 --> 0.923575).  Saving model ...
Updating learning rate to 8.304169199380359e-05
Epoch: 37 cost time: 0.6284794807434082
Epoch: 37, Steps/rank: 63 | Train Loss: 0.3937033 Vali Loss: 0.9234073
Validation loss decreased (0.923575 --> 0.923407).  Saving model ...
Updating learning rate to 7.88896073941134e-05
Epoch: 38 cost time: 0.5961012840270996
Epoch: 38, Steps/rank: 63 | Train Loss: 0.3937963 Vali Loss: 0.9233871
Validation loss decreased (0.923407 --> 0.923387).  Saving model ...
Updating learning rate to 7.494512702440772e-05
Epoch: 39 cost time: 0.6207790374755859
Epoch: 39, Steps/rank: 63 | Train Loss: 0.3937329 Vali Loss: 0.9231789
Validation loss decreased (0.923387 --> 0.923179).  Saving model ...
Updating learning rate to 7.119787067318733e-05
Epoch: 40 cost time: 0.6432394981384277
Epoch: 40, Steps/rank: 63 | Train Loss: 0.3936334 Vali Loss: 0.9230921
Validation loss decreased (0.923179 --> 0.923092).  Saving model ...
Updating learning rate to 6.763797713952796e-05
Epoch: 41 cost time: 0.5905435085296631
Epoch: 41, Steps/rank: 63 | Train Loss: 0.3937172 Vali Loss: 0.9229411
Validation loss decreased (0.923092 --> 0.922941).  Saving model ...
Updating learning rate to 6.425607828255156e-05
Epoch: 42 cost time: 0.6281788349151611
Epoch: 42, Steps/rank: 63 | Train Loss: 0.3936204 Vali Loss: 0.9228349
Validation loss decreased (0.922941 --> 0.922835).  Saving model ...
Updating learning rate to 6.104327436842398e-05
Epoch: 43 cost time: 0.5810165405273438
Epoch: 43, Steps/rank: 63 | Train Loss: 0.3936085 Vali Loss: 0.9226948
Validation loss decreased (0.922835 --> 0.922695).  Saving model ...
Updating learning rate to 5.799111065000278e-05
Epoch: 44 cost time: 0.5974900722503662
Epoch: 44, Steps/rank: 63 | Train Loss: 0.3937848 Vali Loss: 0.9225124
Validation loss decreased (0.922695 --> 0.922512).  Saving model ...
Updating learning rate to 5.509155511750264e-05
Epoch: 45 cost time: 0.6211471557617188
Epoch: 45, Steps/rank: 63 | Train Loss: 0.3934230 Vali Loss: 0.9225089
Validation loss decreased (0.922512 --> 0.922509).  Saving model ...
Updating learning rate to 5.2336977361627504e-05
Epoch: 46 cost time: 0.5681614875793457
Epoch: 46, Steps/rank: 63 | Train Loss: 0.3934335 Vali Loss: 0.9223434
Validation loss decreased (0.922509 --> 0.922343).  Saving model ...
Updating learning rate to 4.9720128493546124e-05
Epoch: 47 cost time: 0.6349813938140869
Epoch: 47, Steps/rank: 63 | Train Loss: 0.3934228 Vali Loss: 0.9223521
EarlyStopping counter: 1 out of 20
Updating learning rate to 4.7234122068868816e-05
Epoch: 48 cost time: 0.6038501262664795
Epoch: 48, Steps/rank: 63 | Train Loss: 0.3935561 Vali Loss: 0.9221924
Validation loss decreased (0.922343 --> 0.922192).  Saving model ...
Updating learning rate to 4.487241596542538e-05
Epoch: 49 cost time: 0.6208066940307617
Epoch: 49, Steps/rank: 63 | Train Loss: 0.3933489 Vali Loss: 0.9220946
Validation loss decreased (0.922192 --> 0.922095).  Saving model ...
Updating learning rate to 4.26287951671541e-05
Epoch: 50 cost time: 0.6085047721862793
Epoch: 50, Steps/rank: 63 | Train Loss: 0.3935117 Vali Loss: 0.9220651
Validation loss decreased (0.922095 --> 0.922065).  Saving model ...
Updating learning rate to 4.0497355408796396e-05
Epoch: 51 cost time: 0.6217246055603027
Epoch: 51, Steps/rank: 63 | Train Loss: 0.3933291 Vali Loss: 0.9220152
Validation loss decreased (0.922065 --> 0.922015).  Saving model ...
Updating learning rate to 3.8472487638356575e-05
Epoch: 52 cost time: 0.631819486618042
Epoch: 52, Steps/rank: 63 | Train Loss: 0.3934870 Vali Loss: 0.9219907
Validation loss decreased (0.922015 --> 0.921991).  Saving model ...
Updating learning rate to 3.654886325643875e-05
Epoch: 53 cost time: 0.5701894760131836
Epoch: 53, Steps/rank: 63 | Train Loss: 0.3933507 Vali Loss: 0.9219229
Validation loss decreased (0.921991 --> 0.921923).  Saving model ...
Updating learning rate to 3.47214200936168e-05
Epoch: 54 cost time: 0.6000936031341553
Epoch: 54, Steps/rank: 63 | Train Loss: 0.3933370 Vali Loss: 0.9217759
Validation loss decreased (0.921923 --> 0.921776).  Saving model ...
Updating learning rate to 3.298534908893597e-05
Epoch: 55 cost time: 0.5959739685058594
Epoch: 55, Steps/rank: 63 | Train Loss: 0.3933646 Vali Loss: 0.9217328
Validation loss decreased (0.921776 --> 0.921733).  Saving model ...
Updating learning rate to 3.1336081634489166e-05
Epoch: 56 cost time: 0.6086106300354004
Epoch: 56, Steps/rank: 63 | Train Loss: 0.3932720 Vali Loss: 0.9216990
Validation loss decreased (0.921733 --> 0.921699).  Saving model ...
Updating learning rate to 2.9769277552764706e-05
Epoch: 57 cost time: 0.5941877365112305
Epoch: 57, Steps/rank: 63 | Train Loss: 0.3934920 Vali Loss: 0.9216762
Validation loss decreased (0.921699 --> 0.921676).  Saving model ...
Updating learning rate to 2.8280813675126466e-05
Epoch: 58 cost time: 0.583632230758667
Epoch: 58, Steps/rank: 63 | Train Loss: 0.3933478 Vali Loss: 0.9215610
Validation loss decreased (0.921676 --> 0.921561).  Saving model ...
Updating learning rate to 2.6866772991370145e-05
Epoch: 59 cost time: 0.5793697834014893
Epoch: 59, Steps/rank: 63 | Train Loss: 0.3933294 Vali Loss: 0.9215491
Validation loss decreased (0.921561 --> 0.921549).  Saving model ...
Updating learning rate to 2.5523434341801633e-05
Epoch: 60 cost time: 0.6172318458557129
Epoch: 60, Steps/rank: 63 | Train Loss: 0.3934019 Vali Loss: 0.9215638
EarlyStopping counter: 1 out of 20
Updating learning rate to 2.4247262624711552e-05
Epoch: 61 cost time: 0.571056604385376
Epoch: 61, Steps/rank: 63 | Train Loss: 0.3933723 Vali Loss: 0.9215110
Validation loss decreased (0.921549 --> 0.921511).  Saving model ...
Updating learning rate to 2.3034899493475973e-05
Epoch: 62 cost time: 0.6016674041748047
Epoch: 62, Steps/rank: 63 | Train Loss: 0.3930457 Vali Loss: 0.9214149
Validation loss decreased (0.921511 --> 0.921415).  Saving model ...
Updating learning rate to 2.1883154518802173e-05
Epoch: 63 cost time: 0.5896985530853271
Epoch: 63, Steps/rank: 63 | Train Loss: 0.3930635 Vali Loss: 0.9213628
Validation loss decreased (0.921415 --> 0.921363).  Saving model ...
Updating learning rate to 2.0788996792862066e-05
Epoch: 64 cost time: 0.6032218933105469
Epoch: 64, Steps/rank: 63 | Train Loss: 0.3931791 Vali Loss: 0.9213818
EarlyStopping counter: 1 out of 20
Updating learning rate to 1.974954695321896e-05
Epoch: 65 cost time: 0.6257612705230713
Epoch: 65, Steps/rank: 63 | Train Loss: 0.3931777 Vali Loss: 0.9213850
EarlyStopping counter: 2 out of 20
Updating learning rate to 1.876206960555801e-05
Epoch: 66 cost time: 0.6033806800842285
Epoch: 66, Steps/rank: 63 | Train Loss: 0.3932103 Vali Loss: 0.9213397
Validation loss decreased (0.921363 --> 0.921340).  Saving model ...
Updating learning rate to 1.782396612528011e-05
Epoch: 67 cost time: 0.58880615234375
Epoch: 67, Steps/rank: 63 | Train Loss: 0.3932684 Vali Loss: 0.9212865
Validation loss decreased (0.921340 --> 0.921286).  Saving model ...
Updating learning rate to 1.6932767819016104e-05
Epoch: 68 cost time: 0.5839965343475342
Epoch: 68, Steps/rank: 63 | Train Loss: 0.3931779 Vali Loss: 0.9212673
Validation loss decreased (0.921286 --> 0.921267).  Saving model ...
Updating learning rate to 1.6086129428065296e-05
Epoch: 69 cost time: 0.5841329097747803
Epoch: 69, Steps/rank: 63 | Train Loss: 0.3930483 Vali Loss: 0.9212606
Validation loss decreased (0.921267 --> 0.921261).  Saving model ...
Updating learning rate to 1.5281822956662033e-05
Epoch: 70 cost time: 0.6005587577819824
Epoch: 70, Steps/rank: 63 | Train Loss: 0.3930461 Vali Loss: 0.9212476
Validation loss decreased (0.921261 --> 0.921248).  Saving model ...
Updating learning rate to 1.451773180882893e-05
Epoch: 71 cost time: 0.6087887287139893
Epoch: 71, Steps/rank: 63 | Train Loss: 0.3932502 Vali Loss: 0.9212444
Validation loss decreased (0.921248 --> 0.921244).  Saving model ...
Updating learning rate to 1.3791845218387483e-05
Epoch: 72 cost time: 0.5838234424591064
Epoch: 72, Steps/rank: 63 | Train Loss: 0.3932668 Vali Loss: 0.9211907
Validation loss decreased (0.921244 --> 0.921191).  Saving model ...
Updating learning rate to 1.3102252957468109e-05
Epoch: 73 cost time: 0.5998349189758301
Epoch: 73, Steps/rank: 63 | Train Loss: 0.3932002 Vali Loss: 0.9211654
Validation loss decreased (0.921191 --> 0.921165).  Saving model ...
Updating learning rate to 1.2447140309594702e-05
Epoch: 74 cost time: 0.6138417720794678
Epoch: 74, Steps/rank: 63 | Train Loss: 0.3932698 Vali Loss: 0.9211554
Validation loss decreased (0.921165 --> 0.921155).  Saving model ...
Updating learning rate to 1.1824783294114967e-05
Epoch: 75 cost time: 0.6274211406707764
Epoch: 75, Steps/rank: 63 | Train Loss: 0.3931742 Vali Loss: 0.9211381
Validation loss decreased (0.921155 --> 0.921138).  Saving model ...
Updating learning rate to 1.1233544129409218e-05
Epoch: 76 cost time: 0.636993408203125
Epoch: 76, Steps/rank: 63 | Train Loss: 0.3933253 Vali Loss: 0.9211146
Validation loss decreased (0.921138 --> 0.921115).  Saving model ...
Updating learning rate to 1.0671866922938755e-05
Epoch: 77 cost time: 0.636293888092041
Epoch: 77, Steps/rank: 63 | Train Loss: 0.3930835 Vali Loss: 0.9210871
Validation loss decreased (0.921115 --> 0.921087).  Saving model ...
Updating learning rate to 1.0138273576791817e-05
Epoch: 78 cost time: 0.6519954204559326
Epoch: 78, Steps/rank: 63 | Train Loss: 0.3930629 Vali Loss: 0.9210773
Validation loss decreased (0.921087 --> 0.921077).  Saving model ...
Updating learning rate to 9.631359897952226e-06
Epoch: 79 cost time: 0.661820650100708
Epoch: 79, Steps/rank: 63 | Train Loss: 0.3931091 Vali Loss: 0.9210618
Validation loss decreased (0.921077 --> 0.921062).  Saving model ...
Updating learning rate to 9.149791903054614e-06
Epoch: 80 cost time: 0.6046092510223389
Epoch: 80, Steps/rank: 63 | Train Loss: 0.3931798 Vali Loss: 0.9210462
Validation loss decreased (0.921062 --> 0.921046).  Saving model ...
Updating learning rate to 8.692302307901884e-06
Epoch: 81 cost time: 0.5882599353790283
Epoch: 81, Steps/rank: 63 | Train Loss: 0.3930395 Vali Loss: 0.9210717
EarlyStopping counter: 1 out of 20
Updating learning rate to 8.25768719250679e-06
Epoch: 82 cost time: 0.5789949893951416
Epoch: 82, Steps/rank: 63 | Train Loss: 0.3929891 Vali Loss: 0.9210348
Validation loss decreased (0.921046 --> 0.921035).  Saving model ...
Updating learning rate to 7.84480283288145e-06
Epoch: 83 cost time: 0.562577486038208
Epoch: 83, Steps/rank: 63 | Train Loss: 0.3931176 Vali Loss: 0.9210510
EarlyStopping counter: 1 out of 20
Updating learning rate to 7.452562691237377e-06
Epoch: 84 cost time: 0.5903830528259277
Epoch: 84, Steps/rank: 63 | Train Loss: 0.3929969 Vali Loss: 0.9210304
Validation loss decreased (0.921035 --> 0.921030).  Saving model ...
Updating learning rate to 7.079934556675507e-06
Epoch: 85 cost time: 0.6160457134246826
Epoch: 85, Steps/rank: 63 | Train Loss: 0.3931433 Vali Loss: 0.9210165
Validation loss decreased (0.921030 --> 0.921016).  Saving model ...
Updating learning rate to 6.725937828841732e-06
Epoch: 86 cost time: 0.6113145351409912
Epoch: 86, Steps/rank: 63 | Train Loss: 0.3930303 Vali Loss: 0.9210065
Validation loss decreased (0.921016 --> 0.921007).  Saving model ...
Updating learning rate to 6.389640937399644e-06
Epoch: 87 cost time: 0.6189703941345215
Epoch: 87, Steps/rank: 63 | Train Loss: 0.3931438 Vali Loss: 0.9210097
EarlyStopping counter: 1 out of 20
Updating learning rate to 6.070158890529662e-06
Epoch: 88 cost time: 0.5826194286346436
Epoch: 88, Steps/rank: 63 | Train Loss: 0.3932203 Vali Loss: 0.9209836
Validation loss decreased (0.921007 --> 0.920984).  Saving model ...
Updating learning rate to 5.766650946003179e-06
Epoch: 89 cost time: 0.5958347320556641
Epoch: 89, Steps/rank: 63 | Train Loss: 0.3930692 Vali Loss: 0.9209779
Validation loss decreased (0.920984 --> 0.920978).  Saving model ...
Updating learning rate to 5.47831839870302e-06
Epoch: 90 cost time: 0.5823485851287842
Epoch: 90, Steps/rank: 63 | Train Loss: 0.3930888 Vali Loss: 0.9209740
Validation loss decreased (0.920978 --> 0.920974).  Saving model ...
Updating learning rate to 5.204402478767869e-06
Epoch: 91 cost time: 0.5787928104400635
Epoch: 91, Steps/rank: 63 | Train Loss: 0.3931729 Vali Loss: 0.9209642
Validation loss decreased (0.920974 --> 0.920964).  Saving model ...
Updating learning rate to 4.944182354829475e-06
Epoch: 92 cost time: 0.5885946750640869
Epoch: 92, Steps/rank: 63 | Train Loss: 0.3933053 Vali Loss: 0.9209516
Validation loss decreased (0.920964 --> 0.920952).  Saving model ...
Updating learning rate to 4.696973237088e-06
Epoch: 93 cost time: 0.5995135307312012
Epoch: 93, Steps/rank: 63 | Train Loss: 0.3928324 Vali Loss: 0.9209632
EarlyStopping counter: 1 out of 20
Updating learning rate to 4.462124575233601e-06
Epoch: 94 cost time: 0.6207578182220459
Epoch: 94, Steps/rank: 63 | Train Loss: 0.3929821 Vali Loss: 0.9209458
Validation loss decreased (0.920952 --> 0.920946).  Saving model ...
Updating learning rate to 4.239018346471921e-06
Epoch: 95 cost time: 0.6167967319488525
Epoch: 95, Steps/rank: 63 | Train Loss: 0.3931587 Vali Loss: 0.9209349
Validation loss decreased (0.920946 --> 0.920935).  Saving model ...
Updating learning rate to 4.027067429148324e-06
Epoch: 96 cost time: 0.6414978504180908
Epoch: 96, Steps/rank: 63 | Train Loss: 0.3929958 Vali Loss: 0.9209283
Validation loss decreased (0.920935 --> 0.920928).  Saving model ...
Updating learning rate to 3.825714057690908e-06
Epoch: 97 cost time: 0.6747376918792725
Epoch: 97, Steps/rank: 63 | Train Loss: 0.3927351 Vali Loss: 0.9209184
Validation loss decreased (0.920928 --> 0.920918).  Saving model ...
Updating learning rate to 3.6344283548063623e-06
Epoch: 98 cost time: 0.6182718276977539
Epoch: 98, Steps/rank: 63 | Train Loss: 0.3928408 Vali Loss: 0.9209186
EarlyStopping counter: 1 out of 20
Updating learning rate to 3.452706937066044e-06
Epoch: 99 cost time: 0.6141200065612793
Epoch: 99, Steps/rank: 63 | Train Loss: 0.3930731 Vali Loss: 0.9209140
Validation loss decreased (0.920918 --> 0.920914).  Saving model ...
Updating learning rate to 3.2800715902127414e-06
Epoch: 100 cost time: 0.6019384860992432
Epoch: 100, Steps/rank: 63 | Train Loss: 0.3931570 Vali Loss: 0.9209111
Validation loss decreased (0.920914 --> 0.920911).  Saving model ...
Updating learning rate to 3.1160680107021042e-06
