Args in experiment:
Namespace(is_training=1, model_id='aurora_ETTh1_sl360_pl192_h6_m1_s114', model='FITS', data='ETTh1', root_path='/lus/flare/projects/FRAME-IDP/siebenschuh/TimeSeriesTraining/FITS_data/', data_path='ETTh1.csv', features='M', target='OT', freq='h', checkpoints='/lus/flare/projects/FRAME-IDP/siebenschuh/TimeSeriesTraining/FITS_checkpoints/FITS', results_root='/lus/flare/projects/FRAME-IDP/siebenschuh/TimeSeriesTraining/FITS_results/FITS', seq_len=360, label_len=48, pred_len=192, individual=False, embed_type=0, enc_in=7, dec_in=7, c_out=7, d_model=512, n_heads=8, e_layers=2, d_layers=1, d_ff=2048, moving_avg=25, factor=1, distil=True, dropout=0.05, embed='timeF', activation='gelu', output_attention=False, do_predict=False, run_test=False, ab=2, hidden_size=1, kernel=5, groups=1, levels=3, stacks=1, num_workers=4, ddp_num_workers=0, itr=1, train_epochs=100, batch_size=128, patience=20, learning_rate=0.0005, des='test', loss='mse', lradj='type3', use_amp=False, use_gpu=True, gpu=0, distributed=False, use_multi_gpu=False, devices='0,1,2,3', test_flop=False, aug_method='NA', aug_rate=0.5, in_batch_augmentation=False, in_dataset_augmentation=False, data_size=1, aug_data_size=1, seed=114, testset_div=2, test_time_train=False, train_mode=1, cut_freq=106, base_T=24, H_order=6, distributed_context=DistributedContext(enabled=False, rank=0, world_size=1, local_rank=0, local_size=1, backend=''), rank=0, world_size=1, local_rank=0, global_batch_size=128)
Rank 0 uses XPU: xpu:0
>>>>>>>start training : aurora_ETTh1_sl360_pl192_h6_m1_s114_FITS_ETTh1_ftM_sl360_ll48_pl192_H6_0>>>>>>>>>>>>>>>>>>>>>>>>>>
train 8089
val 2689
Model(
  (freq_upsampler): Linear(in_features=106, out_features=162, bias=True)
)
Trainable parameters:  17334
!!!!!!!!!!!!!!learning rate!!!!!!!!!!!!!!!
0.0005
Epoch: 1 cost time: 3.6115598678588867
Epoch: 1, Steps/rank: 63 | Train Loss: 0.6799519 Vali Loss: 1.3351938
Validation loss decreased (inf --> 1.335194).  Saving model ...
Updating learning rate to 0.0005
Epoch: 2 cost time: 0.6453983783721924
Epoch: 2, Steps/rank: 63 | Train Loss: 0.5211437 Vali Loss: 1.1686639
Validation loss decreased (1.335194 --> 1.168664).  Saving model ...
Updating learning rate to 0.000475
Epoch: 3 cost time: 0.6120548248291016
Epoch: 3, Steps/rank: 63 | Train Loss: 0.4696912 Vali Loss: 1.0856389
Validation loss decreased (1.168664 --> 1.085639).  Saving model ...
Updating learning rate to 0.00045125
Epoch: 4 cost time: 0.6460525989532471
Epoch: 4, Steps/rank: 63 | Train Loss: 0.4422235 Vali Loss: 1.0358071
Validation loss decreased (1.085639 --> 1.035807).  Saving model ...
Updating learning rate to 0.0004286875
Epoch: 5 cost time: 0.6748480796813965
Epoch: 5, Steps/rank: 63 | Train Loss: 0.4255832 Vali Loss: 1.0036723
Validation loss decreased (1.035807 --> 1.003672).  Saving model ...
Updating learning rate to 0.00040725312499999993
Epoch: 6 cost time: 0.6684088706970215
Epoch: 6, Steps/rank: 63 | Train Loss: 0.4152156 Vali Loss: 0.9818333
Validation loss decreased (1.003672 --> 0.981833).  Saving model ...
Updating learning rate to 0.0003868904687499999
Epoch: 7 cost time: 0.6618208885192871
Epoch: 7, Steps/rank: 63 | Train Loss: 0.4089638 Vali Loss: 0.9682303
Validation loss decreased (0.981833 --> 0.968230).  Saving model ...
Updating learning rate to 0.00036754594531249993
Epoch: 8 cost time: 0.6305890083312988
Epoch: 8, Steps/rank: 63 | Train Loss: 0.4048505 Vali Loss: 0.9593046
Validation loss decreased (0.968230 --> 0.959305).  Saving model ...
Updating learning rate to 0.00034916864804687486
Epoch: 9 cost time: 0.6475186347961426
Epoch: 9, Steps/rank: 63 | Train Loss: 0.4021609 Vali Loss: 0.9526598
Validation loss decreased (0.959305 --> 0.952660).  Saving model ...
Updating learning rate to 0.00033171021564453113
Epoch: 10 cost time: 0.6355047225952148
Epoch: 10, Steps/rank: 63 | Train Loss: 0.4004619 Vali Loss: 0.9474551
Validation loss decreased (0.952660 --> 0.947455).  Saving model ...
Updating learning rate to 0.00031512470486230455
Epoch: 11 cost time: 1.1819791793823242
Epoch: 11, Steps/rank: 63 | Train Loss: 0.3994761 Vali Loss: 0.9443959
Validation loss decreased (0.947455 --> 0.944396).  Saving model ...
Updating learning rate to 0.00029936846961918935
Epoch: 12 cost time: 1.4646124839782715
Epoch: 12, Steps/rank: 63 | Train Loss: 0.3980666 Vali Loss: 0.9413240
Validation loss decreased (0.944396 --> 0.941324).  Saving model ...
Updating learning rate to 0.0002844000461382298
Epoch: 13 cost time: 1.2587385177612305
Epoch: 13, Steps/rank: 63 | Train Loss: 0.3975972 Vali Loss: 0.9388271
Validation loss decreased (0.941324 --> 0.938827).  Saving model ...
Updating learning rate to 0.0002701800438313183
Epoch: 14 cost time: 1.172621250152588
Epoch: 14, Steps/rank: 63 | Train Loss: 0.3972852 Vali Loss: 0.9367729
Validation loss decreased (0.938827 --> 0.936773).  Saving model ...
Updating learning rate to 0.0002566710416397524
Epoch: 15 cost time: 0.9901652336120605
Epoch: 15, Steps/rank: 63 | Train Loss: 0.3967606 Vali Loss: 0.9359511
Validation loss decreased (0.936773 --> 0.935951).  Saving model ...
Updating learning rate to 0.00024383748955776477
Epoch: 16 cost time: 0.9845283031463623
Epoch: 16, Steps/rank: 63 | Train Loss: 0.3964377 Vali Loss: 0.9341060
Validation loss decreased (0.935951 --> 0.934106).  Saving model ...
Updating learning rate to 0.0002316456150798765
Epoch: 17 cost time: 1.234004020690918
Epoch: 17, Steps/rank: 63 | Train Loss: 0.3958238 Vali Loss: 0.9330071
Validation loss decreased (0.934106 --> 0.933007).  Saving model ...
Updating learning rate to 0.00022006333432588268
Epoch: 18 cost time: 1.3579106330871582
Epoch: 18, Steps/rank: 63 | Train Loss: 0.3959458 Vali Loss: 0.9321166
Validation loss decreased (0.933007 --> 0.932117).  Saving model ...
Updating learning rate to 0.00020906016760958854
Epoch: 19 cost time: 0.9618260860443115
Epoch: 19, Steps/rank: 63 | Train Loss: 0.3955028 Vali Loss: 0.9312546
Validation loss decreased (0.932117 --> 0.931255).  Saving model ...
Updating learning rate to 0.0001986071592291091
Epoch: 20 cost time: 0.998288631439209
Epoch: 20, Steps/rank: 63 | Train Loss: 0.3955815 Vali Loss: 0.9303350
Validation loss decreased (0.931255 --> 0.930335).  Saving model ...
Updating learning rate to 0.00018867680126765363
Epoch: 21 cost time: 1.1236224174499512
Epoch: 21, Steps/rank: 63 | Train Loss: 0.3952139 Vali Loss: 0.9298448
Validation loss decreased (0.930335 --> 0.929845).  Saving model ...
Updating learning rate to 0.00017924296120427094
Epoch: 22 cost time: 1.2733421325683594
Epoch: 22, Steps/rank: 63 | Train Loss: 0.3950077 Vali Loss: 0.9288844
Validation loss decreased (0.929845 --> 0.928884).  Saving model ...
Updating learning rate to 0.0001702808131440574
Epoch: 23 cost time: 0.914625883102417
Epoch: 23, Steps/rank: 63 | Train Loss: 0.3949393 Vali Loss: 0.9284981
Validation loss decreased (0.928884 --> 0.928498).  Saving model ...
Updating learning rate to 0.0001617667724868545
Epoch: 24 cost time: 0.6551921367645264
Epoch: 24, Steps/rank: 63 | Train Loss: 0.3948387 Vali Loss: 0.9282233
Validation loss decreased (0.928498 --> 0.928223).  Saving model ...
Updating learning rate to 0.00015367843386251178
Epoch: 25 cost time: 0.6353096961975098
Epoch: 25, Steps/rank: 63 | Train Loss: 0.3946692 Vali Loss: 0.9274718
Validation loss decreased (0.928223 --> 0.927472).  Saving model ...
Updating learning rate to 0.0001459945121693862
Epoch: 26 cost time: 0.6162023544311523
Epoch: 26, Steps/rank: 63 | Train Loss: 0.3946077 Vali Loss: 0.9270447
Validation loss decreased (0.927472 --> 0.927045).  Saving model ...
Updating learning rate to 0.00013869478656091687
Epoch: 27 cost time: 0.6290755271911621
Epoch: 27, Steps/rank: 63 | Train Loss: 0.3943264 Vali Loss: 0.9266162
Validation loss decreased (0.927045 --> 0.926616).  Saving model ...
Updating learning rate to 0.00013176004723287101
Epoch: 28 cost time: 0.634608268737793
Epoch: 28, Steps/rank: 63 | Train Loss: 0.3943692 Vali Loss: 0.9263011
Validation loss decreased (0.926616 --> 0.926301).  Saving model ...
Updating learning rate to 0.00012517204487122748
Epoch: 29 cost time: 0.6516540050506592
Epoch: 29, Steps/rank: 63 | Train Loss: 0.3944240 Vali Loss: 0.9260530
Validation loss decreased (0.926301 --> 0.926053).  Saving model ...
Updating learning rate to 0.00011891344262766608
Epoch: 30 cost time: 0.6391980648040771
Epoch: 30, Steps/rank: 63 | Train Loss: 0.3943146 Vali Loss: 0.9257230
Validation loss decreased (0.926053 --> 0.925723).  Saving model ...
Updating learning rate to 0.00011296777049628277
Epoch: 31 cost time: 0.5814547538757324
Epoch: 31, Steps/rank: 63 | Train Loss: 0.3940219 Vali Loss: 0.9252973
Validation loss decreased (0.925723 --> 0.925297).  Saving model ...
Updating learning rate to 0.00010731938197146864
Epoch: 32 cost time: 0.6551988124847412
Epoch: 32, Steps/rank: 63 | Train Loss: 0.3942357 Vali Loss: 0.9251932
Validation loss decreased (0.925297 --> 0.925193).  Saving model ...
Updating learning rate to 0.00010195341287289519
Epoch: 33 cost time: 0.6475720405578613
Epoch: 33, Steps/rank: 63 | Train Loss: 0.3941326 Vali Loss: 0.9248990
Validation loss decreased (0.925193 --> 0.924899).  Saving model ...
Updating learning rate to 9.685574222925044e-05
Epoch: 34 cost time: 0.6379363536834717
Epoch: 34, Steps/rank: 63 | Train Loss: 0.3940246 Vali Loss: 0.9246531
Validation loss decreased (0.924899 --> 0.924653).  Saving model ...
Updating learning rate to 9.201295511778792e-05
Epoch: 35 cost time: 0.676661491394043
Epoch: 35, Steps/rank: 63 | Train Loss: 0.3940711 Vali Loss: 0.9244064
Validation loss decreased (0.924653 --> 0.924406).  Saving model ...
Updating learning rate to 8.74123073618985e-05
Epoch: 36 cost time: 0.6306717395782471
Epoch: 36, Steps/rank: 63 | Train Loss: 0.3940412 Vali Loss: 0.9242834
Validation loss decreased (0.924406 --> 0.924283).  Saving model ...
Updating learning rate to 8.304169199380359e-05
Epoch: 37 cost time: 0.6486954689025879
Epoch: 37, Steps/rank: 63 | Train Loss: 0.3938332 Vali Loss: 0.9241376
Validation loss decreased (0.924283 --> 0.924138).  Saving model ...
Updating learning rate to 7.88896073941134e-05
Epoch: 38 cost time: 0.6071271896362305
Epoch: 38, Steps/rank: 63 | Train Loss: 0.3937897 Vali Loss: 0.9239941
Validation loss decreased (0.924138 --> 0.923994).  Saving model ...
Updating learning rate to 7.494512702440772e-05
Epoch: 39 cost time: 0.6059491634368896
Epoch: 39, Steps/rank: 63 | Train Loss: 0.3940404 Vali Loss: 0.9238515
Validation loss decreased (0.923994 --> 0.923852).  Saving model ...
Updating learning rate to 7.119787067318733e-05
Epoch: 40 cost time: 0.591576099395752
Epoch: 40, Steps/rank: 63 | Train Loss: 0.3937141 Vali Loss: 0.9237101
Validation loss decreased (0.923852 --> 0.923710).  Saving model ...
Updating learning rate to 6.763797713952796e-05
Epoch: 41 cost time: 0.6156580448150635
Epoch: 41, Steps/rank: 63 | Train Loss: 0.3937891 Vali Loss: 0.9235471
Validation loss decreased (0.923710 --> 0.923547).  Saving model ...
Updating learning rate to 6.425607828255156e-05
Epoch: 42 cost time: 0.6421608924865723
Epoch: 42, Steps/rank: 63 | Train Loss: 0.3933083 Vali Loss: 0.9233276
Validation loss decreased (0.923547 --> 0.923328).  Saving model ...
Updating learning rate to 6.104327436842398e-05
Epoch: 43 cost time: 0.6228346824645996
Epoch: 43, Steps/rank: 63 | Train Loss: 0.3935426 Vali Loss: 0.9232161
Validation loss decreased (0.923328 --> 0.923216).  Saving model ...
Updating learning rate to 5.799111065000278e-05
Epoch: 44 cost time: 0.6471507549285889
Epoch: 44, Steps/rank: 63 | Train Loss: 0.3937720 Vali Loss: 0.9230812
Validation loss decreased (0.923216 --> 0.923081).  Saving model ...
Updating learning rate to 5.509155511750264e-05
Epoch: 45 cost time: 0.6206173896789551
Epoch: 45, Steps/rank: 63 | Train Loss: 0.3933370 Vali Loss: 0.9229146
Validation loss decreased (0.923081 --> 0.922915).  Saving model ...
Updating learning rate to 5.2336977361627504e-05
Epoch: 46 cost time: 0.5822222232818604
Epoch: 46, Steps/rank: 63 | Train Loss: 0.3936133 Vali Loss: 0.9228971
Validation loss decreased (0.922915 --> 0.922897).  Saving model ...
Updating learning rate to 4.9720128493546124e-05
Epoch: 47 cost time: 0.5960342884063721
Epoch: 47, Steps/rank: 63 | Train Loss: 0.3931688 Vali Loss: 0.9227819
Validation loss decreased (0.922897 --> 0.922782).  Saving model ...
Updating learning rate to 4.7234122068868816e-05
Epoch: 48 cost time: 0.6083714962005615
Epoch: 48, Steps/rank: 63 | Train Loss: 0.3936127 Vali Loss: 0.9227231
Validation loss decreased (0.922782 --> 0.922723).  Saving model ...
Updating learning rate to 4.487241596542538e-05
Epoch: 49 cost time: 0.6383473873138428
Epoch: 49, Steps/rank: 63 | Train Loss: 0.3934207 Vali Loss: 0.9226551
Validation loss decreased (0.922723 --> 0.922655).  Saving model ...
Updating learning rate to 4.26287951671541e-05
Epoch: 50 cost time: 0.6302616596221924
Epoch: 50, Steps/rank: 63 | Train Loss: 0.3933050 Vali Loss: 0.9225851
Validation loss decreased (0.922655 --> 0.922585).  Saving model ...
Updating learning rate to 4.0497355408796396e-05
Epoch: 51 cost time: 0.6486375331878662
Epoch: 51, Steps/rank: 63 | Train Loss: 0.3934450 Vali Loss: 0.9225028
Validation loss decreased (0.922585 --> 0.922503).  Saving model ...
Updating learning rate to 3.8472487638356575e-05
Epoch: 52 cost time: 0.579439640045166
Epoch: 52, Steps/rank: 63 | Train Loss: 0.3933105 Vali Loss: 0.9224241
Validation loss decreased (0.922503 --> 0.922424).  Saving model ...
Updating learning rate to 3.654886325643875e-05
Epoch: 53 cost time: 0.6165449619293213
Epoch: 53, Steps/rank: 63 | Train Loss: 0.3934641 Vali Loss: 0.9223581
Validation loss decreased (0.922424 --> 0.922358).  Saving model ...
Updating learning rate to 3.47214200936168e-05
Epoch: 54 cost time: 0.5790181159973145
Epoch: 54, Steps/rank: 63 | Train Loss: 0.3931873 Vali Loss: 0.9223308
Validation loss decreased (0.922358 --> 0.922331).  Saving model ...
Updating learning rate to 3.298534908893597e-05
Epoch: 55 cost time: 0.5984675884246826
Epoch: 55, Steps/rank: 63 | Train Loss: 0.3934305 Vali Loss: 0.9222616
Validation loss decreased (0.922331 --> 0.922262).  Saving model ...
Updating learning rate to 3.1336081634489166e-05
Epoch: 56 cost time: 0.5631942749023438
Epoch: 56, Steps/rank: 63 | Train Loss: 0.3933807 Vali Loss: 0.9222062
Validation loss decreased (0.922262 --> 0.922206).  Saving model ...
Updating learning rate to 2.9769277552764706e-05
Epoch: 57 cost time: 0.6130280494689941
Epoch: 57, Steps/rank: 63 | Train Loss: 0.3932752 Vali Loss: 0.9221632
Validation loss decreased (0.922206 --> 0.922163).  Saving model ...
Updating learning rate to 2.8280813675126466e-05
Epoch: 58 cost time: 0.6105740070343018
Epoch: 58, Steps/rank: 63 | Train Loss: 0.3930783 Vali Loss: 0.9220797
Validation loss decreased (0.922163 --> 0.922080).  Saving model ...
Updating learning rate to 2.6866772991370145e-05
Epoch: 59 cost time: 0.5740511417388916
Epoch: 59, Steps/rank: 63 | Train Loss: 0.3933840 Vali Loss: 0.9220320
Validation loss decreased (0.922080 --> 0.922032).  Saving model ...
Updating learning rate to 2.5523434341801633e-05
Epoch: 60 cost time: 0.6054470539093018
Epoch: 60, Steps/rank: 63 | Train Loss: 0.3932928 Vali Loss: 0.9220452
EarlyStopping counter: 1 out of 20
Updating learning rate to 2.4247262624711552e-05
Epoch: 61 cost time: 0.5998167991638184
Epoch: 61, Steps/rank: 63 | Train Loss: 0.3931626 Vali Loss: 0.9219314
Validation loss decreased (0.922032 --> 0.921931).  Saving model ...
Updating learning rate to 2.3034899493475973e-05
Epoch: 62 cost time: 0.6466548442840576
Epoch: 62, Steps/rank: 63 | Train Loss: 0.3933128 Vali Loss: 0.9219156
Validation loss decreased (0.921931 --> 0.921916).  Saving model ...
Updating learning rate to 2.1883154518802173e-05
Epoch: 63 cost time: 0.5770049095153809
Epoch: 63, Steps/rank: 63 | Train Loss: 0.3931195 Vali Loss: 0.9218927
Validation loss decreased (0.921916 --> 0.921893).  Saving model ...
Updating learning rate to 2.0788996792862066e-05
Epoch: 64 cost time: 0.644536018371582
Epoch: 64, Steps/rank: 63 | Train Loss: 0.3931934 Vali Loss: 0.9218325
Validation loss decreased (0.921893 --> 0.921833).  Saving model ...
Updating learning rate to 1.974954695321896e-05
Epoch: 65 cost time: 0.5868382453918457
Epoch: 65, Steps/rank: 63 | Train Loss: 0.3927558 Vali Loss: 0.9218409
EarlyStopping counter: 1 out of 20
Updating learning rate to 1.876206960555801e-05
Epoch: 66 cost time: 0.6505899429321289
Epoch: 66, Steps/rank: 63 | Train Loss: 0.3934395 Vali Loss: 0.9218104
Validation loss decreased (0.921833 --> 0.921810).  Saving model ...
Updating learning rate to 1.782396612528011e-05
Epoch: 67 cost time: 0.6496338844299316
Epoch: 67, Steps/rank: 63 | Train Loss: 0.3931519 Vali Loss: 0.9217754
Validation loss decreased (0.921810 --> 0.921775).  Saving model ...
Updating learning rate to 1.6932767819016104e-05
Epoch: 68 cost time: 0.592848539352417
Epoch: 68, Steps/rank: 63 | Train Loss: 0.3930298 Vali Loss: 0.9217339
Validation loss decreased (0.921775 --> 0.921734).  Saving model ...
Updating learning rate to 1.6086129428065296e-05
Epoch: 69 cost time: 0.6436469554901123
Epoch: 69, Steps/rank: 63 | Train Loss: 0.3932097 Vali Loss: 0.9217011
Validation loss decreased (0.921734 --> 0.921701).  Saving model ...
Updating learning rate to 1.5281822956662033e-05
Epoch: 70 cost time: 0.6562683582305908
Epoch: 70, Steps/rank: 63 | Train Loss: 0.3930978 Vali Loss: 0.9216823
Validation loss decreased (0.921701 --> 0.921682).  Saving model ...
Updating learning rate to 1.451773180882893e-05
Epoch: 71 cost time: 0.6093504428863525
Epoch: 71, Steps/rank: 63 | Train Loss: 0.3929554 Vali Loss: 0.9216518
Validation loss decreased (0.921682 --> 0.921652).  Saving model ...
Updating learning rate to 1.3791845218387483e-05
Epoch: 72 cost time: 0.5547821521759033
Epoch: 72, Steps/rank: 63 | Train Loss: 0.3931826 Vali Loss: 0.9216738
EarlyStopping counter: 1 out of 20
Updating learning rate to 1.3102252957468109e-05
Epoch: 73 cost time: 0.6632747650146484
Epoch: 73, Steps/rank: 63 | Train Loss: 0.3931906 Vali Loss: 0.9215957
Validation loss decreased (0.921652 --> 0.921596).  Saving model ...
Updating learning rate to 1.2447140309594702e-05
Epoch: 74 cost time: 0.6496114730834961
Epoch: 74, Steps/rank: 63 | Train Loss: 0.3931755 Vali Loss: 0.9215832
Validation loss decreased (0.921596 --> 0.921583).  Saving model ...
Updating learning rate to 1.1824783294114967e-05
Epoch: 75 cost time: 0.670933723449707
Epoch: 75, Steps/rank: 63 | Train Loss: 0.3931294 Vali Loss: 0.9215884
EarlyStopping counter: 1 out of 20
Updating learning rate to 1.1233544129409218e-05
Epoch: 76 cost time: 0.6717588901519775
Epoch: 76, Steps/rank: 63 | Train Loss: 0.3931783 Vali Loss: 0.9215564
Validation loss decreased (0.921583 --> 0.921556).  Saving model ...
Updating learning rate to 1.0671866922938755e-05
Epoch: 77 cost time: 0.703465461730957
Epoch: 77, Steps/rank: 63 | Train Loss: 0.3931687 Vali Loss: 0.9215339
Validation loss decreased (0.921556 --> 0.921534).  Saving model ...
Updating learning rate to 1.0138273576791817e-05
Epoch: 78 cost time: 0.5685539245605469
Epoch: 78, Steps/rank: 63 | Train Loss: 0.3930781 Vali Loss: 0.9215328
Validation loss decreased (0.921534 --> 0.921533).  Saving model ...
Updating learning rate to 9.631359897952226e-06
Epoch: 79 cost time: 0.5828464031219482
Epoch: 79, Steps/rank: 63 | Train Loss: 0.3931354 Vali Loss: 0.9215045
Validation loss decreased (0.921533 --> 0.921505).  Saving model ...
Updating learning rate to 9.149791903054614e-06
Epoch: 80 cost time: 0.6539506912231445
Epoch: 80, Steps/rank: 63 | Train Loss: 0.3930824 Vali Loss: 0.9214878
Validation loss decreased (0.921505 --> 0.921488).  Saving model ...
Updating learning rate to 8.692302307901884e-06
Epoch: 81 cost time: 0.6339418888092041
Epoch: 81, Steps/rank: 63 | Train Loss: 0.3928028 Vali Loss: 0.9214786
Validation loss decreased (0.921488 --> 0.921479).  Saving model ...
Updating learning rate to 8.25768719250679e-06
Epoch: 82 cost time: 0.6475234031677246
Epoch: 82, Steps/rank: 63 | Train Loss: 0.3932485 Vali Loss: 0.9214854
EarlyStopping counter: 1 out of 20
Updating learning rate to 7.84480283288145e-06
Epoch: 83 cost time: 0.6250009536743164
Epoch: 83, Steps/rank: 63 | Train Loss: 0.3931704 Vali Loss: 0.9214452
Validation loss decreased (0.921479 --> 0.921445).  Saving model ...
Updating learning rate to 7.452562691237377e-06
Epoch: 84 cost time: 0.6346786022186279
Epoch: 84, Steps/rank: 63 | Train Loss: 0.3931590 Vali Loss: 0.9214371
Validation loss decreased (0.921445 --> 0.921437).  Saving model ...
Updating learning rate to 7.079934556675507e-06
Epoch: 85 cost time: 0.6716091632843018
Epoch: 85, Steps/rank: 63 | Train Loss: 0.3929625 Vali Loss: 0.9214198
Validation loss decreased (0.921437 --> 0.921420).  Saving model ...
Updating learning rate to 6.725937828841732e-06
Epoch: 86 cost time: 0.6334185600280762
Epoch: 86, Steps/rank: 63 | Train Loss: 0.3930897 Vali Loss: 0.9214146
Validation loss decreased (0.921420 --> 0.921415).  Saving model ...
Updating learning rate to 6.389640937399644e-06
Epoch: 87 cost time: 0.6701264381408691
Epoch: 87, Steps/rank: 63 | Train Loss: 0.3932048 Vali Loss: 0.9214015
Validation loss decreased (0.921415 --> 0.921402).  Saving model ...
Updating learning rate to 6.070158890529662e-06
Epoch: 88 cost time: 0.6487703323364258
Epoch: 88, Steps/rank: 63 | Train Loss: 0.3931496 Vali Loss: 0.9213975
Validation loss decreased (0.921402 --> 0.921397).  Saving model ...
Updating learning rate to 5.766650946003179e-06
Epoch: 89 cost time: 0.6825466156005859
Epoch: 89, Steps/rank: 63 | Train Loss: 0.3931458 Vali Loss: 0.9213869
Validation loss decreased (0.921397 --> 0.921387).  Saving model ...
Updating learning rate to 5.47831839870302e-06
Epoch: 90 cost time: 0.6133146286010742
Epoch: 90, Steps/rank: 63 | Train Loss: 0.3930036 Vali Loss: 0.9213809
Validation loss decreased (0.921387 --> 0.921381).  Saving model ...
Updating learning rate to 5.204402478767869e-06
Epoch: 91 cost time: 0.6933243274688721
Epoch: 91, Steps/rank: 63 | Train Loss: 0.3933666 Vali Loss: 0.9213656
Validation loss decreased (0.921381 --> 0.921366).  Saving model ...
Updating learning rate to 4.944182354829475e-06
Epoch: 92 cost time: 0.5797860622406006
Epoch: 92, Steps/rank: 63 | Train Loss: 0.3931075 Vali Loss: 0.9213580
Validation loss decreased (0.921366 --> 0.921358).  Saving model ...
Updating learning rate to 4.696973237088e-06
Epoch: 93 cost time: 0.6522140502929688
Epoch: 93, Steps/rank: 63 | Train Loss: 0.3930921 Vali Loss: 0.9213432
Validation loss decreased (0.921358 --> 0.921343).  Saving model ...
Updating learning rate to 4.462124575233601e-06
Epoch: 94 cost time: 0.6427593231201172
Epoch: 94, Steps/rank: 63 | Train Loss: 0.3930004 Vali Loss: 0.9213521
EarlyStopping counter: 1 out of 20
Updating learning rate to 4.239018346471921e-06
Epoch: 95 cost time: 0.6008455753326416
Epoch: 95, Steps/rank: 63 | Train Loss: 0.3932005 Vali Loss: 0.9213430
Validation loss decreased (0.921343 --> 0.921343).  Saving model ...
Updating learning rate to 4.027067429148324e-06
Epoch: 96 cost time: 0.6141316890716553
Epoch: 96, Steps/rank: 63 | Train Loss: 0.3933805 Vali Loss: 0.9213340
Validation loss decreased (0.921343 --> 0.921334).  Saving model ...
Updating learning rate to 3.825714057690908e-06
Epoch: 97 cost time: 0.573206901550293
Epoch: 97, Steps/rank: 63 | Train Loss: 0.3929352 Vali Loss: 0.9213339
Validation loss decreased (0.921334 --> 0.921334).  Saving model ...
Updating learning rate to 3.6344283548063623e-06
Epoch: 98 cost time: 0.5829112529754639
Epoch: 98, Steps/rank: 63 | Train Loss: 0.3931121 Vali Loss: 0.9213199
Validation loss decreased (0.921334 --> 0.921320).  Saving model ...
Updating learning rate to 3.452706937066044e-06
Epoch: 99 cost time: 0.5928668975830078
Epoch: 99, Steps/rank: 63 | Train Loss: 0.3932561 Vali Loss: 0.9213124
Validation loss decreased (0.921320 --> 0.921312).  Saving model ...
Updating learning rate to 3.2800715902127414e-06
Epoch: 100 cost time: 0.6132006645202637
Epoch: 100, Steps/rank: 63 | Train Loss: 0.3932344 Vali Loss: 0.9213100
Validation loss decreased (0.921312 --> 0.921310).  Saving model ...
Updating learning rate to 3.1160680107021042e-06
