Using PyTorch 2.10.0a0+git449b176; visible XPUs: 1
Args in experiment:
Namespace(is_training=1, model_id='aurora_ETTh1_sl360_pl336_h6_m1_s1919', model='FITS', data='ETTh1', root_path='/lus/flare/projects/FRAME-IDP/siebenschuh/TimeSeriesTraining/FITS_data/', data_path='ETTh1.csv', features='M', target='OT', freq='h', checkpoints='/lus/flare/projects/FRAME-IDP/siebenschuh/TimeSeriesTraining/FITS_parallel_reproduction_01/FITS_checkpoints/FITS', results_root='/lus/flare/projects/FRAME-IDP/siebenschuh/TimeSeriesTraining/FITS_parallel_reproduction_01/FITS_results/FITS', seq_len=360, label_len=48, pred_len=336, individual=False, embed_type=0, enc_in=7, dec_in=7, c_out=7, d_model=512, n_heads=8, e_layers=2, d_layers=1, d_ff=2048, moving_avg=25, factor=1, distil=True, dropout=0.05, embed='timeF', activation='gelu', output_attention=False, do_predict=False, run_test=False, ab=2, hidden_size=1, kernel=5, groups=1, levels=3, stacks=1, num_workers=0, ddp_num_workers=0, itr=1, train_epochs=100, batch_size=128, patience=20, learning_rate=0.0005, des='test', loss='mse', lradj='type3', use_amp=False, use_gpu=True, gpu=0, distributed=False, use_multi_gpu=False, devices='0,1,2,3', test_flop=False, aug_method='NA', aug_rate=0.5, in_batch_augmentation=False, in_dataset_augmentation=False, data_size=1, aug_data_size=1, seed=1919, testset_div=2, test_time_train=False, train_mode=1, cut_freq=106, base_T=24, H_order=6, distributed_context=DistributedContext(enabled=False, rank=0, world_size=1, local_rank=0, local_size=1, backend=''), rank=0, world_size=1, local_rank=0, global_batch_size=128)
Rank 0 uses XPU: xpu:0
>>>>>>>start training : aurora_ETTh1_sl360_pl336_h6_m1_s1919_FITS_ETTh1_ftM_sl360_ll48_pl336_H6_0>>>>>>>>>>>>>>>>>>>>>>>>>>
train 7945
val 2545
Model(
  (freq_upsampler): Linear(in_features=106, out_features=204, bias=True)
)
Trainable parameters:  21828
!!!!!!!!!!!!!!learning rate!!!!!!!!!!!!!!!
0.0005
Epoch: 1 cost time: 2.165966272354126
Epoch: 1, Steps/rank: 62 | Train Loss: 0.7522507 Vali Loss: 1.5318455
Validation loss decreased (inf --> 1.531846).  Saving model ...
Updating learning rate to 0.0005
Epoch: 2 cost time: 0.3588683605194092
Epoch: 2, Steps/rank: 62 | Train Loss: 0.5885785 Vali Loss: 1.3882081
Validation loss decreased (1.531846 --> 1.388208).  Saving model ...
Updating learning rate to 0.000475
Epoch: 3 cost time: 0.3443596363067627
Epoch: 3, Steps/rank: 62 | Train Loss: 0.5416564 Vali Loss: 1.3278857
Validation loss decreased (1.388208 --> 1.327886).  Saving model ...
Updating learning rate to 0.00045125
Epoch: 4 cost time: 0.34551501274108887
Epoch: 4, Steps/rank: 62 | Train Loss: 0.5171998 Vali Loss: 1.2880265
Validation loss decreased (1.327886 --> 1.288027).  Saving model ...
Updating learning rate to 0.0004286875
Epoch: 5 cost time: 0.33978271484375
Epoch: 5, Steps/rank: 62 | Train Loss: 0.5007317 Vali Loss: 1.2598112
Validation loss decreased (1.288027 --> 1.259811).  Saving model ...
Updating learning rate to 0.00040725312499999993
Epoch: 6 cost time: 0.3390624523162842
Epoch: 6, Steps/rank: 62 | Train Loss: 0.4892102 Vali Loss: 1.2375886
Validation loss decreased (1.259811 --> 1.237589).  Saving model ...
Updating learning rate to 0.0003868904687499999
Epoch: 7 cost time: 0.3547654151916504
Epoch: 7, Steps/rank: 62 | Train Loss: 0.4806517 Vali Loss: 1.2210892
Validation loss decreased (1.237589 --> 1.221089).  Saving model ...
Updating learning rate to 0.00036754594531249993
Epoch: 8 cost time: 0.3546147346496582
Epoch: 8, Steps/rank: 62 | Train Loss: 0.4741770 Vali Loss: 1.2086922
Validation loss decreased (1.221089 --> 1.208692).  Saving model ...
Updating learning rate to 0.00034916864804687486
Epoch: 9 cost time: 0.3572266101837158
Epoch: 9, Steps/rank: 62 | Train Loss: 0.4692574 Vali Loss: 1.1984119
Validation loss decreased (1.208692 --> 1.198412).  Saving model ...
Updating learning rate to 0.00033171021564453113
Epoch: 10 cost time: 0.36176109313964844
Epoch: 10, Steps/rank: 62 | Train Loss: 0.4657387 Vali Loss: 1.1916650
Validation loss decreased (1.198412 --> 1.191665).  Saving model ...
Updating learning rate to 0.00031512470486230455
Epoch: 11 cost time: 0.36531829833984375
Epoch: 11, Steps/rank: 62 | Train Loss: 0.4629072 Vali Loss: 1.1856113
Validation loss decreased (1.191665 --> 1.185611).  Saving model ...
Updating learning rate to 0.00029936846961918935
Epoch: 12 cost time: 0.3596045970916748
Epoch: 12, Steps/rank: 62 | Train Loss: 0.4608328 Vali Loss: 1.1807730
Validation loss decreased (1.185611 --> 1.180773).  Saving model ...
Updating learning rate to 0.0002844000461382298
Epoch: 13 cost time: 0.37279319763183594
Epoch: 13, Steps/rank: 62 | Train Loss: 0.4592653 Vali Loss: 1.1773044
Validation loss decreased (1.180773 --> 1.177304).  Saving model ...
Updating learning rate to 0.0002701800438313183
Epoch: 14 cost time: 0.3614668846130371
Epoch: 14, Steps/rank: 62 | Train Loss: 0.4580202 Vali Loss: 1.1743026
Validation loss decreased (1.177304 --> 1.174303).  Saving model ...
Updating learning rate to 0.0002566710416397524
Epoch: 15 cost time: 0.3512551784515381
Epoch: 15, Steps/rank: 62 | Train Loss: 0.4569854 Vali Loss: 1.1720164
Validation loss decreased (1.174303 --> 1.172016).  Saving model ...
Updating learning rate to 0.00024383748955776477
Epoch: 16 cost time: 0.3549692630767822
Epoch: 16, Steps/rank: 62 | Train Loss: 0.4562643 Vali Loss: 1.1700124
Validation loss decreased (1.172016 --> 1.170012).  Saving model ...
Updating learning rate to 0.0002316456150798765
Epoch: 17 cost time: 0.36159515380859375
Epoch: 17, Steps/rank: 62 | Train Loss: 0.4556750 Vali Loss: 1.1689550
Validation loss decreased (1.170012 --> 1.168955).  Saving model ...
Updating learning rate to 0.00022006333432588268
Epoch: 18 cost time: 0.35516810417175293
Epoch: 18, Steps/rank: 62 | Train Loss: 0.4551012 Vali Loss: 1.1673518
Validation loss decreased (1.168955 --> 1.167352).  Saving model ...
Updating learning rate to 0.00020906016760958854
Epoch: 19 cost time: 0.36331892013549805
Epoch: 19, Steps/rank: 62 | Train Loss: 0.4545231 Vali Loss: 1.1669338
Validation loss decreased (1.167352 --> 1.166934).  Saving model ...
Updating learning rate to 0.0001986071592291091
Epoch: 20 cost time: 0.3712794780731201
Epoch: 20, Steps/rank: 62 | Train Loss: 0.4544271 Vali Loss: 1.1657050
Validation loss decreased (1.166934 --> 1.165705).  Saving model ...
Updating learning rate to 0.00018867680126765363
Epoch: 21 cost time: 0.35358166694641113
Epoch: 21, Steps/rank: 62 | Train Loss: 0.4541937 Vali Loss: 1.1653129
Validation loss decreased (1.165705 --> 1.165313).  Saving model ...
Updating learning rate to 0.00017924296120427094
Epoch: 22 cost time: 0.36204957962036133
Epoch: 22, Steps/rank: 62 | Train Loss: 0.4539243 Vali Loss: 1.1645496
Validation loss decreased (1.165313 --> 1.164550).  Saving model ...
Updating learning rate to 0.0001702808131440574
Epoch: 23 cost time: 0.36350536346435547
Epoch: 23, Steps/rank: 62 | Train Loss: 0.4537415 Vali Loss: 1.1642267
Validation loss decreased (1.164550 --> 1.164227).  Saving model ...
Updating learning rate to 0.0001617667724868545
Epoch: 24 cost time: 0.3774716854095459
Epoch: 24, Steps/rank: 62 | Train Loss: 0.4535147 Vali Loss: 1.1638182
Validation loss decreased (1.164227 --> 1.163818).  Saving model ...
Updating learning rate to 0.00015367843386251178
Epoch: 25 cost time: 0.3736286163330078
Epoch: 25, Steps/rank: 62 | Train Loss: 0.4534274 Vali Loss: 1.1633006
Validation loss decreased (1.163818 --> 1.163301).  Saving model ...
Updating learning rate to 0.0001459945121693862
Epoch: 26 cost time: 0.38332605361938477
Epoch: 26, Steps/rank: 62 | Train Loss: 0.4534107 Vali Loss: 1.1631329
Validation loss decreased (1.163301 --> 1.163133).  Saving model ...
Updating learning rate to 0.00013869478656091687
Epoch: 27 cost time: 0.3749849796295166
Epoch: 27, Steps/rank: 62 | Train Loss: 0.4532381 Vali Loss: 1.1626939
Validation loss decreased (1.163133 --> 1.162694).  Saving model ...
Updating learning rate to 0.00013176004723287101
Epoch: 28 cost time: 0.3799734115600586
Epoch: 28, Steps/rank: 62 | Train Loss: 0.4530668 Vali Loss: 1.1625541
Validation loss decreased (1.162694 --> 1.162554).  Saving model ...
Updating learning rate to 0.00012517204487122748
Epoch: 29 cost time: 0.39116358757019043
Epoch: 29, Steps/rank: 62 | Train Loss: 0.4529463 Vali Loss: 1.1623331
Validation loss decreased (1.162554 --> 1.162333).  Saving model ...
Updating learning rate to 0.00011891344262766608
Epoch: 30 cost time: 0.40039610862731934
Epoch: 30, Steps/rank: 62 | Train Loss: 0.4528658 Vali Loss: 1.1621936
Validation loss decreased (1.162333 --> 1.162194).  Saving model ...
Updating learning rate to 0.00011296777049628277
Epoch: 31 cost time: 0.39822936058044434
Epoch: 31, Steps/rank: 62 | Train Loss: 0.4527534 Vali Loss: 1.1618763
Validation loss decreased (1.162194 --> 1.161876).  Saving model ...
Updating learning rate to 0.00010731938197146864
Epoch: 32 cost time: 0.3986988067626953
Epoch: 32, Steps/rank: 62 | Train Loss: 0.4527684 Vali Loss: 1.1616306
Validation loss decreased (1.161876 --> 1.161631).  Saving model ...
Updating learning rate to 0.00010195341287289519
Epoch: 33 cost time: 0.41074442863464355
Epoch: 33, Steps/rank: 62 | Train Loss: 0.4526671 Vali Loss: 1.1614801
Validation loss decreased (1.161631 --> 1.161480).  Saving model ...
Updating learning rate to 9.685574222925044e-05
Epoch: 34 cost time: 0.4076979160308838
Epoch: 34, Steps/rank: 62 | Train Loss: 0.4527671 Vali Loss: 1.1613301
Validation loss decreased (1.161480 --> 1.161330).  Saving model ...
Updating learning rate to 9.201295511778792e-05
Epoch: 35 cost time: 0.4026212692260742
Epoch: 35, Steps/rank: 62 | Train Loss: 0.4526244 Vali Loss: 1.1612564
Validation loss decreased (1.161330 --> 1.161256).  Saving model ...
Updating learning rate to 8.74123073618985e-05
Epoch: 36 cost time: 0.40077900886535645
Epoch: 36, Steps/rank: 62 | Train Loss: 0.4525613 Vali Loss: 1.1610797
Validation loss decreased (1.161256 --> 1.161080).  Saving model ...
Updating learning rate to 8.304169199380359e-05
Epoch: 37 cost time: 0.3962264060974121
Epoch: 37, Steps/rank: 62 | Train Loss: 0.4523686 Vali Loss: 1.1611029
EarlyStopping counter: 1 out of 20
Updating learning rate to 7.88896073941134e-05
Epoch: 38 cost time: 0.39706850051879883
Epoch: 38, Steps/rank: 62 | Train Loss: 0.4523263 Vali Loss: 1.1607579
Validation loss decreased (1.161080 --> 1.160758).  Saving model ...
Updating learning rate to 7.494512702440772e-05
Epoch: 39 cost time: 0.40344667434692383
Epoch: 39, Steps/rank: 62 | Train Loss: 0.4522426 Vali Loss: 1.1609261
EarlyStopping counter: 1 out of 20
Updating learning rate to 7.119787067318733e-05
Epoch: 40 cost time: 0.4013862609863281
Epoch: 40, Steps/rank: 62 | Train Loss: 0.4523661 Vali Loss: 1.1608038
EarlyStopping counter: 2 out of 20
Updating learning rate to 6.763797713952796e-05
Epoch: 41 cost time: 0.4045984745025635
Epoch: 41, Steps/rank: 62 | Train Loss: 0.4523502 Vali Loss: 1.1606687
Validation loss decreased (1.160758 --> 1.160669).  Saving model ...
Updating learning rate to 6.425607828255156e-05
Epoch: 42 cost time: 0.40047287940979004
Epoch: 42, Steps/rank: 62 | Train Loss: 0.4523306 Vali Loss: 1.1604512
Validation loss decreased (1.160669 --> 1.160451).  Saving model ...
Updating learning rate to 6.104327436842398e-05
Epoch: 43 cost time: 0.4028482437133789
Epoch: 43, Steps/rank: 62 | Train Loss: 0.4523277 Vali Loss: 1.1603677
Validation loss decreased (1.160451 --> 1.160368).  Saving model ...
Updating learning rate to 5.799111065000278e-05
Epoch: 44 cost time: 0.4042398929595947
Epoch: 44, Steps/rank: 62 | Train Loss: 0.4520412 Vali Loss: 1.1603692
EarlyStopping counter: 1 out of 20
Updating learning rate to 5.509155511750264e-05
Epoch: 45 cost time: 0.4101426601409912
Epoch: 45, Steps/rank: 62 | Train Loss: 0.4521484 Vali Loss: 1.1603512
Validation loss decreased (1.160368 --> 1.160351).  Saving model ...
Updating learning rate to 5.2336977361627504e-05
Epoch: 46 cost time: 0.4061450958251953
Epoch: 46, Steps/rank: 62 | Train Loss: 0.4521617 Vali Loss: 1.1603173
Validation loss decreased (1.160351 --> 1.160317).  Saving model ...
Updating learning rate to 4.9720128493546124e-05
Epoch: 47 cost time: 0.4070148468017578
Epoch: 47, Steps/rank: 62 | Train Loss: 0.4521386 Vali Loss: 1.1601720
Validation loss decreased (1.160317 --> 1.160172).  Saving model ...
Updating learning rate to 4.7234122068868816e-05
Epoch: 48 cost time: 0.3977053165435791
Epoch: 48, Steps/rank: 62 | Train Loss: 0.4521321 Vali Loss: 1.1602299
EarlyStopping counter: 1 out of 20
Updating learning rate to 4.487241596542538e-05
Epoch: 49 cost time: 0.4043266773223877
Epoch: 49, Steps/rank: 62 | Train Loss: 0.4521673 Vali Loss: 1.1601471
Validation loss decreased (1.160172 --> 1.160147).  Saving model ...
Updating learning rate to 4.26287951671541e-05
Epoch: 50 cost time: 0.40558910369873047
Epoch: 50, Steps/rank: 62 | Train Loss: 0.4521835 Vali Loss: 1.1599789
Validation loss decreased (1.160147 --> 1.159979).  Saving model ...
Updating learning rate to 4.0497355408796396e-05
Epoch: 51 cost time: 0.4048728942871094
Epoch: 51, Steps/rank: 62 | Train Loss: 0.4521938 Vali Loss: 1.1600830
EarlyStopping counter: 1 out of 20
Updating learning rate to 3.8472487638356575e-05
Epoch: 52 cost time: 0.4049522876739502
Epoch: 52, Steps/rank: 62 | Train Loss: 0.4519691 Vali Loss: 1.1599245
Validation loss decreased (1.159979 --> 1.159924).  Saving model ...
Updating learning rate to 3.654886325643875e-05
Epoch: 53 cost time: 0.4035472869873047
Epoch: 53, Steps/rank: 62 | Train Loss: 0.4519894 Vali Loss: 1.1600140
EarlyStopping counter: 1 out of 20
Updating learning rate to 3.47214200936168e-05
Epoch: 54 cost time: 0.4047718048095703
Epoch: 54, Steps/rank: 62 | Train Loss: 0.4519301 Vali Loss: 1.1599013
Validation loss decreased (1.159924 --> 1.159901).  Saving model ...
Updating learning rate to 3.298534908893597e-05
Epoch: 55 cost time: 0.40726351737976074
Epoch: 55, Steps/rank: 62 | Train Loss: 0.4521157 Vali Loss: 1.1598920
Validation loss decreased (1.159901 --> 1.159892).  Saving model ...
Updating learning rate to 3.1336081634489166e-05
Epoch: 56 cost time: 0.4034998416900635
Epoch: 56, Steps/rank: 62 | Train Loss: 0.4518674 Vali Loss: 1.1598710
Validation loss decreased (1.159892 --> 1.159871).  Saving model ...
Updating learning rate to 2.9769277552764706e-05
Epoch: 57 cost time: 0.4065999984741211
Epoch: 57, Steps/rank: 62 | Train Loss: 0.4518733 Vali Loss: 1.1598506
Validation loss decreased (1.159871 --> 1.159851).  Saving model ...
Updating learning rate to 2.8280813675126466e-05
Epoch: 58 cost time: 0.40358710289001465
Epoch: 58, Steps/rank: 62 | Train Loss: 0.4520009 Vali Loss: 1.1597969
Validation loss decreased (1.159851 --> 1.159797).  Saving model ...
Updating learning rate to 2.6866772991370145e-05
Epoch: 59 cost time: 0.4200856685638428
Epoch: 59, Steps/rank: 62 | Train Loss: 0.4519476 Vali Loss: 1.1597562
Validation loss decreased (1.159797 --> 1.159756).  Saving model ...
Updating learning rate to 2.5523434341801633e-05
Epoch: 60 cost time: 0.41977906227111816
Epoch: 60, Steps/rank: 62 | Train Loss: 0.4520385 Vali Loss: 1.1597431
Validation loss decreased (1.159756 --> 1.159743).  Saving model ...
Updating learning rate to 2.4247262624711552e-05
Epoch: 61 cost time: 0.4243593215942383
Epoch: 61, Steps/rank: 62 | Train Loss: 0.4519881 Vali Loss: 1.1597566
EarlyStopping counter: 1 out of 20
Updating learning rate to 2.3034899493475973e-05
Epoch: 62 cost time: 0.421154260635376
Epoch: 62, Steps/rank: 62 | Train Loss: 0.4518077 Vali Loss: 1.1596794
Validation loss decreased (1.159743 --> 1.159679).  Saving model ...
Updating learning rate to 2.1883154518802173e-05
Epoch: 63 cost time: 0.4188230037689209
Epoch: 63, Steps/rank: 62 | Train Loss: 0.4518391 Vali Loss: 1.1596239
Validation loss decreased (1.159679 --> 1.159624).  Saving model ...
Updating learning rate to 2.0788996792862066e-05
Epoch: 64 cost time: 0.42006564140319824
Epoch: 64, Steps/rank: 62 | Train Loss: 0.4518328 Vali Loss: 1.1596280
EarlyStopping counter: 1 out of 20
Updating learning rate to 1.974954695321896e-05
Epoch: 65 cost time: 0.4197113513946533
Epoch: 65, Steps/rank: 62 | Train Loss: 0.4517737 Vali Loss: 1.1596543
EarlyStopping counter: 2 out of 20
Updating learning rate to 1.876206960555801e-05
Epoch: 66 cost time: 0.4185168743133545
Epoch: 66, Steps/rank: 62 | Train Loss: 0.4520017 Vali Loss: 1.1596048
Validation loss decreased (1.159624 --> 1.159605).  Saving model ...
Updating learning rate to 1.782396612528011e-05
Epoch: 67 cost time: 0.4255554676055908
Epoch: 67, Steps/rank: 62 | Train Loss: 0.4518184 Vali Loss: 1.1595963
Validation loss decreased (1.159605 --> 1.159596).  Saving model ...
Updating learning rate to 1.6932767819016104e-05
Epoch: 68 cost time: 0.4167213439941406
Epoch: 68, Steps/rank: 62 | Train Loss: 0.4517802 Vali Loss: 1.1595478
Validation loss decreased (1.159596 --> 1.159548).  Saving model ...
Updating learning rate to 1.6086129428065296e-05
Epoch: 69 cost time: 0.4159965515136719
Epoch: 69, Steps/rank: 62 | Train Loss: 0.4519582 Vali Loss: 1.1596094
EarlyStopping counter: 1 out of 20
Updating learning rate to 1.5281822956662033e-05
Epoch: 70 cost time: 0.42096900939941406
Epoch: 70, Steps/rank: 62 | Train Loss: 0.4518015 Vali Loss: 1.1595363
Validation loss decreased (1.159548 --> 1.159536).  Saving model ...
Updating learning rate to 1.451773180882893e-05
Epoch: 71 cost time: 0.4182460308074951
Epoch: 71, Steps/rank: 62 | Train Loss: 0.4517393 Vali Loss: 1.1595440
EarlyStopping counter: 1 out of 20
Updating learning rate to 1.3791845218387483e-05
Epoch: 72 cost time: 0.41784214973449707
Epoch: 72, Steps/rank: 62 | Train Loss: 0.4519051 Vali Loss: 1.1595245
Validation loss decreased (1.159536 --> 1.159524).  Saving model ...
Updating learning rate to 1.3102252957468109e-05
Epoch: 73 cost time: 0.4185035228729248
Epoch: 73, Steps/rank: 62 | Train Loss: 0.4517376 Vali Loss: 1.1595113
Validation loss decreased (1.159524 --> 1.159511).  Saving model ...
Updating learning rate to 1.2447140309594702e-05
Epoch: 74 cost time: 0.4184696674346924
Epoch: 74, Steps/rank: 62 | Train Loss: 0.4516857 Vali Loss: 1.1594728
Validation loss decreased (1.159511 --> 1.159473).  Saving model ...
Updating learning rate to 1.1824783294114967e-05
Epoch: 75 cost time: 0.4251086711883545
Epoch: 75, Steps/rank: 62 | Train Loss: 0.4518047 Vali Loss: 1.1594954
EarlyStopping counter: 1 out of 20
Updating learning rate to 1.1233544129409218e-05
Epoch: 76 cost time: 0.4112842082977295
Epoch: 76, Steps/rank: 62 | Train Loss: 0.4517601 Vali Loss: 1.1594669
Validation loss decreased (1.159473 --> 1.159467).  Saving model ...
Updating learning rate to 1.0671866922938755e-05
Epoch: 77 cost time: 0.4154524803161621
Epoch: 77, Steps/rank: 62 | Train Loss: 0.4516153 Vali Loss: 1.1594623
Validation loss decreased (1.159467 --> 1.159462).  Saving model ...
Updating learning rate to 1.0138273576791817e-05
Epoch: 78 cost time: 0.41945576667785645
Epoch: 78, Steps/rank: 62 | Train Loss: 0.4519043 Vali Loss: 1.1594440
Validation loss decreased (1.159462 --> 1.159444).  Saving model ...
Updating learning rate to 9.631359897952226e-06
Epoch: 79 cost time: 0.4137842655181885
Epoch: 79, Steps/rank: 62 | Train Loss: 0.4517303 Vali Loss: 1.1594372
Validation loss decreased (1.159444 --> 1.159437).  Saving model ...
Updating learning rate to 9.149791903054614e-06
Epoch: 80 cost time: 0.41608572006225586
Epoch: 80, Steps/rank: 62 | Train Loss: 0.4517931 Vali Loss: 1.1594546
EarlyStopping counter: 1 out of 20
Updating learning rate to 8.692302307901884e-06
Epoch: 81 cost time: 0.41476893424987793
Epoch: 81, Steps/rank: 62 | Train Loss: 0.4518383 Vali Loss: 1.1594302
Validation loss decreased (1.159437 --> 1.159430).  Saving model ...
Updating learning rate to 8.25768719250679e-06
Epoch: 82 cost time: 0.4176607131958008
Epoch: 82, Steps/rank: 62 | Train Loss: 0.4518699 Vali Loss: 1.1594021
Validation loss decreased (1.159430 --> 1.159402).  Saving model ...
Updating learning rate to 7.84480283288145e-06
Epoch: 83 cost time: 0.41399168968200684
Epoch: 83, Steps/rank: 62 | Train Loss: 0.4517251 Vali Loss: 1.1594183
EarlyStopping counter: 1 out of 20
Updating learning rate to 7.452562691237377e-06
Epoch: 84 cost time: 0.41141343116760254
Epoch: 84, Steps/rank: 62 | Train Loss: 0.4517791 Vali Loss: 1.1594080
EarlyStopping counter: 2 out of 20
Updating learning rate to 7.079934556675507e-06
Epoch: 85 cost time: 0.4154322147369385
Epoch: 85, Steps/rank: 62 | Train Loss: 0.4517352 Vali Loss: 1.1594167
EarlyStopping counter: 3 out of 20
Updating learning rate to 6.725937828841732e-06
Epoch: 86 cost time: 0.4142124652862549
Epoch: 86, Steps/rank: 62 | Train Loss: 0.4517201 Vali Loss: 1.1594011
Validation loss decreased (1.159402 --> 1.159401).  Saving model ...
Updating learning rate to 6.389640937399644e-06
Epoch: 87 cost time: 0.41791749000549316
Epoch: 87, Steps/rank: 62 | Train Loss: 0.4518517 Vali Loss: 1.1593924
Validation loss decreased (1.159401 --> 1.159392).  Saving model ...
Updating learning rate to 6.070158890529662e-06
Epoch: 88 cost time: 0.41141676902770996
Epoch: 88, Steps/rank: 62 | Train Loss: 0.4517634 Vali Loss: 1.1593967
EarlyStopping counter: 1 out of 20
Updating learning rate to 5.766650946003179e-06
Epoch: 89 cost time: 0.4080839157104492
Epoch: 89, Steps/rank: 62 | Train Loss: 0.4517870 Vali Loss: 1.1593864
Validation loss decreased (1.159392 --> 1.159386).  Saving model ...
Updating learning rate to 5.47831839870302e-06
Epoch: 90 cost time: 0.40952467918395996
Epoch: 90, Steps/rank: 62 | Train Loss: 0.4515864 Vali Loss: 1.1593820
Validation loss decreased (1.159386 --> 1.159382).  Saving model ...
Updating learning rate to 5.204402478767869e-06
Epoch: 91 cost time: 0.41707658767700195
Epoch: 91, Steps/rank: 62 | Train Loss: 0.4518005 Vali Loss: 1.1593748
Validation loss decreased (1.159382 --> 1.159375).  Saving model ...
Updating learning rate to 4.944182354829475e-06
Epoch: 92 cost time: 0.4143390655517578
Epoch: 92, Steps/rank: 62 | Train Loss: 0.4517586 Vali Loss: 1.1593668
Validation loss decreased (1.159375 --> 1.159367).  Saving model ...
Updating learning rate to 4.696973237088e-06
Epoch: 93 cost time: 0.4078226089477539
Epoch: 93, Steps/rank: 62 | Train Loss: 0.4516873 Vali Loss: 1.1593669
EarlyStopping counter: 1 out of 20
Updating learning rate to 4.462124575233601e-06
Epoch: 94 cost time: 0.4067502021789551
Epoch: 94, Steps/rank: 62 | Train Loss: 0.4516609 Vali Loss: 1.1593673
EarlyStopping counter: 2 out of 20
Updating learning rate to 4.239018346471921e-06
Epoch: 95 cost time: 0.41231250762939453
Epoch: 95, Steps/rank: 62 | Train Loss: 0.4517233 Vali Loss: 1.1593581
Validation loss decreased (1.159367 --> 1.159358).  Saving model ...
Updating learning rate to 4.027067429148324e-06
Epoch: 96 cost time: 0.4100644588470459
Epoch: 96, Steps/rank: 62 | Train Loss: 0.4518467 Vali Loss: 1.1593540
Validation loss decreased (1.159358 --> 1.159354).  Saving model ...
Updating learning rate to 3.825714057690908e-06
Epoch: 97 cost time: 0.40988636016845703
Epoch: 97, Steps/rank: 62 | Train Loss: 0.4517059 Vali Loss: 1.1593464
Validation loss decreased (1.159354 --> 1.159346).  Saving model ...
Updating learning rate to 3.6344283548063623e-06
Epoch: 98 cost time: 0.40245604515075684
Epoch: 98, Steps/rank: 62 | Train Loss: 0.4517222 Vali Loss: 1.1593524
EarlyStopping counter: 1 out of 20
Updating learning rate to 3.452706937066044e-06
Epoch: 99 cost time: 0.4018826484680176
Epoch: 99, Steps/rank: 62 | Train Loss: 0.4517586 Vali Loss: 1.1593399
Validation loss decreased (1.159346 --> 1.159340).  Saving model ...
Updating learning rate to 3.2800715902127414e-06
Epoch: 100 cost time: 0.39736342430114746
Epoch: 100, Steps/rank: 62 | Train Loss: 0.4519328 Vali Loss: 1.1593414
EarlyStopping counter: 1 out of 20
Updating learning rate to 3.1160680107021042e-06
