Using PyTorch 2.10.0a0+git449b176; visible XPUs: 1
Args in experiment:
Namespace(is_training=1, model_id='aurora_ETTh2_sl720_pl96_h6_m2_s114', model='FITS', data='ETTh2', root_path='/lus/flare/projects/FRAME-IDP/siebenschuh/TimeSeriesTraining/FITS_data/', data_path='ETTh2.csv', features='M', target='OT', freq='h', checkpoints='/lus/flare/projects/FRAME-IDP/siebenschuh/TimeSeriesTraining/FITS_parallel_reproduction_01/FITS_checkpoints/FITS', results_root='/lus/flare/projects/FRAME-IDP/siebenschuh/TimeSeriesTraining/FITS_parallel_reproduction_01/FITS_results/FITS', seq_len=720, label_len=48, pred_len=96, individual=False, embed_type=0, enc_in=7, dec_in=7, c_out=7, d_model=512, n_heads=8, e_layers=2, d_layers=1, d_ff=2048, moving_avg=25, factor=1, distil=True, dropout=0.05, embed='timeF', activation='gelu', output_attention=False, do_predict=False, run_test=False, ab=2, hidden_size=1, kernel=5, groups=1, levels=3, stacks=1, num_workers=0, ddp_num_workers=0, itr=1, train_epochs=100, batch_size=128, patience=20, learning_rate=0.0005, des='test', loss='mse', lradj='type3', use_amp=False, use_gpu=True, gpu=0, distributed=False, use_multi_gpu=False, devices='0,1,2,3', test_flop=False, aug_method='NA', aug_rate=0.5, in_batch_augmentation=False, in_dataset_augmentation=False, data_size=1, aug_data_size=1, seed=114, testset_div=2, test_time_train=False, train_mode=2, cut_freq=196, base_T=24, H_order=6, distributed_context=DistributedContext(enabled=False, rank=0, world_size=1, local_rank=0, local_size=1, backend=''), rank=0, world_size=1, local_rank=0, global_batch_size=128)
Rank 0 uses XPU: xpu:0
>>>>>>>start training : aurora_ETTh2_sl720_pl96_h6_m2_s114_FITS_ETTh2_ftM_sl720_ll48_pl96_H6_0>>>>>>>>>>>>>>>>>>>>>>>>>>
train 7825
val 2785
Model(
  (freq_upsampler): Linear(in_features=196, out_features=222, bias=True)
)
Trainable parameters:  43734
!!!!!!!!!!!!!!learning rate!!!!!!!!!!!!!!!
0.0005
Epoch: 1 cost time: 2.331940174102783
Epoch: 1, Steps/rank: 61 | Train Loss: 0.5457718 Vali Loss: 0.3869445
Validation loss decreased (inf --> 0.386944).  Saving model ...
Updating learning rate to 0.0005
Epoch: 2 cost time: 0.4352383613586426
Epoch: 2, Steps/rank: 61 | Train Loss: 0.4205207 Vali Loss: 0.3374798
Validation loss decreased (0.386944 --> 0.337480).  Saving model ...
Updating learning rate to 0.000475
Epoch: 3 cost time: 0.4438343048095703
Epoch: 3, Steps/rank: 61 | Train Loss: 0.3603867 Vali Loss: 0.3221442
Validation loss decreased (0.337480 --> 0.322144).  Saving model ...
Updating learning rate to 0.00045125
Epoch: 4 cost time: 0.43865394592285156
Epoch: 4, Steps/rank: 61 | Train Loss: 0.3233775 Vali Loss: 0.3166560
Validation loss decreased (0.322144 --> 0.316656).  Saving model ...
Updating learning rate to 0.0004286875
Epoch: 5 cost time: 0.44400763511657715
Epoch: 5, Steps/rank: 61 | Train Loss: 0.2967795 Vali Loss: 0.3137648
Validation loss decreased (0.316656 --> 0.313765).  Saving model ...
Updating learning rate to 0.00040725312499999993
Epoch: 6 cost time: 0.44069361686706543
Epoch: 6, Steps/rank: 61 | Train Loss: 0.2757664 Vali Loss: 0.3114084
Validation loss decreased (0.313765 --> 0.311408).  Saving model ...
Updating learning rate to 0.0003868904687499999
Epoch: 7 cost time: 0.4495251178741455
Epoch: 7, Steps/rank: 61 | Train Loss: 0.2581233 Vali Loss: 0.3087439
Validation loss decreased (0.311408 --> 0.308744).  Saving model ...
Updating learning rate to 0.00036754594531249993
Epoch: 8 cost time: 0.45548272132873535
Epoch: 8, Steps/rank: 61 | Train Loss: 0.2433089 Vali Loss: 0.3060997
Validation loss decreased (0.308744 --> 0.306100).  Saving model ...
Updating learning rate to 0.00034916864804687486
Epoch: 9 cost time: 0.45020365715026855
Epoch: 9, Steps/rank: 61 | Train Loss: 0.2300996 Vali Loss: 0.3033683
Validation loss decreased (0.306100 --> 0.303368).  Saving model ...
Updating learning rate to 0.00033171021564453113
Epoch: 10 cost time: 0.4577982425689697
Epoch: 10, Steps/rank: 61 | Train Loss: 0.2187476 Vali Loss: 0.3004087
Validation loss decreased (0.303368 --> 0.300409).  Saving model ...
Updating learning rate to 0.00031512470486230455
Epoch: 11 cost time: 0.4684441089630127
Epoch: 11, Steps/rank: 61 | Train Loss: 0.2086496 Vali Loss: 0.2981881
Validation loss decreased (0.300409 --> 0.298188).  Saving model ...
Updating learning rate to 0.00029936846961918935
Epoch: 12 cost time: 0.47414064407348633
Epoch: 12, Steps/rank: 61 | Train Loss: 0.1995226 Vali Loss: 0.2953651
Validation loss decreased (0.298188 --> 0.295365).  Saving model ...
Updating learning rate to 0.0002844000461382298
Epoch: 13 cost time: 0.46627116203308105
Epoch: 13, Steps/rank: 61 | Train Loss: 0.1913520 Vali Loss: 0.2926328
Validation loss decreased (0.295365 --> 0.292633).  Saving model ...
Updating learning rate to 0.0002701800438313183
Epoch: 14 cost time: 0.43988800048828125
Epoch: 14, Steps/rank: 61 | Train Loss: 0.1840210 Vali Loss: 0.2901789
Validation loss decreased (0.292633 --> 0.290179).  Saving model ...
Updating learning rate to 0.0002566710416397524
Epoch: 15 cost time: 0.44501495361328125
Epoch: 15, Steps/rank: 61 | Train Loss: 0.1773031 Vali Loss: 0.2875726
Validation loss decreased (0.290179 --> 0.287573).  Saving model ...
Updating learning rate to 0.00024383748955776477
Epoch: 16 cost time: 0.4363579750061035
Epoch: 16, Steps/rank: 61 | Train Loss: 0.1713268 Vali Loss: 0.2855891
Validation loss decreased (0.287573 --> 0.285589).  Saving model ...
Updating learning rate to 0.0002316456150798765
Epoch: 17 cost time: 0.4321742057800293
Epoch: 17, Steps/rank: 61 | Train Loss: 0.1656899 Vali Loss: 0.2837296
Validation loss decreased (0.285589 --> 0.283730).  Saving model ...
Updating learning rate to 0.00022006333432588268
Epoch: 18 cost time: 0.44053220748901367
Epoch: 18, Steps/rank: 61 | Train Loss: 0.1608903 Vali Loss: 0.2814758
Validation loss decreased (0.283730 --> 0.281476).  Saving model ...
Updating learning rate to 0.00020906016760958854
Epoch: 19 cost time: 0.4316544532775879
Epoch: 19, Steps/rank: 61 | Train Loss: 0.1559844 Vali Loss: 0.2796594
Validation loss decreased (0.281476 --> 0.279659).  Saving model ...
Updating learning rate to 0.0001986071592291091
Epoch: 20 cost time: 0.4535210132598877
Epoch: 20, Steps/rank: 61 | Train Loss: 0.1519197 Vali Loss: 0.2776359
Validation loss decreased (0.279659 --> 0.277636).  Saving model ...
Updating learning rate to 0.00018867680126765363
Epoch: 21 cost time: 0.454571008682251
Epoch: 21, Steps/rank: 61 | Train Loss: 0.1480389 Vali Loss: 0.2761962
Validation loss decreased (0.277636 --> 0.276196).  Saving model ...
Updating learning rate to 0.00017924296120427094
Epoch: 22 cost time: 0.4672970771789551
Epoch: 22, Steps/rank: 61 | Train Loss: 0.1446635 Vali Loss: 0.2746565
Validation loss decreased (0.276196 --> 0.274657).  Saving model ...
Updating learning rate to 0.0001702808131440574
Epoch: 23 cost time: 0.47112512588500977
Epoch: 23, Steps/rank: 61 | Train Loss: 0.1412745 Vali Loss: 0.2728686
Validation loss decreased (0.274657 --> 0.272869).  Saving model ...
Updating learning rate to 0.0001617667724868545
Epoch: 24 cost time: 0.4675772190093994
Epoch: 24, Steps/rank: 61 | Train Loss: 0.1382381 Vali Loss: 0.2715997
Validation loss decreased (0.272869 --> 0.271600).  Saving model ...
Updating learning rate to 0.00015367843386251178
Epoch: 25 cost time: 0.46350646018981934
Epoch: 25, Steps/rank: 61 | Train Loss: 0.1354714 Vali Loss: 0.2703828
Validation loss decreased (0.271600 --> 0.270383).  Saving model ...
Updating learning rate to 0.0001459945121693862
Epoch: 26 cost time: 0.46727609634399414
Epoch: 26, Steps/rank: 61 | Train Loss: 0.1329603 Vali Loss: 0.2690336
Validation loss decreased (0.270383 --> 0.269034).  Saving model ...
Updating learning rate to 0.00013869478656091687
Epoch: 27 cost time: 0.46096277236938477
Epoch: 27, Steps/rank: 61 | Train Loss: 0.1305764 Vali Loss: 0.2680491
Validation loss decreased (0.269034 --> 0.268049).  Saving model ...
Updating learning rate to 0.00013176004723287101
Epoch: 28 cost time: 0.46549415588378906
Epoch: 28, Steps/rank: 61 | Train Loss: 0.1281727 Vali Loss: 0.2669097
Validation loss decreased (0.268049 --> 0.266910).  Saving model ...
Updating learning rate to 0.00012517204487122748
Epoch: 29 cost time: 0.4621729850769043
Epoch: 29, Steps/rank: 61 | Train Loss: 0.1260681 Vali Loss: 0.2659165
Validation loss decreased (0.266910 --> 0.265917).  Saving model ...
Updating learning rate to 0.00011891344262766608
Epoch: 30 cost time: 0.46877479553222656
Epoch: 30, Steps/rank: 61 | Train Loss: 0.1242619 Vali Loss: 0.2649553
Validation loss decreased (0.265917 --> 0.264955).  Saving model ...
Updating learning rate to 0.00011296777049628277
Epoch: 31 cost time: 0.47069811820983887
Epoch: 31, Steps/rank: 61 | Train Loss: 0.1225474 Vali Loss: 0.2639581
Validation loss decreased (0.264955 --> 0.263958).  Saving model ...
Updating learning rate to 0.00010731938197146864
Epoch: 32 cost time: 0.4733858108520508
Epoch: 32, Steps/rank: 61 | Train Loss: 0.1206906 Vali Loss: 0.2630626
Validation loss decreased (0.263958 --> 0.263063).  Saving model ...
Updating learning rate to 0.00010195341287289519
Epoch: 33 cost time: 0.46766209602355957
Epoch: 33, Steps/rank: 61 | Train Loss: 0.1191159 Vali Loss: 0.2622799
Validation loss decreased (0.263063 --> 0.262280).  Saving model ...
Updating learning rate to 9.685574222925044e-05
Epoch: 34 cost time: 0.47078561782836914
Epoch: 34, Steps/rank: 61 | Train Loss: 0.1176587 Vali Loss: 0.2615639
Validation loss decreased (0.262280 --> 0.261564).  Saving model ...
Updating learning rate to 9.201295511778792e-05
Epoch: 35 cost time: 0.47571301460266113
Epoch: 35, Steps/rank: 61 | Train Loss: 0.1165200 Vali Loss: 0.2608158
Validation loss decreased (0.261564 --> 0.260816).  Saving model ...
Updating learning rate to 8.74123073618985e-05
Epoch: 36 cost time: 0.4851040840148926
Epoch: 36, Steps/rank: 61 | Train Loss: 0.1151447 Vali Loss: 0.2601211
Validation loss decreased (0.260816 --> 0.260121).  Saving model ...
Updating learning rate to 8.304169199380359e-05
Epoch: 37 cost time: 0.48241662979125977
Epoch: 37, Steps/rank: 61 | Train Loss: 0.1140102 Vali Loss: 0.2594576
Validation loss decreased (0.260121 --> 0.259458).  Saving model ...
Updating learning rate to 7.88896073941134e-05
Epoch: 38 cost time: 0.4756603240966797
Epoch: 38, Steps/rank: 61 | Train Loss: 0.1128195 Vali Loss: 0.2589500
Validation loss decreased (0.259458 --> 0.258950).  Saving model ...
Updating learning rate to 7.494512702440772e-05
Epoch: 39 cost time: 0.4673032760620117
Epoch: 39, Steps/rank: 61 | Train Loss: 0.1116913 Vali Loss: 0.2582997
Validation loss decreased (0.258950 --> 0.258300).  Saving model ...
Updating learning rate to 7.119787067318733e-05
Epoch: 40 cost time: 0.46871137619018555
Epoch: 40, Steps/rank: 61 | Train Loss: 0.1106624 Vali Loss: 0.2577860
Validation loss decreased (0.258300 --> 0.257786).  Saving model ...
Updating learning rate to 6.763797713952796e-05
Epoch: 41 cost time: 0.46996545791625977
Epoch: 41, Steps/rank: 61 | Train Loss: 0.1097411 Vali Loss: 0.2571444
Validation loss decreased (0.257786 --> 0.257144).  Saving model ...
Updating learning rate to 6.425607828255156e-05
Epoch: 42 cost time: 0.4595062732696533
Epoch: 42, Steps/rank: 61 | Train Loss: 0.1089097 Vali Loss: 0.2567492
Validation loss decreased (0.257144 --> 0.256749).  Saving model ...
Updating learning rate to 6.104327436842398e-05
Epoch: 43 cost time: 0.44855475425720215
Epoch: 43, Steps/rank: 61 | Train Loss: 0.1080965 Vali Loss: 0.2562624
Validation loss decreased (0.256749 --> 0.256262).  Saving model ...
Updating learning rate to 5.799111065000278e-05
Epoch: 44 cost time: 0.4522583484649658
Epoch: 44, Steps/rank: 61 | Train Loss: 0.1073236 Vali Loss: 0.2557783
Validation loss decreased (0.256262 --> 0.255778).  Saving model ...
Updating learning rate to 5.509155511750264e-05
Epoch: 45 cost time: 0.4493288993835449
Epoch: 45, Steps/rank: 61 | Train Loss: 0.1066375 Vali Loss: 0.2554996
Validation loss decreased (0.255778 --> 0.255500).  Saving model ...
Updating learning rate to 5.2336977361627504e-05
Epoch: 46 cost time: 0.45330190658569336
Epoch: 46, Steps/rank: 61 | Train Loss: 0.1058958 Vali Loss: 0.2550288
Validation loss decreased (0.255500 --> 0.255029).  Saving model ...
Updating learning rate to 4.9720128493546124e-05
Epoch: 47 cost time: 0.4566025733947754
Epoch: 47, Steps/rank: 61 | Train Loss: 0.1052293 Vali Loss: 0.2546245
Validation loss decreased (0.255029 --> 0.254625).  Saving model ...
Updating learning rate to 4.7234122068868816e-05
Epoch: 48 cost time: 0.4548146724700928
Epoch: 48, Steps/rank: 61 | Train Loss: 0.1045565 Vali Loss: 0.2543159
Validation loss decreased (0.254625 --> 0.254316).  Saving model ...
Updating learning rate to 4.487241596542538e-05
Epoch: 49 cost time: 0.45479917526245117
Epoch: 49, Steps/rank: 61 | Train Loss: 0.1039933 Vali Loss: 0.2540048
Validation loss decreased (0.254316 --> 0.254005).  Saving model ...
Updating learning rate to 4.26287951671541e-05
Epoch: 50 cost time: 0.45520567893981934
Epoch: 50, Steps/rank: 61 | Train Loss: 0.1034732 Vali Loss: 0.2537233
Validation loss decreased (0.254005 --> 0.253723).  Saving model ...
Updating learning rate to 4.0497355408796396e-05
Epoch: 51 cost time: 0.4613656997680664
Epoch: 51, Steps/rank: 61 | Train Loss: 0.1028787 Vali Loss: 0.2534261
Validation loss decreased (0.253723 --> 0.253426).  Saving model ...
Updating learning rate to 3.8472487638356575e-05
Epoch: 52 cost time: 0.46148037910461426
Epoch: 52, Steps/rank: 61 | Train Loss: 0.1023176 Vali Loss: 0.2531010
Validation loss decreased (0.253426 --> 0.253101).  Saving model ...
Updating learning rate to 3.654886325643875e-05
Epoch: 53 cost time: 0.45891857147216797
Epoch: 53, Steps/rank: 61 | Train Loss: 0.1019011 Vali Loss: 0.2528443
Validation loss decreased (0.253101 --> 0.252844).  Saving model ...
Updating learning rate to 3.47214200936168e-05
Epoch: 54 cost time: 0.46593642234802246
Epoch: 54, Steps/rank: 61 | Train Loss: 0.1015433 Vali Loss: 0.2525864
Validation loss decreased (0.252844 --> 0.252586).  Saving model ...
Updating learning rate to 3.298534908893597e-05
Epoch: 55 cost time: 0.47499847412109375
Epoch: 55, Steps/rank: 61 | Train Loss: 0.1010821 Vali Loss: 0.2523042
Validation loss decreased (0.252586 --> 0.252304).  Saving model ...
Updating learning rate to 3.1336081634489166e-05
Epoch: 56 cost time: 0.46117544174194336
Epoch: 56, Steps/rank: 61 | Train Loss: 0.1007380 Vali Loss: 0.2520991
Validation loss decreased (0.252304 --> 0.252099).  Saving model ...
Updating learning rate to 2.9769277552764706e-05
Epoch: 57 cost time: 0.4520225524902344
Epoch: 57, Steps/rank: 61 | Train Loss: 0.1001316 Vali Loss: 0.2518715
Validation loss decreased (0.252099 --> 0.251871).  Saving model ...
Updating learning rate to 2.8280813675126466e-05
Epoch: 58 cost time: 0.4550940990447998
Epoch: 58, Steps/rank: 61 | Train Loss: 0.1000075 Vali Loss: 0.2516165
Validation loss decreased (0.251871 --> 0.251617).  Saving model ...
Updating learning rate to 2.6866772991370145e-05
Epoch: 59 cost time: 0.4690217971801758
Epoch: 59, Steps/rank: 61 | Train Loss: 0.0996363 Vali Loss: 0.2514633
Validation loss decreased (0.251617 --> 0.251463).  Saving model ...
Updating learning rate to 2.5523434341801633e-05
Epoch: 60 cost time: 0.48023486137390137
Epoch: 60, Steps/rank: 61 | Train Loss: 0.0991645 Vali Loss: 0.2512740
Validation loss decreased (0.251463 --> 0.251274).  Saving model ...
Updating learning rate to 2.4247262624711552e-05
Epoch: 61 cost time: 0.48209619522094727
Epoch: 61, Steps/rank: 61 | Train Loss: 0.0989297 Vali Loss: 0.2510991
Validation loss decreased (0.251274 --> 0.251099).  Saving model ...
Updating learning rate to 2.3034899493475973e-05
Epoch: 62 cost time: 0.4668998718261719
Epoch: 62, Steps/rank: 61 | Train Loss: 0.0986640 Vali Loss: 0.2508899
Validation loss decreased (0.251099 --> 0.250890).  Saving model ...
Updating learning rate to 2.1883154518802173e-05
Epoch: 63 cost time: 0.46815061569213867
Epoch: 63, Steps/rank: 61 | Train Loss: 0.0983585 Vali Loss: 0.2507491
Validation loss decreased (0.250890 --> 0.250749).  Saving model ...
Updating learning rate to 2.0788996792862066e-05
Epoch: 64 cost time: 0.4608123302459717
Epoch: 64, Steps/rank: 61 | Train Loss: 0.0980505 Vali Loss: 0.2505800
Validation loss decreased (0.250749 --> 0.250580).  Saving model ...
Updating learning rate to 1.974954695321896e-05
Epoch: 65 cost time: 0.4675636291503906
Epoch: 65, Steps/rank: 61 | Train Loss: 0.0978171 Vali Loss: 0.2504620
Validation loss decreased (0.250580 --> 0.250462).  Saving model ...
Updating learning rate to 1.876206960555801e-05
Epoch: 66 cost time: 0.46027374267578125
Epoch: 66, Steps/rank: 61 | Train Loss: 0.0975852 Vali Loss: 0.2503031
Validation loss decreased (0.250462 --> 0.250303).  Saving model ...
Updating learning rate to 1.782396612528011e-05
Epoch: 67 cost time: 0.4655308723449707
Epoch: 67, Steps/rank: 61 | Train Loss: 0.0974276 Vali Loss: 0.2502165
Validation loss decreased (0.250303 --> 0.250216).  Saving model ...
Updating learning rate to 1.6932767819016104e-05
Epoch: 68 cost time: 0.45925235748291016
Epoch: 68, Steps/rank: 61 | Train Loss: 0.0972674 Vali Loss: 0.2500549
Validation loss decreased (0.250216 --> 0.250055).  Saving model ...
Updating learning rate to 1.6086129428065296e-05
Epoch: 69 cost time: 0.45609354972839355
Epoch: 69, Steps/rank: 61 | Train Loss: 0.0970125 Vali Loss: 0.2499529
Validation loss decreased (0.250055 --> 0.249953).  Saving model ...
Updating learning rate to 1.5281822956662033e-05
Epoch: 70 cost time: 0.46274375915527344
Epoch: 70, Steps/rank: 61 | Train Loss: 0.0966806 Vali Loss: 0.2498299
Validation loss decreased (0.249953 --> 0.249830).  Saving model ...
Updating learning rate to 1.451773180882893e-05
Epoch: 71 cost time: 0.4520266056060791
Epoch: 71, Steps/rank: 61 | Train Loss: 0.0966124 Vali Loss: 0.2497054
Validation loss decreased (0.249830 --> 0.249705).  Saving model ...
Updating learning rate to 1.3791845218387483e-05
Epoch: 72 cost time: 0.4545013904571533
Epoch: 72, Steps/rank: 61 | Train Loss: 0.0963844 Vali Loss: 0.2495943
Validation loss decreased (0.249705 --> 0.249594).  Saving model ...
Updating learning rate to 1.3102252957468109e-05
Epoch: 73 cost time: 0.4617187976837158
Epoch: 73, Steps/rank: 61 | Train Loss: 0.0962832 Vali Loss: 0.2495084
Validation loss decreased (0.249594 --> 0.249508).  Saving model ...
Updating learning rate to 1.2447140309594702e-05
Epoch: 74 cost time: 0.46222472190856934
Epoch: 74, Steps/rank: 61 | Train Loss: 0.0960803 Vali Loss: 0.2494162
Validation loss decreased (0.249508 --> 0.249416).  Saving model ...
Updating learning rate to 1.1824783294114967e-05
Epoch: 75 cost time: 0.4564540386199951
Epoch: 75, Steps/rank: 61 | Train Loss: 0.0960181 Vali Loss: 0.2493333
Validation loss decreased (0.249416 --> 0.249333).  Saving model ...
Updating learning rate to 1.1233544129409218e-05
Epoch: 76 cost time: 0.46394777297973633
Epoch: 76, Steps/rank: 61 | Train Loss: 0.0957732 Vali Loss: 0.2492418
Validation loss decreased (0.249333 --> 0.249242).  Saving model ...
Updating learning rate to 1.0671866922938755e-05
Epoch: 77 cost time: 0.46035146713256836
Epoch: 77, Steps/rank: 61 | Train Loss: 0.0957032 Vali Loss: 0.2491572
Validation loss decreased (0.249242 --> 0.249157).  Saving model ...
Updating learning rate to 1.0138273576791817e-05
Epoch: 78 cost time: 0.4756145477294922
Epoch: 78, Steps/rank: 61 | Train Loss: 0.0955833 Vali Loss: 0.2490595
Validation loss decreased (0.249157 --> 0.249059).  Saving model ...
Updating learning rate to 9.631359897952226e-06
Epoch: 79 cost time: 0.46732616424560547
Epoch: 79, Steps/rank: 61 | Train Loss: 0.0954661 Vali Loss: 0.2490032
Validation loss decreased (0.249059 --> 0.249003).  Saving model ...
Updating learning rate to 9.149791903054614e-06
Epoch: 80 cost time: 0.4592244625091553
Epoch: 80, Steps/rank: 61 | Train Loss: 0.0953019 Vali Loss: 0.2489448
Validation loss decreased (0.249003 --> 0.248945).  Saving model ...
Updating learning rate to 8.692302307901884e-06
Epoch: 81 cost time: 0.44992756843566895
Epoch: 81, Steps/rank: 61 | Train Loss: 0.0951430 Vali Loss: 0.2488857
Validation loss decreased (0.248945 --> 0.248886).  Saving model ...
Updating learning rate to 8.25768719250679e-06
Epoch: 82 cost time: 0.4615597724914551
Epoch: 82, Steps/rank: 61 | Train Loss: 0.0951255 Vali Loss: 0.2488156
Validation loss decreased (0.248886 --> 0.248816).  Saving model ...
Updating learning rate to 7.84480283288145e-06
Epoch: 83 cost time: 0.4681878089904785
Epoch: 83, Steps/rank: 61 | Train Loss: 0.0950013 Vali Loss: 0.2487452
Validation loss decreased (0.248816 --> 0.248745).  Saving model ...
Updating learning rate to 7.452562691237377e-06
Epoch: 84 cost time: 0.46173787117004395
Epoch: 84, Steps/rank: 61 | Train Loss: 0.0949339 Vali Loss: 0.2486926
Validation loss decreased (0.248745 --> 0.248693).  Saving model ...
Updating learning rate to 7.079934556675507e-06
Epoch: 85 cost time: 0.4606926441192627
Epoch: 85, Steps/rank: 61 | Train Loss: 0.0948468 Vali Loss: 0.2486410
Validation loss decreased (0.248693 --> 0.248641).  Saving model ...
Updating learning rate to 6.725937828841732e-06
Epoch: 86 cost time: 0.4341270923614502
Epoch: 86, Steps/rank: 61 | Train Loss: 0.0946682 Vali Loss: 0.2485848
Validation loss decreased (0.248641 --> 0.248585).  Saving model ...
Updating learning rate to 6.389640937399644e-06
Epoch: 87 cost time: 0.4415566921234131
Epoch: 87, Steps/rank: 61 | Train Loss: 0.0945891 Vali Loss: 0.2485363
Validation loss decreased (0.248585 --> 0.248536).  Saving model ...
Updating learning rate to 6.070158890529662e-06
Epoch: 88 cost time: 0.43476009368896484
Epoch: 88, Steps/rank: 61 | Train Loss: 0.0945519 Vali Loss: 0.2485028
Validation loss decreased (0.248536 --> 0.248503).  Saving model ...
Updating learning rate to 5.766650946003179e-06
Epoch: 89 cost time: 0.4349043369293213
Epoch: 89, Steps/rank: 61 | Train Loss: 0.0944955 Vali Loss: 0.2484450
Validation loss decreased (0.248503 --> 0.248445).  Saving model ...
Updating learning rate to 5.47831839870302e-06
Epoch: 90 cost time: 0.43668031692504883
Epoch: 90, Steps/rank: 61 | Train Loss: 0.0944188 Vali Loss: 0.2484206
Validation loss decreased (0.248445 --> 0.248421).  Saving model ...
Updating learning rate to 5.204402478767869e-06
Epoch: 91 cost time: 0.4180717468261719
Epoch: 91, Steps/rank: 61 | Train Loss: 0.0942302 Vali Loss: 0.2483757
Validation loss decreased (0.248421 --> 0.248376).  Saving model ...
Updating learning rate to 4.944182354829475e-06
Epoch: 92 cost time: 0.40224289894104004
Epoch: 92, Steps/rank: 61 | Train Loss: 0.0940750 Vali Loss: 0.2483225
Validation loss decreased (0.248376 --> 0.248322).  Saving model ...
Updating learning rate to 4.696973237088e-06
Epoch: 93 cost time: 0.4155125617980957
Epoch: 93, Steps/rank: 61 | Train Loss: 0.0942097 Vali Loss: 0.2483014
Validation loss decreased (0.248322 --> 0.248301).  Saving model ...
Updating learning rate to 4.462124575233601e-06
Epoch: 94 cost time: 0.4165513515472412
Epoch: 94, Steps/rank: 61 | Train Loss: 0.0940506 Vali Loss: 0.2482646
Validation loss decreased (0.248301 --> 0.248265).  Saving model ...
Updating learning rate to 4.239018346471921e-06
Epoch: 95 cost time: 0.421083927154541
Epoch: 95, Steps/rank: 61 | Train Loss: 0.0940739 Vali Loss: 0.2482285
Validation loss decreased (0.248265 --> 0.248228).  Saving model ...
Updating learning rate to 4.027067429148324e-06
Epoch: 96 cost time: 0.404803991317749
Epoch: 96, Steps/rank: 61 | Train Loss: 0.0940283 Vali Loss: 0.2481892
Validation loss decreased (0.248228 --> 0.248189).  Saving model ...
Updating learning rate to 3.825714057690908e-06
Epoch: 97 cost time: 0.39955687522888184
Epoch: 97, Steps/rank: 61 | Train Loss: 0.0940161 Vali Loss: 0.2481685
Validation loss decreased (0.248189 --> 0.248168).  Saving model ...
Updating learning rate to 3.6344283548063623e-06
Epoch: 98 cost time: 0.402573823928833
Epoch: 98, Steps/rank: 61 | Train Loss: 0.0939399 Vali Loss: 0.2481359
Validation loss decreased (0.248168 --> 0.248136).  Saving model ...
Updating learning rate to 3.452706937066044e-06
Epoch: 99 cost time: 0.39377665519714355
Epoch: 99, Steps/rank: 61 | Train Loss: 0.0939247 Vali Loss: 0.2481128
Validation loss decreased (0.248136 --> 0.248113).  Saving model ...
Updating learning rate to 3.2800715902127414e-06
Epoch: 100 cost time: 0.4049670696258545
Epoch: 100, Steps/rank: 61 | Train Loss: 0.0938675 Vali Loss: 0.2480939
Validation loss decreased (0.248113 --> 0.248094).  Saving model ...
Updating learning rate to 3.1160680107021042e-06
train 7825
val 2785
Model(
  (freq_upsampler): Linear(in_features=196, out_features=222, bias=True)
)
Trainable parameters:  43734
!!!!!!!!!!!!!!learning rate!!!!!!!!!!!!!!!
0.0005
Epoch: 1 cost time: 0.41043901443481445
Epoch: 1, Steps/rank: 61 | Train Loss: 0.4242741 Vali Loss: 0.2243495
Validation loss decreased (inf --> 0.224349).  Saving model ...
Updating learning rate to 0.0005
Epoch: 2 cost time: 0.3932921886444092
Epoch: 2, Steps/rank: 61 | Train Loss: 0.4105771 Vali Loss: 0.2184887
Validation loss decreased (0.224349 --> 0.218489).  Saving model ...
Updating learning rate to 0.000475
Epoch: 3 cost time: 0.3874213695526123
Epoch: 3, Steps/rank: 61 | Train Loss: 0.4071761 Vali Loss: 0.2169745
Validation loss decreased (0.218489 --> 0.216974).  Saving model ...
Updating learning rate to 0.00045125
Epoch: 4 cost time: 0.3760097026824951
Epoch: 4, Steps/rank: 61 | Train Loss: 0.4049469 Vali Loss: 0.2168538
Validation loss decreased (0.216974 --> 0.216854).  Saving model ...
Updating learning rate to 0.0004286875
Epoch: 5 cost time: 0.3756103515625
Epoch: 5, Steps/rank: 61 | Train Loss: 0.4038484 Vali Loss: 0.2154326
Validation loss decreased (0.216854 --> 0.215433).  Saving model ...
Updating learning rate to 0.00040725312499999993
Epoch: 6 cost time: 0.37480926513671875
Epoch: 6, Steps/rank: 61 | Train Loss: 0.4027734 Vali Loss: 0.2147152
Validation loss decreased (0.215433 --> 0.214715).  Saving model ...
Updating learning rate to 0.0003868904687499999
Epoch: 7 cost time: 0.3744537830352783
Epoch: 7, Steps/rank: 61 | Train Loss: 0.4021290 Vali Loss: 0.2140706
Validation loss decreased (0.214715 --> 0.214071).  Saving model ...
Updating learning rate to 0.00036754594531249993
Epoch: 8 cost time: 0.383897066116333
Epoch: 8, Steps/rank: 61 | Train Loss: 0.4018904 Vali Loss: 0.2134430
Validation loss decreased (0.214071 --> 0.213443).  Saving model ...
Updating learning rate to 0.00034916864804687486
Epoch: 9 cost time: 0.3789663314819336
Epoch: 9, Steps/rank: 61 | Train Loss: 0.4014958 Vali Loss: 0.2130634
Validation loss decreased (0.213443 --> 0.213063).  Saving model ...
Updating learning rate to 0.00033171021564453113
Epoch: 10 cost time: 0.39971017837524414
Epoch: 10, Steps/rank: 61 | Train Loss: 0.4011401 Vali Loss: 0.2125515
Validation loss decreased (0.213063 --> 0.212552).  Saving model ...
Updating learning rate to 0.00031512470486230455
Epoch: 11 cost time: 0.41532206535339355
Epoch: 11, Steps/rank: 61 | Train Loss: 0.4004301 Vali Loss: 0.2132641
EarlyStopping counter: 1 out of 20
Updating learning rate to 0.00029936846961918935
Epoch: 12 cost time: 0.3831288814544678
Epoch: 12, Steps/rank: 61 | Train Loss: 0.4000470 Vali Loss: 0.2125954
EarlyStopping counter: 2 out of 20
Updating learning rate to 0.0002844000461382298
Epoch: 13 cost time: 0.38722729682922363
Epoch: 13, Steps/rank: 61 | Train Loss: 0.3987826 Vali Loss: 0.2124472
Validation loss decreased (0.212552 --> 0.212447).  Saving model ...
Updating learning rate to 0.0002701800438313183
Epoch: 14 cost time: 0.38956737518310547
Epoch: 14, Steps/rank: 61 | Train Loss: 0.3996287 Vali Loss: 0.2128012
EarlyStopping counter: 1 out of 20
Updating learning rate to 0.0002566710416397524
Epoch: 15 cost time: 0.38974976539611816
Epoch: 15, Steps/rank: 61 | Train Loss: 0.3998485 Vali Loss: 0.2122697
Validation loss decreased (0.212447 --> 0.212270).  Saving model ...
Updating learning rate to 0.00024383748955776477
Epoch: 16 cost time: 0.38343214988708496
Epoch: 16, Steps/rank: 61 | Train Loss: 0.3994362 Vali Loss: 0.2123312
EarlyStopping counter: 1 out of 20
Updating learning rate to 0.0002316456150798765
Epoch: 17 cost time: 0.3865690231323242
Epoch: 17, Steps/rank: 61 | Train Loss: 0.3993527 Vali Loss: 0.2126436
EarlyStopping counter: 2 out of 20
Updating learning rate to 0.00022006333432588268
Epoch: 18 cost time: 0.3745734691619873
Epoch: 18, Steps/rank: 61 | Train Loss: 0.3994747 Vali Loss: 0.2129400
EarlyStopping counter: 3 out of 20
Updating learning rate to 0.00020906016760958854
Epoch: 19 cost time: 0.38503503799438477
Epoch: 19, Steps/rank: 61 | Train Loss: 0.3975679 Vali Loss: 0.2121401
Validation loss decreased (0.212270 --> 0.212140).  Saving model ...
Updating learning rate to 0.0001986071592291091
Epoch: 20 cost time: 0.38155269622802734
Epoch: 20, Steps/rank: 61 | Train Loss: 0.3989541 Vali Loss: 0.2118475
Validation loss decreased (0.212140 --> 0.211848).  Saving model ...
Updating learning rate to 0.00018867680126765363
Epoch: 21 cost time: 0.38283562660217285
Epoch: 21, Steps/rank: 61 | Train Loss: 0.3987669 Vali Loss: 0.2121814
EarlyStopping counter: 1 out of 20
Updating learning rate to 0.00017924296120427094
Epoch: 22 cost time: 0.4069085121154785
Epoch: 22, Steps/rank: 61 | Train Loss: 0.3986877 Vali Loss: 0.2117565
Validation loss decreased (0.211848 --> 0.211756).  Saving model ...
Updating learning rate to 0.0001702808131440574
Epoch: 23 cost time: 0.38916492462158203
Epoch: 23, Steps/rank: 61 | Train Loss: 0.3985503 Vali Loss: 0.2118671
EarlyStopping counter: 1 out of 20
Updating learning rate to 0.0001617667724868545
Epoch: 24 cost time: 0.38134098052978516
Epoch: 24, Steps/rank: 61 | Train Loss: 0.3982530 Vali Loss: 0.2120340
EarlyStopping counter: 2 out of 20
Updating learning rate to 0.00015367843386251178
Epoch: 25 cost time: 0.39035749435424805
Epoch: 25, Steps/rank: 61 | Train Loss: 0.3974712 Vali Loss: 0.2118712
EarlyStopping counter: 3 out of 20
Updating learning rate to 0.0001459945121693862
Epoch: 26 cost time: 0.3868601322174072
Epoch: 26, Steps/rank: 61 | Train Loss: 0.3976164 Vali Loss: 0.2117819
EarlyStopping counter: 4 out of 20
Updating learning rate to 0.00013869478656091687
Epoch: 27 cost time: 0.4096672534942627
Epoch: 27, Steps/rank: 61 | Train Loss: 0.3975063 Vali Loss: 0.2116123
Validation loss decreased (0.211756 --> 0.211612).  Saving model ...
Updating learning rate to 0.00013176004723287101
Epoch: 28 cost time: 0.41863417625427246
Epoch: 28, Steps/rank: 61 | Train Loss: 0.3981021 Vali Loss: 0.2115598
Validation loss decreased (0.211612 --> 0.211560).  Saving model ...
Updating learning rate to 0.00012517204487122748
Epoch: 29 cost time: 0.4389941692352295
Epoch: 29, Steps/rank: 61 | Train Loss: 0.3983211 Vali Loss: 0.2117570
EarlyStopping counter: 1 out of 20
Updating learning rate to 0.00011891344262766608
Epoch: 30 cost time: 0.4376490116119385
Epoch: 30, Steps/rank: 61 | Train Loss: 0.3980129 Vali Loss: 0.2118500
EarlyStopping counter: 2 out of 20
Updating learning rate to 0.00011296777049628277
Epoch: 31 cost time: 0.43627047538757324
Epoch: 31, Steps/rank: 61 | Train Loss: 0.3970187 Vali Loss: 0.2116013
EarlyStopping counter: 3 out of 20
Updating learning rate to 0.00010731938197146864
Epoch: 32 cost time: 0.4431471824645996
Epoch: 32, Steps/rank: 61 | Train Loss: 0.3977749 Vali Loss: 0.2115876
EarlyStopping counter: 4 out of 20
Updating learning rate to 0.00010195341287289519
Epoch: 33 cost time: 0.44080448150634766
Epoch: 33, Steps/rank: 61 | Train Loss: 0.3973447 Vali Loss: 0.2115510
Validation loss decreased (0.211560 --> 0.211551).  Saving model ...
Updating learning rate to 9.685574222925044e-05
Epoch: 34 cost time: 0.4486393928527832
Epoch: 34, Steps/rank: 61 | Train Loss: 0.3979597 Vali Loss: 0.2115377
Validation loss decreased (0.211551 --> 0.211538).  Saving model ...
Updating learning rate to 9.201295511778792e-05
Epoch: 35 cost time: 0.46230077743530273
Epoch: 35, Steps/rank: 61 | Train Loss: 0.3976977 Vali Loss: 0.2115812
EarlyStopping counter: 1 out of 20
Updating learning rate to 8.74123073618985e-05
Epoch: 36 cost time: 0.4767334461212158
Epoch: 36, Steps/rank: 61 | Train Loss: 0.3957878 Vali Loss: 0.2115646
EarlyStopping counter: 2 out of 20
Updating learning rate to 8.304169199380359e-05
Epoch: 37 cost time: 0.46145057678222656
Epoch: 37, Steps/rank: 61 | Train Loss: 0.3976452 Vali Loss: 0.2115116
Validation loss decreased (0.211538 --> 0.211512).  Saving model ...
Updating learning rate to 7.88896073941134e-05
Epoch: 38 cost time: 0.46303343772888184
Epoch: 38, Steps/rank: 61 | Train Loss: 0.3971315 Vali Loss: 0.2115517
EarlyStopping counter: 1 out of 20
Updating learning rate to 7.494512702440772e-05
Epoch: 39 cost time: 0.44319677352905273
Epoch: 39, Steps/rank: 61 | Train Loss: 0.3978289 Vali Loss: 0.2114344
Validation loss decreased (0.211512 --> 0.211434).  Saving model ...
Updating learning rate to 7.119787067318733e-05
Epoch: 40 cost time: 0.4310755729675293
Epoch: 40, Steps/rank: 61 | Train Loss: 0.3976272 Vali Loss: 0.2114692
EarlyStopping counter: 1 out of 20
Updating learning rate to 6.763797713952796e-05
Epoch: 41 cost time: 0.4451284408569336
Epoch: 41, Steps/rank: 61 | Train Loss: 0.3971490 Vali Loss: 0.2115556
EarlyStopping counter: 2 out of 20
Updating learning rate to 6.425607828255156e-05
Epoch: 42 cost time: 0.4709193706512451
Epoch: 42, Steps/rank: 61 | Train Loss: 0.3973961 Vali Loss: 0.2114157
Validation loss decreased (0.211434 --> 0.211416).  Saving model ...
Updating learning rate to 6.104327436842398e-05
Epoch: 43 cost time: 0.47273755073547363
Epoch: 43, Steps/rank: 61 | Train Loss: 0.3970966 Vali Loss: 0.2114860
EarlyStopping counter: 1 out of 20
Updating learning rate to 5.799111065000278e-05
Epoch: 44 cost time: 0.4783608913421631
Epoch: 44, Steps/rank: 61 | Train Loss: 0.3974022 Vali Loss: 0.2113966
Validation loss decreased (0.211416 --> 0.211397).  Saving model ...
Updating learning rate to 5.509155511750264e-05
Epoch: 45 cost time: 0.4473850727081299
Epoch: 45, Steps/rank: 61 | Train Loss: 0.3974899 Vali Loss: 0.2115095
EarlyStopping counter: 1 out of 20
Updating learning rate to 5.2336977361627504e-05
Epoch: 46 cost time: 0.448106050491333
Epoch: 46, Steps/rank: 61 | Train Loss: 0.3942515 Vali Loss: 0.2113319
Validation loss decreased (0.211397 --> 0.211332).  Saving model ...
Updating learning rate to 4.9720128493546124e-05
Epoch: 47 cost time: 0.44818544387817383
Epoch: 47, Steps/rank: 61 | Train Loss: 0.3965791 Vali Loss: 0.2113555
EarlyStopping counter: 1 out of 20
Updating learning rate to 4.7234122068868816e-05
Epoch: 48 cost time: 0.4392087459564209
Epoch: 48, Steps/rank: 61 | Train Loss: 0.3971668 Vali Loss: 0.2113942
EarlyStopping counter: 2 out of 20
Updating learning rate to 4.487241596542538e-05
Epoch: 49 cost time: 0.43936634063720703
Epoch: 49, Steps/rank: 61 | Train Loss: 0.3970463 Vali Loss: 0.2114800
EarlyStopping counter: 3 out of 20
Updating learning rate to 4.26287951671541e-05
Epoch: 50 cost time: 0.4456360340118408
Epoch: 50, Steps/rank: 61 | Train Loss: 0.3974079 Vali Loss: 0.2113896
EarlyStopping counter: 4 out of 20
Updating learning rate to 4.0497355408796396e-05
Epoch: 51 cost time: 0.4377894401550293
Epoch: 51, Steps/rank: 61 | Train Loss: 0.3972418 Vali Loss: 0.2113945
EarlyStopping counter: 5 out of 20
Updating learning rate to 3.8472487638356575e-05
Epoch: 52 cost time: 0.4448387622833252
Epoch: 52, Steps/rank: 61 | Train Loss: 0.3971733 Vali Loss: 0.2113085
Validation loss decreased (0.211332 --> 0.211309).  Saving model ...
Updating learning rate to 3.654886325643875e-05
Epoch: 53 cost time: 0.44731783866882324
Epoch: 53, Steps/rank: 61 | Train Loss: 0.3966984 Vali Loss: 0.2113474
EarlyStopping counter: 1 out of 20
Updating learning rate to 3.47214200936168e-05
Epoch: 54 cost time: 0.4468064308166504
Epoch: 54, Steps/rank: 61 | Train Loss: 0.3970568 Vali Loss: 0.2114197
EarlyStopping counter: 2 out of 20
Updating learning rate to 3.298534908893597e-05
Epoch: 55 cost time: 0.45279717445373535
Epoch: 55, Steps/rank: 61 | Train Loss: 0.3972314 Vali Loss: 0.2113974
EarlyStopping counter: 3 out of 20
Updating learning rate to 3.1336081634489166e-05
Epoch: 56 cost time: 0.44756364822387695
Epoch: 56, Steps/rank: 61 | Train Loss: 0.3973279 Vali Loss: 0.2113473
EarlyStopping counter: 4 out of 20
Updating learning rate to 2.9769277552764706e-05
Epoch: 57 cost time: 0.4494326114654541
Epoch: 57, Steps/rank: 61 | Train Loss: 0.3973820 Vali Loss: 0.2113172
EarlyStopping counter: 5 out of 20
Updating learning rate to 2.8280813675126466e-05
Epoch: 58 cost time: 0.4483349323272705
Epoch: 58, Steps/rank: 61 | Train Loss: 0.3968360 Vali Loss: 0.2114029
EarlyStopping counter: 6 out of 20
Updating learning rate to 2.6866772991370145e-05
Epoch: 59 cost time: 0.4508829116821289
Epoch: 59, Steps/rank: 61 | Train Loss: 0.3962953 Vali Loss: 0.2113309
EarlyStopping counter: 7 out of 20
Updating learning rate to 2.5523434341801633e-05
Epoch: 60 cost time: 0.46059083938598633
Epoch: 60, Steps/rank: 61 | Train Loss: 0.3967308 Vali Loss: 0.2113282
EarlyStopping counter: 8 out of 20
Updating learning rate to 2.4247262624711552e-05
Epoch: 61 cost time: 0.4581263065338135
Epoch: 61, Steps/rank: 61 | Train Loss: 0.3967562 Vali Loss: 0.2113248
EarlyStopping counter: 9 out of 20
Updating learning rate to 2.3034899493475973e-05
Epoch: 62 cost time: 0.460888147354126
Epoch: 62, Steps/rank: 61 | Train Loss: 0.3970556 Vali Loss: 0.2113466
EarlyStopping counter: 10 out of 20
Updating learning rate to 2.1883154518802173e-05
Epoch: 63 cost time: 0.45896434783935547
Epoch: 63, Steps/rank: 61 | Train Loss: 0.3948784 Vali Loss: 0.2113555
EarlyStopping counter: 11 out of 20
Updating learning rate to 2.0788996792862066e-05
Epoch: 64 cost time: 0.44820666313171387
Epoch: 64, Steps/rank: 61 | Train Loss: 0.3970702 Vali Loss: 0.2113028
Validation loss decreased (0.211309 --> 0.211303).  Saving model ...
Updating learning rate to 1.974954695321896e-05
Epoch: 65 cost time: 0.43868398666381836
Epoch: 65, Steps/rank: 61 | Train Loss: 0.3968087 Vali Loss: 0.2113402
EarlyStopping counter: 1 out of 20
Updating learning rate to 1.876206960555801e-05
Epoch: 66 cost time: 0.44314146041870117
Epoch: 66, Steps/rank: 61 | Train Loss: 0.3965351 Vali Loss: 0.2113108
EarlyStopping counter: 2 out of 20
Updating learning rate to 1.782396612528011e-05
Epoch: 67 cost time: 0.4419074058532715
Epoch: 67, Steps/rank: 61 | Train Loss: 0.3971059 Vali Loss: 0.2113869
EarlyStopping counter: 3 out of 20
Updating learning rate to 1.6932767819016104e-05
Epoch: 68 cost time: 0.4399380683898926
Epoch: 68, Steps/rank: 61 | Train Loss: 0.3965679 Vali Loss: 0.2113069
EarlyStopping counter: 4 out of 20
Updating learning rate to 1.6086129428065296e-05
Epoch: 69 cost time: 0.45206212997436523
Epoch: 69, Steps/rank: 61 | Train Loss: 0.3967871 Vali Loss: 0.2113630
EarlyStopping counter: 5 out of 20
Updating learning rate to 1.5281822956662033e-05
Epoch: 70 cost time: 0.4436767101287842
Epoch: 70, Steps/rank: 61 | Train Loss: 0.3969369 Vali Loss: 0.2113278
EarlyStopping counter: 6 out of 20
Updating learning rate to 1.451773180882893e-05
Epoch: 71 cost time: 0.4487006664276123
Epoch: 71, Steps/rank: 61 | Train Loss: 0.3957198 Vali Loss: 0.2113527
EarlyStopping counter: 7 out of 20
Updating learning rate to 1.3791845218387483e-05
Epoch: 72 cost time: 0.43674206733703613
Epoch: 72, Steps/rank: 61 | Train Loss: 0.3970763 Vali Loss: 0.2113168
EarlyStopping counter: 8 out of 20
Updating learning rate to 1.3102252957468109e-05
Epoch: 73 cost time: 0.3883943557739258
Epoch: 73, Steps/rank: 61 | Train Loss: 0.3970261 Vali Loss: 0.2112967
Validation loss decreased (0.211303 --> 0.211297).  Saving model ...
Updating learning rate to 1.2447140309594702e-05
Epoch: 74 cost time: 0.36971282958984375
Epoch: 74, Steps/rank: 61 | Train Loss: 0.3965925 Vali Loss: 0.2112984
EarlyStopping counter: 1 out of 20
Updating learning rate to 1.1824783294114967e-05
Epoch: 75 cost time: 0.40952396392822266
Epoch: 75, Steps/rank: 61 | Train Loss: 0.3969469 Vali Loss: 0.2113260
EarlyStopping counter: 2 out of 20
Updating learning rate to 1.1233544129409218e-05
Epoch: 76 cost time: 0.3895235061645508
Epoch: 76, Steps/rank: 61 | Train Loss: 0.3954120 Vali Loss: 0.2113072
EarlyStopping counter: 3 out of 20
Updating learning rate to 1.0671866922938755e-05
Epoch: 77 cost time: 0.3758430480957031
Epoch: 77, Steps/rank: 61 | Train Loss: 0.3967662 Vali Loss: 0.2112897
Validation loss decreased (0.211297 --> 0.211290).  Saving model ...
Updating learning rate to 1.0138273576791817e-05
Epoch: 78 cost time: 0.41798973083496094
Epoch: 78, Steps/rank: 61 | Train Loss: 0.3969353 Vali Loss: 0.2113130
EarlyStopping counter: 1 out of 20
Updating learning rate to 9.631359897952226e-06
Epoch: 79 cost time: 0.4387812614440918
Epoch: 79, Steps/rank: 61 | Train Loss: 0.3968525 Vali Loss: 0.2112887
Validation loss decreased (0.211290 --> 0.211289).  Saving model ...
Updating learning rate to 9.149791903054614e-06
Epoch: 80 cost time: 0.42969274520874023
Epoch: 80, Steps/rank: 61 | Train Loss: 0.3968190 Vali Loss: 0.2113236
EarlyStopping counter: 1 out of 20
Updating learning rate to 8.692302307901884e-06
Epoch: 81 cost time: 0.44410109519958496
Epoch: 81, Steps/rank: 61 | Train Loss: 0.3953814 Vali Loss: 0.2112713
Validation loss decreased (0.211289 --> 0.211271).  Saving model ...
Updating learning rate to 8.25768719250679e-06
Epoch: 82 cost time: 0.43238067626953125
Epoch: 82, Steps/rank: 61 | Train Loss: 0.3970658 Vali Loss: 0.2112942
EarlyStopping counter: 1 out of 20
Updating learning rate to 7.84480283288145e-06
Epoch: 83 cost time: 0.45568418502807617
Epoch: 83, Steps/rank: 61 | Train Loss: 0.3964742 Vali Loss: 0.2112979
EarlyStopping counter: 2 out of 20
Updating learning rate to 7.452562691237377e-06
Epoch: 84 cost time: 0.44385790824890137
Epoch: 84, Steps/rank: 61 | Train Loss: 0.3948807 Vali Loss: 0.2112714
EarlyStopping counter: 3 out of 20
Updating learning rate to 7.079934556675507e-06
Epoch: 85 cost time: 0.46016716957092285
Epoch: 85, Steps/rank: 61 | Train Loss: 0.3970588 Vali Loss: 0.2112692
Validation loss decreased (0.211271 --> 0.211269).  Saving model ...
Updating learning rate to 6.725937828841732e-06
Epoch: 86 cost time: 0.4455270767211914
Epoch: 86, Steps/rank: 61 | Train Loss: 0.3969957 Vali Loss: 0.2112918
EarlyStopping counter: 1 out of 20
Updating learning rate to 6.389640937399644e-06
Epoch: 87 cost time: 0.449648380279541
Epoch: 87, Steps/rank: 61 | Train Loss: 0.3968620 Vali Loss: 0.2112912
EarlyStopping counter: 2 out of 20
Updating learning rate to 6.070158890529662e-06
Epoch: 88 cost time: 0.45160603523254395
Epoch: 88, Steps/rank: 61 | Train Loss: 0.3967563 Vali Loss: 0.2112945
EarlyStopping counter: 3 out of 20
Updating learning rate to 5.766650946003179e-06
Epoch: 89 cost time: 0.43788576126098633
Epoch: 89, Steps/rank: 61 | Train Loss: 0.3969121 Vali Loss: 0.2112979
EarlyStopping counter: 4 out of 20
Updating learning rate to 5.47831839870302e-06
Epoch: 90 cost time: 0.4397103786468506
Epoch: 90, Steps/rank: 61 | Train Loss: 0.3968538 Vali Loss: 0.2112729
EarlyStopping counter: 5 out of 20
Updating learning rate to 5.204402478767869e-06
Epoch: 91 cost time: 0.4053611755371094
Epoch: 91, Steps/rank: 61 | Train Loss: 0.3971941 Vali Loss: 0.2112912
EarlyStopping counter: 6 out of 20
Updating learning rate to 4.944182354829475e-06
Epoch: 92 cost time: 0.3882873058319092
Epoch: 92, Steps/rank: 61 | Train Loss: 0.3968332 Vali Loss: 0.2112928
EarlyStopping counter: 7 out of 20
Updating learning rate to 4.696973237088e-06
Epoch: 93 cost time: 0.37662768363952637
Epoch: 93, Steps/rank: 61 | Train Loss: 0.3964162 Vali Loss: 0.2112880
EarlyStopping counter: 8 out of 20
Updating learning rate to 4.462124575233601e-06
Epoch: 94 cost time: 0.42778897285461426
Epoch: 94, Steps/rank: 61 | Train Loss: 0.3967442 Vali Loss: 0.2112809
EarlyStopping counter: 9 out of 20
Updating learning rate to 4.239018346471921e-06
Epoch: 95 cost time: 0.43846654891967773
Epoch: 95, Steps/rank: 61 | Train Loss: 0.3964566 Vali Loss: 0.2112820
EarlyStopping counter: 10 out of 20
Updating learning rate to 4.027067429148324e-06
Epoch: 96 cost time: 0.42678046226501465
Epoch: 96, Steps/rank: 61 | Train Loss: 0.3967979 Vali Loss: 0.2112825
EarlyStopping counter: 11 out of 20
Updating learning rate to 3.825714057690908e-06
Epoch: 97 cost time: 0.4273514747619629
Epoch: 97, Steps/rank: 61 | Train Loss: 0.3958946 Vali Loss: 0.2112781
EarlyStopping counter: 12 out of 20
Updating learning rate to 3.6344283548063623e-06
Epoch: 98 cost time: 0.44413256645202637
Epoch: 98, Steps/rank: 61 | Train Loss: 0.3968507 Vali Loss: 0.2112818
EarlyStopping counter: 13 out of 20
Updating learning rate to 3.452706937066044e-06
Epoch: 99 cost time: 0.44471240043640137
Epoch: 99, Steps/rank: 61 | Train Loss: 0.3969647 Vali Loss: 0.2112769
EarlyStopping counter: 14 out of 20
Updating learning rate to 3.2800715902127414e-06
Epoch: 100 cost time: 0.4505319595336914
Epoch: 100, Steps/rank: 61 | Train Loss: 0.3971691 Vali Loss: 0.2112752
EarlyStopping counter: 15 out of 20
Updating learning rate to 3.1160680107021042e-06
