Args in experiment:
Namespace(is_training=1, model_id='aurora_ETTh1_sl360_pl96_h6_m1_s810', model='FITS', data='ETTh1', root_path='/lus/flare/projects/FRAME-IDP/siebenschuh/TimeSeriesTraining/FITS_data/', data_path='ETTh1.csv', features='M', target='OT', freq='h', checkpoints='/lus/flare/projects/FRAME-IDP/siebenschuh/TimeSeriesTraining/FITS_checkpoints/FITS', results_root='/lus/flare/projects/FRAME-IDP/siebenschuh/TimeSeriesTraining/FITS_results/FITS', seq_len=360, label_len=48, pred_len=96, individual=False, embed_type=0, enc_in=7, dec_in=7, c_out=7, d_model=512, n_heads=8, e_layers=2, d_layers=1, d_ff=2048, moving_avg=25, factor=1, distil=True, dropout=0.05, embed='timeF', activation='gelu', output_attention=False, do_predict=False, run_test=False, ab=2, hidden_size=1, kernel=5, groups=1, levels=3, stacks=1, num_workers=4, ddp_num_workers=0, itr=1, train_epochs=100, batch_size=128, patience=20, learning_rate=0.0005, des='test', loss='mse', lradj='type3', use_amp=False, use_gpu=True, gpu=0, distributed=False, use_multi_gpu=False, devices='0,1,2,3', test_flop=False, aug_method='NA', aug_rate=0.5, in_batch_augmentation=False, in_dataset_augmentation=False, data_size=1, aug_data_size=1, seed=810, testset_div=2, test_time_train=False, train_mode=1, cut_freq=106, base_T=24, H_order=6, distributed_context=DistributedContext(enabled=False, rank=0, world_size=1, local_rank=0, local_size=1, backend=''), rank=0, world_size=1, local_rank=0, global_batch_size=128)
Rank 0 uses XPU: xpu:0
>>>>>>>start training : aurora_ETTh1_sl360_pl96_h6_m1_s810_FITS_ETTh1_ftM_sl360_ll48_pl96_H6_0>>>>>>>>>>>>>>>>>>>>>>>>>>
train 8185
val 2785
Model(
  (freq_upsampler): Linear(in_features=106, out_features=134, bias=True)
)
Trainable parameters:  14338
!!!!!!!!!!!!!!learning rate!!!!!!!!!!!!!!!
0.0005
Epoch: 1 cost time: 2.2328827381134033
Epoch: 1, Steps/rank: 63 | Train Loss: 0.5924484 Vali Loss: 1.0483788
Validation loss decreased (inf --> 1.048379).  Saving model ...
Updating learning rate to 0.0005
Epoch: 2 cost time: 0.6423659324645996
Epoch: 2, Steps/rank: 63 | Train Loss: 0.4362404 Vali Loss: 0.8739620
Validation loss decreased (1.048379 --> 0.873962).  Saving model ...
Updating learning rate to 0.000475
Epoch: 3 cost time: 0.588148832321167
Epoch: 3, Steps/rank: 63 | Train Loss: 0.3861907 Vali Loss: 0.7946103
Validation loss decreased (0.873962 --> 0.794610).  Saving model ...
Updating learning rate to 0.00045125
Epoch: 4 cost time: 0.5851659774780273
Epoch: 4, Steps/rank: 63 | Train Loss: 0.3640646 Vali Loss: 0.7546283
Validation loss decreased (0.794610 --> 0.754628).  Saving model ...
Updating learning rate to 0.0004286875
Epoch: 5 cost time: 0.6293835639953613
Epoch: 5, Steps/rank: 63 | Train Loss: 0.3531081 Vali Loss: 0.7327313
Validation loss decreased (0.754628 --> 0.732731).  Saving model ...
Updating learning rate to 0.00040725312499999993
Epoch: 6 cost time: 0.5825719833374023
Epoch: 6, Steps/rank: 63 | Train Loss: 0.3470724 Vali Loss: 0.7202416
Validation loss decreased (0.732731 --> 0.720242).  Saving model ...
Updating learning rate to 0.0003868904687499999
Epoch: 7 cost time: 0.5896515846252441
Epoch: 7, Steps/rank: 63 | Train Loss: 0.3450764 Vali Loss: 0.7130001
Validation loss decreased (0.720242 --> 0.713000).  Saving model ...
Updating learning rate to 0.00036754594531249993
Epoch: 8 cost time: 0.5941271781921387
Epoch: 8, Steps/rank: 63 | Train Loss: 0.3430916 Vali Loss: 0.7077491
Validation loss decreased (0.713000 --> 0.707749).  Saving model ...
Updating learning rate to 0.00034916864804687486
Epoch: 9 cost time: 0.570997953414917
Epoch: 9, Steps/rank: 63 | Train Loss: 0.3423312 Vali Loss: 0.7033422
Validation loss decreased (0.707749 --> 0.703342).  Saving model ...
Updating learning rate to 0.00033171021564453113
Epoch: 10 cost time: 0.6197366714477539
Epoch: 10, Steps/rank: 63 | Train Loss: 0.3416796 Vali Loss: 0.6998412
Validation loss decreased (0.703342 --> 0.699841).  Saving model ...
Updating learning rate to 0.00031512470486230455
Epoch: 11 cost time: 0.5787363052368164
Epoch: 11, Steps/rank: 63 | Train Loss: 0.3414656 Vali Loss: 0.6969717
Validation loss decreased (0.699841 --> 0.696972).  Saving model ...
Updating learning rate to 0.00029936846961918935
Epoch: 12 cost time: 1.4693005084991455
Epoch: 12, Steps/rank: 63 | Train Loss: 0.3405870 Vali Loss: 0.6952501
Validation loss decreased (0.696972 --> 0.695250).  Saving model ...
Updating learning rate to 0.0002844000461382298
Epoch: 13 cost time: 1.1755075454711914
Epoch: 13, Steps/rank: 63 | Train Loss: 0.3404181 Vali Loss: 0.6931853
Validation loss decreased (0.695250 --> 0.693185).  Saving model ...
Updating learning rate to 0.0002701800438313183
Epoch: 14 cost time: 1.0130798816680908
Epoch: 14, Steps/rank: 63 | Train Loss: 0.3395239 Vali Loss: 0.6915475
Validation loss decreased (0.693185 --> 0.691548).  Saving model ...
Updating learning rate to 0.0002566710416397524
Epoch: 15 cost time: 0.937053918838501
Epoch: 15, Steps/rank: 63 | Train Loss: 0.3397139 Vali Loss: 0.6900397
Validation loss decreased (0.691548 --> 0.690040).  Saving model ...
Updating learning rate to 0.00024383748955776477
Epoch: 16 cost time: 0.9336657524108887
Epoch: 16, Steps/rank: 63 | Train Loss: 0.3395914 Vali Loss: 0.6891920
Validation loss decreased (0.690040 --> 0.689192).  Saving model ...
Updating learning rate to 0.0002316456150798765
Epoch: 17 cost time: 1.1863782405853271
Epoch: 17, Steps/rank: 63 | Train Loss: 0.3392679 Vali Loss: 0.6880434
Validation loss decreased (0.689192 --> 0.688043).  Saving model ...
Updating learning rate to 0.00022006333432588268
Epoch: 18 cost time: 0.9758131504058838
Epoch: 18, Steps/rank: 63 | Train Loss: 0.3388687 Vali Loss: 0.6871821
Validation loss decreased (0.688043 --> 0.687182).  Saving model ...
Updating learning rate to 0.00020906016760958854
Epoch: 19 cost time: 0.9726846218109131
Epoch: 19, Steps/rank: 63 | Train Loss: 0.3386632 Vali Loss: 0.6863045
Validation loss decreased (0.687182 --> 0.686305).  Saving model ...
Updating learning rate to 0.0001986071592291091
Epoch: 20 cost time: 0.9369006156921387
Epoch: 20, Steps/rank: 63 | Train Loss: 0.3388065 Vali Loss: 0.6859264
Validation loss decreased (0.686305 --> 0.685926).  Saving model ...
Updating learning rate to 0.00018867680126765363
Epoch: 21 cost time: 1.0076875686645508
Epoch: 21, Steps/rank: 63 | Train Loss: 0.3384602 Vali Loss: 0.6852951
Validation loss decreased (0.685926 --> 0.685295).  Saving model ...
Updating learning rate to 0.00017924296120427094
Epoch: 22 cost time: 0.6212315559387207
Epoch: 22, Steps/rank: 63 | Train Loss: 0.3377273 Vali Loss: 0.6847290
Validation loss decreased (0.685295 --> 0.684729).  Saving model ...
Updating learning rate to 0.0001702808131440574
Epoch: 23 cost time: 0.5822968482971191
Epoch: 23, Steps/rank: 63 | Train Loss: 0.3382123 Vali Loss: 0.6841704
Validation loss decreased (0.684729 --> 0.684170).  Saving model ...
Updating learning rate to 0.0001617667724868545
Epoch: 24 cost time: 0.582935094833374
Epoch: 24, Steps/rank: 63 | Train Loss: 0.3383845 Vali Loss: 0.6834980
Validation loss decreased (0.684170 --> 0.683498).  Saving model ...
Updating learning rate to 0.00015367843386251178
Epoch: 25 cost time: 0.5791146755218506
Epoch: 25, Steps/rank: 63 | Train Loss: 0.3378181 Vali Loss: 0.6830027
Validation loss decreased (0.683498 --> 0.683003).  Saving model ...
Updating learning rate to 0.0001459945121693862
Epoch: 26 cost time: 0.556786298751831
Epoch: 26, Steps/rank: 63 | Train Loss: 0.3375269 Vali Loss: 0.6828385
Validation loss decreased (0.683003 --> 0.682838).  Saving model ...
Updating learning rate to 0.00013869478656091687
Epoch: 27 cost time: 0.6330306529998779
Epoch: 27, Steps/rank: 63 | Train Loss: 0.3377029 Vali Loss: 0.6825592
Validation loss decreased (0.682838 --> 0.682559).  Saving model ...
Updating learning rate to 0.00013176004723287101
Epoch: 28 cost time: 0.6195242404937744
Epoch: 28, Steps/rank: 63 | Train Loss: 0.3372495 Vali Loss: 0.6820654
Validation loss decreased (0.682559 --> 0.682065).  Saving model ...
Updating learning rate to 0.00012517204487122748
Epoch: 29 cost time: 0.6236634254455566
Epoch: 29, Steps/rank: 63 | Train Loss: 0.3374065 Vali Loss: 0.6816805
Validation loss decreased (0.682065 --> 0.681680).  Saving model ...
Updating learning rate to 0.00011891344262766608
Epoch: 30 cost time: 0.586411714553833
Epoch: 30, Steps/rank: 63 | Train Loss: 0.3376689 Vali Loss: 0.6815879
Validation loss decreased (0.681680 --> 0.681588).  Saving model ...
Updating learning rate to 0.00011296777049628277
Epoch: 31 cost time: 0.6055634021759033
Epoch: 31, Steps/rank: 63 | Train Loss: 0.3379384 Vali Loss: 0.6811721
Validation loss decreased (0.681588 --> 0.681172).  Saving model ...
Updating learning rate to 0.00010731938197146864
Epoch: 32 cost time: 0.6052241325378418
Epoch: 32, Steps/rank: 63 | Train Loss: 0.3376084 Vali Loss: 0.6810104
Validation loss decreased (0.681172 --> 0.681010).  Saving model ...
Updating learning rate to 0.00010195341287289519
Epoch: 33 cost time: 0.5755705833435059
Epoch: 33, Steps/rank: 63 | Train Loss: 0.3371539 Vali Loss: 0.6808777
Validation loss decreased (0.681010 --> 0.680878).  Saving model ...
Updating learning rate to 9.685574222925044e-05
Epoch: 34 cost time: 0.5841352939605713
Epoch: 34, Steps/rank: 63 | Train Loss: 0.3375876 Vali Loss: 0.6808094
Validation loss decreased (0.680878 --> 0.680809).  Saving model ...
Updating learning rate to 9.201295511778792e-05
Epoch: 35 cost time: 0.6002252101898193
Epoch: 35, Steps/rank: 63 | Train Loss: 0.3372225 Vali Loss: 0.6808211
EarlyStopping counter: 1 out of 20
Updating learning rate to 8.74123073618985e-05
Epoch: 36 cost time: 0.5652496814727783
Epoch: 36, Steps/rank: 63 | Train Loss: 0.3374498 Vali Loss: 0.6805556
Validation loss decreased (0.680809 --> 0.680556).  Saving model ...
Updating learning rate to 8.304169199380359e-05
Epoch: 37 cost time: 0.5530331134796143
Epoch: 37, Steps/rank: 63 | Train Loss: 0.3373729 Vali Loss: 0.6803835
Validation loss decreased (0.680556 --> 0.680384).  Saving model ...
Updating learning rate to 7.88896073941134e-05
Epoch: 38 cost time: 0.6104929447174072
Epoch: 38, Steps/rank: 63 | Train Loss: 0.3371792 Vali Loss: 0.6800620
Validation loss decreased (0.680384 --> 0.680062).  Saving model ...
Updating learning rate to 7.494512702440772e-05
Epoch: 39 cost time: 0.6220924854278564
Epoch: 39, Steps/rank: 63 | Train Loss: 0.3370806 Vali Loss: 0.6798970
Validation loss decreased (0.680062 --> 0.679897).  Saving model ...
Updating learning rate to 7.119787067318733e-05
Epoch: 40 cost time: 0.6281709671020508
Epoch: 40, Steps/rank: 63 | Train Loss: 0.3362396 Vali Loss: 0.6798898
Validation loss decreased (0.679897 --> 0.679890).  Saving model ...
Updating learning rate to 6.763797713952796e-05
Epoch: 41 cost time: 0.5990736484527588
Epoch: 41, Steps/rank: 63 | Train Loss: 0.3374228 Vali Loss: 0.6798645
Validation loss decreased (0.679890 --> 0.679864).  Saving model ...
Updating learning rate to 6.425607828255156e-05
Epoch: 42 cost time: 0.5748343467712402
Epoch: 42, Steps/rank: 63 | Train Loss: 0.3370272 Vali Loss: 0.6797287
Validation loss decreased (0.679864 --> 0.679729).  Saving model ...
Updating learning rate to 6.104327436842398e-05
Epoch: 43 cost time: 0.5927858352661133
Epoch: 43, Steps/rank: 63 | Train Loss: 0.3367230 Vali Loss: 0.6796366
Validation loss decreased (0.679729 --> 0.679637).  Saving model ...
Updating learning rate to 5.799111065000278e-05
Epoch: 44 cost time: 0.5881359577178955
Epoch: 44, Steps/rank: 63 | Train Loss: 0.3368726 Vali Loss: 0.6795641
Validation loss decreased (0.679637 --> 0.679564).  Saving model ...
Updating learning rate to 5.509155511750264e-05
Epoch: 45 cost time: 0.5858831405639648
Epoch: 45, Steps/rank: 63 | Train Loss: 0.3369199 Vali Loss: 0.6795056
Validation loss decreased (0.679564 --> 0.679506).  Saving model ...
Updating learning rate to 5.2336977361627504e-05
Epoch: 46 cost time: 0.5715811252593994
Epoch: 46, Steps/rank: 63 | Train Loss: 0.3365572 Vali Loss: 0.6794014
Validation loss decreased (0.679506 --> 0.679401).  Saving model ...
Updating learning rate to 4.9720128493546124e-05
Epoch: 47 cost time: 0.5855212211608887
Epoch: 47, Steps/rank: 63 | Train Loss: 0.3368744 Vali Loss: 0.6793377
Validation loss decreased (0.679401 --> 0.679338).  Saving model ...
Updating learning rate to 4.7234122068868816e-05
Epoch: 48 cost time: 0.5751187801361084
Epoch: 48, Steps/rank: 63 | Train Loss: 0.3364191 Vali Loss: 0.6791460
Validation loss decreased (0.679338 --> 0.679146).  Saving model ...
Updating learning rate to 4.487241596542538e-05
Epoch: 49 cost time: 0.5632140636444092
Epoch: 49, Steps/rank: 63 | Train Loss: 0.3360614 Vali Loss: 0.6790635
Validation loss decreased (0.679146 --> 0.679064).  Saving model ...
Updating learning rate to 4.26287951671541e-05
Epoch: 50 cost time: 0.5847733020782471
Epoch: 50, Steps/rank: 63 | Train Loss: 0.3368848 Vali Loss: 0.6790983
EarlyStopping counter: 1 out of 20
Updating learning rate to 4.0497355408796396e-05
Epoch: 51 cost time: 0.5792784690856934
Epoch: 51, Steps/rank: 63 | Train Loss: 0.3371279 Vali Loss: 0.6791193
EarlyStopping counter: 2 out of 20
Updating learning rate to 3.8472487638356575e-05
Epoch: 52 cost time: 0.5692358016967773
Epoch: 52, Steps/rank: 63 | Train Loss: 0.3367426 Vali Loss: 0.6788686
Validation loss decreased (0.679064 --> 0.678869).  Saving model ...
Updating learning rate to 3.654886325643875e-05
Epoch: 53 cost time: 0.5948271751403809
Epoch: 53, Steps/rank: 63 | Train Loss: 0.3370017 Vali Loss: 0.6788931
EarlyStopping counter: 1 out of 20
Updating learning rate to 3.47214200936168e-05
Epoch: 54 cost time: 0.5713772773742676
Epoch: 54, Steps/rank: 63 | Train Loss: 0.3368099 Vali Loss: 0.6787993
Validation loss decreased (0.678869 --> 0.678799).  Saving model ...
Updating learning rate to 3.298534908893597e-05
Epoch: 55 cost time: 0.5743968486785889
Epoch: 55, Steps/rank: 63 | Train Loss: 0.3366427 Vali Loss: 0.6788233
EarlyStopping counter: 1 out of 20
Updating learning rate to 3.1336081634489166e-05
Epoch: 56 cost time: 0.5786888599395752
Epoch: 56, Steps/rank: 63 | Train Loss: 0.3369074 Vali Loss: 0.6787208
Validation loss decreased (0.678799 --> 0.678721).  Saving model ...
Updating learning rate to 2.9769277552764706e-05
Epoch: 57 cost time: 0.6284105777740479
Epoch: 57, Steps/rank: 63 | Train Loss: 0.3360317 Vali Loss: 0.6787226
EarlyStopping counter: 1 out of 20
Updating learning rate to 2.8280813675126466e-05
Epoch: 58 cost time: 0.5963947772979736
Epoch: 58, Steps/rank: 63 | Train Loss: 0.3369841 Vali Loss: 0.6786843
Validation loss decreased (0.678721 --> 0.678684).  Saving model ...
Updating learning rate to 2.6866772991370145e-05
Epoch: 59 cost time: 0.5994806289672852
Epoch: 59, Steps/rank: 63 | Train Loss: 0.3358052 Vali Loss: 0.6786401
Validation loss decreased (0.678684 --> 0.678640).  Saving model ...
Updating learning rate to 2.5523434341801633e-05
Epoch: 60 cost time: 0.6061532497406006
Epoch: 60, Steps/rank: 63 | Train Loss: 0.3367353 Vali Loss: 0.6785579
Validation loss decreased (0.678640 --> 0.678558).  Saving model ...
Updating learning rate to 2.4247262624711552e-05
Epoch: 61 cost time: 0.5860037803649902
Epoch: 61, Steps/rank: 63 | Train Loss: 0.3365174 Vali Loss: 0.6785510
Validation loss decreased (0.678558 --> 0.678551).  Saving model ...
Updating learning rate to 2.3034899493475973e-05
Epoch: 62 cost time: 0.5865602493286133
Epoch: 62, Steps/rank: 63 | Train Loss: 0.3365242 Vali Loss: 0.6784882
Validation loss decreased (0.678551 --> 0.678488).  Saving model ...
Updating learning rate to 2.1883154518802173e-05
Epoch: 63 cost time: 0.6007847785949707
Epoch: 63, Steps/rank: 63 | Train Loss: 0.3365163 Vali Loss: 0.6784697
Validation loss decreased (0.678488 --> 0.678470).  Saving model ...
Updating learning rate to 2.0788996792862066e-05
Epoch: 64 cost time: 0.5828793048858643
Epoch: 64, Steps/rank: 63 | Train Loss: 0.3370184 Vali Loss: 0.6784577
Validation loss decreased (0.678470 --> 0.678458).  Saving model ...
Updating learning rate to 1.974954695321896e-05
Epoch: 65 cost time: 0.5928421020507812
Epoch: 65, Steps/rank: 63 | Train Loss: 0.3369262 Vali Loss: 0.6783990
Validation loss decreased (0.678458 --> 0.678399).  Saving model ...
Updating learning rate to 1.876206960555801e-05
Epoch: 66 cost time: 0.590357780456543
Epoch: 66, Steps/rank: 63 | Train Loss: 0.3362734 Vali Loss: 0.6783238
Validation loss decreased (0.678399 --> 0.678324).  Saving model ...
Updating learning rate to 1.782396612528011e-05
Epoch: 67 cost time: 0.5640280246734619
Epoch: 67, Steps/rank: 63 | Train Loss: 0.3368404 Vali Loss: 0.6782921
Validation loss decreased (0.678324 --> 0.678292).  Saving model ...
Updating learning rate to 1.6932767819016104e-05
Epoch: 68 cost time: 0.5896649360656738
Epoch: 68, Steps/rank: 63 | Train Loss: 0.3367339 Vali Loss: 0.6782713
Validation loss decreased (0.678292 --> 0.678271).  Saving model ...
Updating learning rate to 1.6086129428065296e-05
Epoch: 69 cost time: 0.5765798091888428
Epoch: 69, Steps/rank: 63 | Train Loss: 0.3370086 Vali Loss: 0.6782661
Validation loss decreased (0.678271 --> 0.678266).  Saving model ...
Updating learning rate to 1.5281822956662033e-05
Epoch: 70 cost time: 0.570415735244751
Epoch: 70, Steps/rank: 63 | Train Loss: 0.3361588 Vali Loss: 0.6782905
EarlyStopping counter: 1 out of 20
Updating learning rate to 1.451773180882893e-05
Epoch: 71 cost time: 0.5812671184539795
Epoch: 71, Steps/rank: 63 | Train Loss: 0.3364583 Vali Loss: 0.6782318
Validation loss decreased (0.678266 --> 0.678232).  Saving model ...
Updating learning rate to 1.3791845218387483e-05
Epoch: 72 cost time: 0.5762734413146973
Epoch: 72, Steps/rank: 63 | Train Loss: 0.3360345 Vali Loss: 0.6782470
EarlyStopping counter: 1 out of 20
Updating learning rate to 1.3102252957468109e-05
Epoch: 73 cost time: 0.5940196514129639
Epoch: 73, Steps/rank: 63 | Train Loss: 0.3364741 Vali Loss: 0.6782320
EarlyStopping counter: 2 out of 20
Updating learning rate to 1.2447140309594702e-05
Epoch: 74 cost time: 0.6163210868835449
Epoch: 74, Steps/rank: 63 | Train Loss: 0.3372302 Vali Loss: 0.6781932
Validation loss decreased (0.678232 --> 0.678193).  Saving model ...
Updating learning rate to 1.1824783294114967e-05
Epoch: 75 cost time: 0.5730113983154297
Epoch: 75, Steps/rank: 63 | Train Loss: 0.3366317 Vali Loss: 0.6781929
Validation loss decreased (0.678193 --> 0.678193).  Saving model ...
Updating learning rate to 1.1233544129409218e-05
Epoch: 76 cost time: 0.5778026580810547
Epoch: 76, Steps/rank: 63 | Train Loss: 0.3364592 Vali Loss: 0.6781768
Validation loss decreased (0.678193 --> 0.678177).  Saving model ...
Updating learning rate to 1.0671866922938755e-05
Epoch: 77 cost time: 0.6159701347351074
Epoch: 77, Steps/rank: 63 | Train Loss: 0.3368416 Vali Loss: 0.6781593
Validation loss decreased (0.678177 --> 0.678159).  Saving model ...
Updating learning rate to 1.0138273576791817e-05
Epoch: 78 cost time: 0.5878148078918457
Epoch: 78, Steps/rank: 63 | Train Loss: 0.3371357 Vali Loss: 0.6781342
Validation loss decreased (0.678159 --> 0.678134).  Saving model ...
Updating learning rate to 9.631359897952226e-06
Epoch: 79 cost time: 0.6080241203308105
Epoch: 79, Steps/rank: 63 | Train Loss: 0.3363441 Vali Loss: 0.6781342
Validation loss decreased (0.678134 --> 0.678134).  Saving model ...
Updating learning rate to 9.149791903054614e-06
Epoch: 80 cost time: 0.5859274864196777
Epoch: 80, Steps/rank: 63 | Train Loss: 0.3368593 Vali Loss: 0.6781245
Validation loss decreased (0.678134 --> 0.678125).  Saving model ...
Updating learning rate to 8.692302307901884e-06
Epoch: 81 cost time: 0.5789158344268799
Epoch: 81, Steps/rank: 63 | Train Loss: 0.3366584 Vali Loss: 0.6781141
Validation loss decreased (0.678125 --> 0.678114).  Saving model ...
Updating learning rate to 8.25768719250679e-06
Epoch: 82 cost time: 0.5799684524536133
Epoch: 82, Steps/rank: 63 | Train Loss: 0.3365864 Vali Loss: 0.6781061
Validation loss decreased (0.678114 --> 0.678106).  Saving model ...
Updating learning rate to 7.84480283288145e-06
Epoch: 83 cost time: 0.6032452583312988
Epoch: 83, Steps/rank: 63 | Train Loss: 0.3366658 Vali Loss: 0.6780847
Validation loss decreased (0.678106 --> 0.678085).  Saving model ...
Updating learning rate to 7.452562691237377e-06
Epoch: 84 cost time: 0.595609188079834
Epoch: 84, Steps/rank: 63 | Train Loss: 0.3363271 Vali Loss: 0.6780828
Validation loss decreased (0.678085 --> 0.678083).  Saving model ...
Updating learning rate to 7.079934556675507e-06
Epoch: 85 cost time: 0.5805661678314209
Epoch: 85, Steps/rank: 63 | Train Loss: 0.3364505 Vali Loss: 0.6780782
Validation loss decreased (0.678083 --> 0.678078).  Saving model ...
Updating learning rate to 6.725937828841732e-06
Epoch: 86 cost time: 0.5842149257659912
Epoch: 86, Steps/rank: 63 | Train Loss: 0.3366166 Vali Loss: 0.6780728
Validation loss decreased (0.678078 --> 0.678073).  Saving model ...
Updating learning rate to 6.389640937399644e-06
Epoch: 87 cost time: 0.6082494258880615
Epoch: 87, Steps/rank: 63 | Train Loss: 0.3362346 Vali Loss: 0.6780551
Validation loss decreased (0.678073 --> 0.678055).  Saving model ...
Updating learning rate to 6.070158890529662e-06
Epoch: 88 cost time: 0.566241979598999
Epoch: 88, Steps/rank: 63 | Train Loss: 0.3364778 Vali Loss: 0.6780517
Validation loss decreased (0.678055 --> 0.678052).  Saving model ...
Updating learning rate to 5.766650946003179e-06
Epoch: 89 cost time: 0.6082508563995361
Epoch: 89, Steps/rank: 63 | Train Loss: 0.3365760 Vali Loss: 0.6780372
Validation loss decreased (0.678052 --> 0.678037).  Saving model ...
Updating learning rate to 5.47831839870302e-06
Epoch: 90 cost time: 0.621809720993042
Epoch: 90, Steps/rank: 63 | Train Loss: 0.3366950 Vali Loss: 0.6780346
Validation loss decreased (0.678037 --> 0.678035).  Saving model ...
Updating learning rate to 5.204402478767869e-06
Epoch: 91 cost time: 0.5794432163238525
Epoch: 91, Steps/rank: 63 | Train Loss: 0.3358259 Vali Loss: 0.6780278
Validation loss decreased (0.678035 --> 0.678028).  Saving model ...
Updating learning rate to 4.944182354829475e-06
Epoch: 92 cost time: 0.6229543685913086
Epoch: 92, Steps/rank: 63 | Train Loss: 0.3371064 Vali Loss: 0.6780337
EarlyStopping counter: 1 out of 20
Updating learning rate to 4.696973237088e-06
Epoch: 93 cost time: 0.6074693202972412
Epoch: 93, Steps/rank: 63 | Train Loss: 0.3360766 Vali Loss: 0.6780203
Validation loss decreased (0.678028 --> 0.678020).  Saving model ...
Updating learning rate to 4.462124575233601e-06
Epoch: 94 cost time: 0.602168083190918
Epoch: 94, Steps/rank: 63 | Train Loss: 0.3366646 Vali Loss: 0.6780081
Validation loss decreased (0.678020 --> 0.678008).  Saving model ...
Updating learning rate to 4.239018346471921e-06
Epoch: 95 cost time: 0.5739123821258545
Epoch: 95, Steps/rank: 63 | Train Loss: 0.3365258 Vali Loss: 0.6780125
EarlyStopping counter: 1 out of 20
Updating learning rate to 4.027067429148324e-06
Epoch: 96 cost time: 0.572188138961792
Epoch: 96, Steps/rank: 63 | Train Loss: 0.3365273 Vali Loss: 0.6780060
Validation loss decreased (0.678008 --> 0.678006).  Saving model ...
Updating learning rate to 3.825714057690908e-06
Epoch: 97 cost time: 0.5986087322235107
Epoch: 97, Steps/rank: 63 | Train Loss: 0.3367263 Vali Loss: 0.6779998
Validation loss decreased (0.678006 --> 0.678000).  Saving model ...
Updating learning rate to 3.6344283548063623e-06
Epoch: 98 cost time: 0.5754623413085938
Epoch: 98, Steps/rank: 63 | Train Loss: 0.3360319 Vali Loss: 0.6779996
Validation loss decreased (0.678000 --> 0.678000).  Saving model ...
Updating learning rate to 3.452706937066044e-06
Epoch: 99 cost time: 0.5771710872650146
Epoch: 99, Steps/rank: 63 | Train Loss: 0.3367111 Vali Loss: 0.6779863
Validation loss decreased (0.678000 --> 0.677986).  Saving model ...
Updating learning rate to 3.2800715902127414e-06
Epoch: 100 cost time: 0.6323075294494629
Epoch: 100, Steps/rank: 63 | Train Loss: 0.3361704 Vali Loss: 0.6779865
EarlyStopping counter: 1 out of 20
Updating learning rate to 3.1160680107021042e-06
