Args in experiment:
Namespace(is_training=1, model_id='aurora_ETTh1_sl360_pl720_h6_m1_s514', model='FITS', data='ETTh1', root_path='/lus/flare/projects/FRAME-IDP/siebenschuh/TimeSeriesTraining/FITS_data/', data_path='ETTh1.csv', features='M', target='OT', freq='h', checkpoints='/lus/flare/projects/FRAME-IDP/siebenschuh/TimeSeriesTraining/FITS_checkpoints/FITS', results_root='/lus/flare/projects/FRAME-IDP/siebenschuh/TimeSeriesTraining/FITS_results/FITS', seq_len=360, label_len=48, pred_len=720, individual=False, embed_type=0, enc_in=7, dec_in=7, c_out=7, d_model=512, n_heads=8, e_layers=2, d_layers=1, d_ff=2048, moving_avg=25, factor=1, distil=True, dropout=0.05, embed='timeF', activation='gelu', output_attention=False, do_predict=False, run_test=False, ab=2, hidden_size=1, kernel=5, groups=1, levels=3, stacks=1, num_workers=4, ddp_num_workers=0, itr=1, train_epochs=100, batch_size=128, patience=20, learning_rate=0.0005, des='test', loss='mse', lradj='type3', use_amp=False, use_gpu=True, gpu=0, distributed=False, use_multi_gpu=False, devices='0,1,2,3', test_flop=False, aug_method='NA', aug_rate=0.5, in_batch_augmentation=False, in_dataset_augmentation=False, data_size=1, aug_data_size=1, seed=514, testset_div=2, test_time_train=False, train_mode=1, cut_freq=106, base_T=24, H_order=6, distributed_context=DistributedContext(enabled=False, rank=0, world_size=1, local_rank=0, local_size=1, backend=''), rank=0, world_size=1, local_rank=0, global_batch_size=128)
Rank 0 uses XPU: xpu:0
>>>>>>>start training : aurora_ETTh1_sl360_pl720_h6_m1_s514_FITS_ETTh1_ftM_sl360_ll48_pl720_H6_0>>>>>>>>>>>>>>>>>>>>>>>>>>
train 7561
val 2161
Model(
  (freq_upsampler): Linear(in_features=106, out_features=318, bias=True)
)
Trainable parameters:  34026
!!!!!!!!!!!!!!learning rate!!!!!!!!!!!!!!!
0.0005
Epoch: 1 cost time: 2.3859827518463135
Epoch: 1, Steps/rank: 59 | Train Loss: 1.0056903 Vali Loss: 2.0425870
Validation loss decreased (inf --> 2.042587).  Saving model ...
Updating learning rate to 0.0005
Epoch: 2 cost time: 0.6784310340881348
Epoch: 2, Steps/rank: 59 | Train Loss: 0.7787273 Vali Loss: 1.8047398
Validation loss decreased (2.042587 --> 1.804740).  Saving model ...
Updating learning rate to 0.000475
Epoch: 3 cost time: 0.6829829216003418
Epoch: 3, Steps/rank: 59 | Train Loss: 0.7064847 Vali Loss: 1.7127403
Validation loss decreased (1.804740 --> 1.712740).  Saving model ...
Updating learning rate to 0.00045125
Epoch: 4 cost time: 0.6859667301177979
Epoch: 4, Steps/rank: 59 | Train Loss: 0.6736450 Vali Loss: 1.6580927
Validation loss decreased (1.712740 --> 1.658093).  Saving model ...
Updating learning rate to 0.0004286875
Epoch: 5 cost time: 0.7489194869995117
Epoch: 5, Steps/rank: 59 | Train Loss: 0.6524653 Vali Loss: 1.6191889
Validation loss decreased (1.658093 --> 1.619189).  Saving model ...
Updating learning rate to 0.00040725312499999993
Epoch: 6 cost time: 0.6882877349853516
Epoch: 6, Steps/rank: 59 | Train Loss: 0.6370605 Vali Loss: 1.5894257
Validation loss decreased (1.619189 --> 1.589426).  Saving model ...
Updating learning rate to 0.0003868904687499999
Epoch: 7 cost time: 0.7173552513122559
Epoch: 7, Steps/rank: 59 | Train Loss: 0.6252460 Vali Loss: 1.5655276
Validation loss decreased (1.589426 --> 1.565528).  Saving model ...
Updating learning rate to 0.00036754594531249993
Epoch: 8 cost time: 1.3926503658294678
Epoch: 8, Steps/rank: 59 | Train Loss: 0.6160941 Vali Loss: 1.5463496
Validation loss decreased (1.565528 --> 1.546350).  Saving model ...
Updating learning rate to 0.00034916864804687486
Epoch: 9 cost time: 1.0352303981781006
Epoch: 9, Steps/rank: 59 | Train Loss: 0.6082027 Vali Loss: 1.5303882
Validation loss decreased (1.546350 --> 1.530388).  Saving model ...
Updating learning rate to 0.00033171021564453113
Epoch: 10 cost time: 1.4987571239471436
Epoch: 10, Steps/rank: 59 | Train Loss: 0.6018093 Vali Loss: 1.5170704
Validation loss decreased (1.530388 --> 1.517070).  Saving model ...
Updating learning rate to 0.00031512470486230455
Epoch: 11 cost time: 1.0532021522521973
Epoch: 11, Steps/rank: 59 | Train Loss: 0.5970789 Vali Loss: 1.5057980
Validation loss decreased (1.517070 --> 1.505798).  Saving model ...
Updating learning rate to 0.00029936846961918935
Epoch: 12 cost time: 1.041862964630127
Epoch: 12, Steps/rank: 59 | Train Loss: 0.5926575 Vali Loss: 1.4965625
Validation loss decreased (1.505798 --> 1.496563).  Saving model ...
Updating learning rate to 0.0002844000461382298
Epoch: 13 cost time: 1.0355589389801025
Epoch: 13, Steps/rank: 59 | Train Loss: 0.5890856 Vali Loss: 1.4883704
Validation loss decreased (1.496563 --> 1.488370).  Saving model ...
Updating learning rate to 0.0002701800438313183
Epoch: 14 cost time: 1.104823350906372
Epoch: 14, Steps/rank: 59 | Train Loss: 0.5861505 Vali Loss: 1.4817909
Validation loss decreased (1.488370 --> 1.481791).  Saving model ...
Updating learning rate to 0.0002566710416397524
Epoch: 15 cost time: 1.0580806732177734
Epoch: 15, Steps/rank: 59 | Train Loss: 0.5838203 Vali Loss: 1.4758823
Validation loss decreased (1.481791 --> 1.475882).  Saving model ...
Updating learning rate to 0.00024383748955776477
Epoch: 16 cost time: 1.026057481765747
Epoch: 16, Steps/rank: 59 | Train Loss: 0.5814664 Vali Loss: 1.4709211
Validation loss decreased (1.475882 --> 1.470921).  Saving model ...
Updating learning rate to 0.0002316456150798765
Epoch: 17 cost time: 1.0429985523223877
Epoch: 17, Steps/rank: 59 | Train Loss: 0.5797616 Vali Loss: 1.4667236
Validation loss decreased (1.470921 --> 1.466724).  Saving model ...
Updating learning rate to 0.00022006333432588268
Epoch: 18 cost time: 1.012570858001709
Epoch: 18, Steps/rank: 59 | Train Loss: 0.5782052 Vali Loss: 1.4629947
Validation loss decreased (1.466724 --> 1.462995).  Saving model ...
Updating learning rate to 0.00020906016760958854
Epoch: 19 cost time: 0.7153892517089844
Epoch: 19, Steps/rank: 59 | Train Loss: 0.5769906 Vali Loss: 1.4599985
Validation loss decreased (1.462995 --> 1.459998).  Saving model ...
Updating learning rate to 0.0001986071592291091
Epoch: 20 cost time: 0.7054884433746338
Epoch: 20, Steps/rank: 59 | Train Loss: 0.5761431 Vali Loss: 1.4574017
Validation loss decreased (1.459998 --> 1.457402).  Saving model ...
Updating learning rate to 0.00018867680126765363
Epoch: 21 cost time: 0.7238214015960693
Epoch: 21, Steps/rank: 59 | Train Loss: 0.5750660 Vali Loss: 1.4549220
Validation loss decreased (1.457402 --> 1.454922).  Saving model ...
Updating learning rate to 0.00017924296120427094
Epoch: 22 cost time: 0.687488317489624
Epoch: 22, Steps/rank: 59 | Train Loss: 0.5740525 Vali Loss: 1.4528328
Validation loss decreased (1.454922 --> 1.452833).  Saving model ...
Updating learning rate to 0.0001702808131440574
Epoch: 23 cost time: 0.6860942840576172
Epoch: 23, Steps/rank: 59 | Train Loss: 0.5733250 Vali Loss: 1.4510915
Validation loss decreased (1.452833 --> 1.451091).  Saving model ...
Updating learning rate to 0.0001617667724868545
Epoch: 24 cost time: 0.710965633392334
Epoch: 24, Steps/rank: 59 | Train Loss: 0.5729499 Vali Loss: 1.4495617
Validation loss decreased (1.451091 --> 1.449562).  Saving model ...
Updating learning rate to 0.00015367843386251178
Epoch: 25 cost time: 0.7124598026275635
Epoch: 25, Steps/rank: 59 | Train Loss: 0.5724510 Vali Loss: 1.4481505
Validation loss decreased (1.449562 --> 1.448151).  Saving model ...
Updating learning rate to 0.0001459945121693862
Epoch: 26 cost time: 0.6995923519134521
Epoch: 26, Steps/rank: 59 | Train Loss: 0.5717974 Vali Loss: 1.4469762
Validation loss decreased (1.448151 --> 1.446976).  Saving model ...
Updating learning rate to 0.00013869478656091687
Epoch: 27 cost time: 0.7277965545654297
Epoch: 27, Steps/rank: 59 | Train Loss: 0.5714162 Vali Loss: 1.4459638
Validation loss decreased (1.446976 --> 1.445964).  Saving model ...
Updating learning rate to 0.00013176004723287101
Epoch: 28 cost time: 0.7146892547607422
Epoch: 28, Steps/rank: 59 | Train Loss: 0.5710920 Vali Loss: 1.4450432
Validation loss decreased (1.445964 --> 1.445043).  Saving model ...
Updating learning rate to 0.00012517204487122748
Epoch: 29 cost time: 0.6805639266967773
Epoch: 29, Steps/rank: 59 | Train Loss: 0.5707758 Vali Loss: 1.4441797
Validation loss decreased (1.445043 --> 1.444180).  Saving model ...
Updating learning rate to 0.00011891344262766608
Epoch: 30 cost time: 0.6797397136688232
Epoch: 30, Steps/rank: 59 | Train Loss: 0.5705392 Vali Loss: 1.4433921
Validation loss decreased (1.444180 --> 1.443392).  Saving model ...
Updating learning rate to 0.00011296777049628277
Epoch: 31 cost time: 0.6696233749389648
Epoch: 31, Steps/rank: 59 | Train Loss: 0.5702967 Vali Loss: 1.4427014
Validation loss decreased (1.443392 --> 1.442701).  Saving model ...
Updating learning rate to 0.00010731938197146864
Epoch: 32 cost time: 0.690546989440918
Epoch: 32, Steps/rank: 59 | Train Loss: 0.5701667 Vali Loss: 1.4421345
Validation loss decreased (1.442701 --> 1.442135).  Saving model ...
Updating learning rate to 0.00010195341287289519
Epoch: 33 cost time: 0.6897623538970947
Epoch: 33, Steps/rank: 59 | Train Loss: 0.5697479 Vali Loss: 1.4416185
Validation loss decreased (1.442135 --> 1.441618).  Saving model ...
Updating learning rate to 9.685574222925044e-05
Epoch: 34 cost time: 0.6836147308349609
Epoch: 34, Steps/rank: 59 | Train Loss: 0.5696722 Vali Loss: 1.4411022
Validation loss decreased (1.441618 --> 1.441102).  Saving model ...
Updating learning rate to 9.201295511778792e-05
Epoch: 35 cost time: 0.6926040649414062
Epoch: 35, Steps/rank: 59 | Train Loss: 0.5694018 Vali Loss: 1.4406419
Validation loss decreased (1.441102 --> 1.440642).  Saving model ...
Updating learning rate to 8.74123073618985e-05
Epoch: 36 cost time: 0.6652143001556396
Epoch: 36, Steps/rank: 59 | Train Loss: 0.5692636 Vali Loss: 1.4402575
Validation loss decreased (1.440642 --> 1.440257).  Saving model ...
Updating learning rate to 8.304169199380359e-05
Epoch: 37 cost time: 0.6820616722106934
Epoch: 37, Steps/rank: 59 | Train Loss: 0.5693531 Vali Loss: 1.4399052
Validation loss decreased (1.440257 --> 1.439905).  Saving model ...
Updating learning rate to 7.88896073941134e-05
Epoch: 38 cost time: 0.6949901580810547
Epoch: 38, Steps/rank: 59 | Train Loss: 0.5690254 Vali Loss: 1.4395114
Validation loss decreased (1.439905 --> 1.439511).  Saving model ...
Updating learning rate to 7.494512702440772e-05
Epoch: 39 cost time: 0.6902816295623779
Epoch: 39, Steps/rank: 59 | Train Loss: 0.5689954 Vali Loss: 1.4393345
Validation loss decreased (1.439511 --> 1.439335).  Saving model ...
Updating learning rate to 7.119787067318733e-05
Epoch: 40 cost time: 0.6882164478302002
Epoch: 40, Steps/rank: 59 | Train Loss: 0.5690934 Vali Loss: 1.4390343
Validation loss decreased (1.439335 --> 1.439034).  Saving model ...
Updating learning rate to 6.763797713952796e-05
Epoch: 41 cost time: 0.7037684917449951
Epoch: 41, Steps/rank: 59 | Train Loss: 0.5688780 Vali Loss: 1.4387911
Validation loss decreased (1.439034 --> 1.438791).  Saving model ...
Updating learning rate to 6.425607828255156e-05
Epoch: 42 cost time: 0.6967628002166748
Epoch: 42, Steps/rank: 59 | Train Loss: 0.5688339 Vali Loss: 1.4385810
Validation loss decreased (1.438791 --> 1.438581).  Saving model ...
Updating learning rate to 6.104327436842398e-05
Epoch: 43 cost time: 0.6864762306213379
Epoch: 43, Steps/rank: 59 | Train Loss: 0.5686605 Vali Loss: 1.4383808
Validation loss decreased (1.438581 --> 1.438381).  Saving model ...
Updating learning rate to 5.799111065000278e-05
Epoch: 44 cost time: 0.6927790641784668
Epoch: 44, Steps/rank: 59 | Train Loss: 0.5687241 Vali Loss: 1.4381357
Validation loss decreased (1.438381 --> 1.438136).  Saving model ...
Updating learning rate to 5.509155511750264e-05
Epoch: 45 cost time: 0.6870861053466797
Epoch: 45, Steps/rank: 59 | Train Loss: 0.5684801 Vali Loss: 1.4380273
Validation loss decreased (1.438136 --> 1.438027).  Saving model ...
Updating learning rate to 5.2336977361627504e-05
Epoch: 46 cost time: 0.6885952949523926
Epoch: 46, Steps/rank: 59 | Train Loss: 0.5684088 Vali Loss: 1.4378476
Validation loss decreased (1.438027 --> 1.437848).  Saving model ...
Updating learning rate to 4.9720128493546124e-05
Epoch: 47 cost time: 0.6950881481170654
Epoch: 47, Steps/rank: 59 | Train Loss: 0.5684768 Vali Loss: 1.4376933
Validation loss decreased (1.437848 --> 1.437693).  Saving model ...
Updating learning rate to 4.7234122068868816e-05
Epoch: 48 cost time: 0.6866624355316162
Epoch: 48, Steps/rank: 59 | Train Loss: 0.5683751 Vali Loss: 1.4375868
Validation loss decreased (1.437693 --> 1.437587).  Saving model ...
Updating learning rate to 4.487241596542538e-05
Epoch: 49 cost time: 0.6918339729309082
Epoch: 49, Steps/rank: 59 | Train Loss: 0.5684706 Vali Loss: 1.4374703
Validation loss decreased (1.437587 --> 1.437470).  Saving model ...
Updating learning rate to 4.26287951671541e-05
Epoch: 50 cost time: 0.6917240619659424
Epoch: 50, Steps/rank: 59 | Train Loss: 0.5684703 Vali Loss: 1.4373124
Validation loss decreased (1.437470 --> 1.437312).  Saving model ...
Updating learning rate to 4.0497355408796396e-05
Epoch: 51 cost time: 0.699821949005127
Epoch: 51, Steps/rank: 59 | Train Loss: 0.5684079 Vali Loss: 1.4372061
Validation loss decreased (1.437312 --> 1.437206).  Saving model ...
Updating learning rate to 3.8472487638356575e-05
Epoch: 52 cost time: 0.6914224624633789
Epoch: 52, Steps/rank: 59 | Train Loss: 0.5681781 Vali Loss: 1.4371210
Validation loss decreased (1.437206 --> 1.437121).  Saving model ...
Updating learning rate to 3.654886325643875e-05
Epoch: 53 cost time: 0.6807217597961426
Epoch: 53, Steps/rank: 59 | Train Loss: 0.5683052 Vali Loss: 1.4369906
Validation loss decreased (1.437121 --> 1.436991).  Saving model ...
Updating learning rate to 3.47214200936168e-05
Epoch: 54 cost time: 0.6694023609161377
Epoch: 54, Steps/rank: 59 | Train Loss: 0.5681904 Vali Loss: 1.4369139
Validation loss decreased (1.436991 --> 1.436914).  Saving model ...
Updating learning rate to 3.298534908893597e-05
Epoch: 55 cost time: 0.6832065582275391
Epoch: 55, Steps/rank: 59 | Train Loss: 0.5682543 Vali Loss: 1.4368343
Validation loss decreased (1.436914 --> 1.436834).  Saving model ...
Updating learning rate to 3.1336081634489166e-05
Epoch: 56 cost time: 0.6921932697296143
Epoch: 56, Steps/rank: 59 | Train Loss: 0.5681894 Vali Loss: 1.4367695
Validation loss decreased (1.436834 --> 1.436769).  Saving model ...
Updating learning rate to 2.9769277552764706e-05
Epoch: 57 cost time: 0.6993122100830078
Epoch: 57, Steps/rank: 59 | Train Loss: 0.5682167 Vali Loss: 1.4367001
Validation loss decreased (1.436769 --> 1.436700).  Saving model ...
Updating learning rate to 2.8280813675126466e-05
Epoch: 58 cost time: 0.6963396072387695
Epoch: 58, Steps/rank: 59 | Train Loss: 0.5680997 Vali Loss: 1.4366387
Validation loss decreased (1.436700 --> 1.436639).  Saving model ...
Updating learning rate to 2.6866772991370145e-05
Epoch: 59 cost time: 0.730501651763916
Epoch: 59, Steps/rank: 59 | Train Loss: 0.5681453 Vali Loss: 1.4365670
Validation loss decreased (1.436639 --> 1.436567).  Saving model ...
Updating learning rate to 2.5523434341801633e-05
Epoch: 60 cost time: 0.7400343418121338
Epoch: 60, Steps/rank: 59 | Train Loss: 0.5680633 Vali Loss: 1.4365051
Validation loss decreased (1.436567 --> 1.436505).  Saving model ...
Updating learning rate to 2.4247262624711552e-05
Epoch: 61 cost time: 0.7394287586212158
Epoch: 61, Steps/rank: 59 | Train Loss: 0.5681280 Vali Loss: 1.4364604
Validation loss decreased (1.436505 --> 1.436460).  Saving model ...
Updating learning rate to 2.3034899493475973e-05
Epoch: 62 cost time: 0.7004268169403076
Epoch: 62, Steps/rank: 59 | Train Loss: 0.5680635 Vali Loss: 1.4364063
Validation loss decreased (1.436460 --> 1.436406).  Saving model ...
Updating learning rate to 2.1883154518802173e-05
Epoch: 63 cost time: 0.6721465587615967
Epoch: 63, Steps/rank: 59 | Train Loss: 0.5680343 Vali Loss: 1.4363549
Validation loss decreased (1.436406 --> 1.436355).  Saving model ...
Updating learning rate to 2.0788996792862066e-05
Epoch: 64 cost time: 0.7012474536895752
Epoch: 64, Steps/rank: 59 | Train Loss: 0.5680598 Vali Loss: 1.4363007
Validation loss decreased (1.436355 --> 1.436301).  Saving model ...
Updating learning rate to 1.974954695321896e-05
Epoch: 65 cost time: 0.7020835876464844
Epoch: 65, Steps/rank: 59 | Train Loss: 0.5681921 Vali Loss: 1.4362488
Validation loss decreased (1.436301 --> 1.436249).  Saving model ...
Updating learning rate to 1.876206960555801e-05
Epoch: 66 cost time: 0.7026495933532715
Epoch: 66, Steps/rank: 59 | Train Loss: 0.5681821 Vali Loss: 1.4362297
Validation loss decreased (1.436249 --> 1.436230).  Saving model ...
Updating learning rate to 1.782396612528011e-05
Epoch: 67 cost time: 0.70892333984375
Epoch: 67, Steps/rank: 59 | Train Loss: 0.5682130 Vali Loss: 1.4361754
Validation loss decreased (1.436230 --> 1.436175).  Saving model ...
Updating learning rate to 1.6932767819016104e-05
Epoch: 68 cost time: 0.7086310386657715
Epoch: 68, Steps/rank: 59 | Train Loss: 0.5679978 Vali Loss: 1.4361556
Validation loss decreased (1.436175 --> 1.436156).  Saving model ...
Updating learning rate to 1.6086129428065296e-05
Epoch: 69 cost time: 0.6898396015167236
Epoch: 69, Steps/rank: 59 | Train Loss: 0.5679778 Vali Loss: 1.4361162
Validation loss decreased (1.436156 --> 1.436116).  Saving model ...
Updating learning rate to 1.5281822956662033e-05
Epoch: 70 cost time: 0.6875636577606201
Epoch: 70, Steps/rank: 59 | Train Loss: 0.5681098 Vali Loss: 1.4360798
Validation loss decreased (1.436116 --> 1.436080).  Saving model ...
Updating learning rate to 1.451773180882893e-05
Epoch: 71 cost time: 0.6941733360290527
Epoch: 71, Steps/rank: 59 | Train Loss: 0.5681064 Vali Loss: 1.4360629
Validation loss decreased (1.436080 --> 1.436063).  Saving model ...
Updating learning rate to 1.3791845218387483e-05
Epoch: 72 cost time: 0.702448844909668
Epoch: 72, Steps/rank: 59 | Train Loss: 0.5679143 Vali Loss: 1.4360234
Validation loss decreased (1.436063 --> 1.436023).  Saving model ...
Updating learning rate to 1.3102252957468109e-05
Epoch: 73 cost time: 0.6795849800109863
Epoch: 73, Steps/rank: 59 | Train Loss: 0.5681054 Vali Loss: 1.4359939
Validation loss decreased (1.436023 --> 1.435994).  Saving model ...
Updating learning rate to 1.2447140309594702e-05
Epoch: 74 cost time: 0.6691694259643555
Epoch: 74, Steps/rank: 59 | Train Loss: 0.5680506 Vali Loss: 1.4359741
Validation loss decreased (1.435994 --> 1.435974).  Saving model ...
Updating learning rate to 1.1824783294114967e-05
Epoch: 75 cost time: 0.6843054294586182
Epoch: 75, Steps/rank: 59 | Train Loss: 0.5679737 Vali Loss: 1.4359493
Validation loss decreased (1.435974 --> 1.435949).  Saving model ...
Updating learning rate to 1.1233544129409218e-05
Epoch: 76 cost time: 0.6881520748138428
Epoch: 76, Steps/rank: 59 | Train Loss: 0.5679633 Vali Loss: 1.4359346
Validation loss decreased (1.435949 --> 1.435935).  Saving model ...
Updating learning rate to 1.0671866922938755e-05
Epoch: 77 cost time: 0.7069082260131836
Epoch: 77, Steps/rank: 59 | Train Loss: 0.5678601 Vali Loss: 1.4358999
Validation loss decreased (1.435935 --> 1.435900).  Saving model ...
Updating learning rate to 1.0138273576791817e-05
Epoch: 78 cost time: 0.7015821933746338
Epoch: 78, Steps/rank: 59 | Train Loss: 0.5676901 Vali Loss: 1.4358832
Validation loss decreased (1.435900 --> 1.435883).  Saving model ...
Updating learning rate to 9.631359897952226e-06
Epoch: 79 cost time: 0.6905150413513184
Epoch: 79, Steps/rank: 59 | Train Loss: 0.5679160 Vali Loss: 1.4358651
Validation loss decreased (1.435883 --> 1.435865).  Saving model ...
Updating learning rate to 9.149791903054614e-06
Epoch: 80 cost time: 0.6890754699707031
Epoch: 80, Steps/rank: 59 | Train Loss: 0.5678223 Vali Loss: 1.4358530
Validation loss decreased (1.435865 --> 1.435853).  Saving model ...
Updating learning rate to 8.692302307901884e-06
Epoch: 81 cost time: 0.6805212497711182
Epoch: 81, Steps/rank: 59 | Train Loss: 0.5679426 Vali Loss: 1.4358248
Validation loss decreased (1.435853 --> 1.435825).  Saving model ...
Updating learning rate to 8.25768719250679e-06
Epoch: 82 cost time: 0.7015044689178467
Epoch: 82, Steps/rank: 59 | Train Loss: 0.5680532 Vali Loss: 1.4358053
Validation loss decreased (1.435825 --> 1.435805).  Saving model ...
Updating learning rate to 7.84480283288145e-06
Epoch: 83 cost time: 0.7088959217071533
Epoch: 83, Steps/rank: 59 | Train Loss: 0.5677949 Vali Loss: 1.4357942
Validation loss decreased (1.435805 --> 1.435794).  Saving model ...
Updating learning rate to 7.452562691237377e-06
Epoch: 84 cost time: 0.6937351226806641
Epoch: 84, Steps/rank: 59 | Train Loss: 0.5679031 Vali Loss: 1.4357852
Validation loss decreased (1.435794 --> 1.435785).  Saving model ...
Updating learning rate to 7.079934556675507e-06
Epoch: 85 cost time: 0.6783397197723389
Epoch: 85, Steps/rank: 59 | Train Loss: 0.5677133 Vali Loss: 1.4357677
Validation loss decreased (1.435785 --> 1.435768).  Saving model ...
Updating learning rate to 6.725937828841732e-06
Epoch: 86 cost time: 0.6959981918334961
Epoch: 86, Steps/rank: 59 | Train Loss: 0.5676636 Vali Loss: 1.4357508
Validation loss decreased (1.435768 --> 1.435751).  Saving model ...
Updating learning rate to 6.389640937399644e-06
Epoch: 87 cost time: 0.7133946418762207
Epoch: 87, Steps/rank: 59 | Train Loss: 0.5678703 Vali Loss: 1.4357362
Validation loss decreased (1.435751 --> 1.435736).  Saving model ...
Updating learning rate to 6.070158890529662e-06
Epoch: 88 cost time: 0.6867244243621826
Epoch: 88, Steps/rank: 59 | Train Loss: 0.5677381 Vali Loss: 1.4357313
Validation loss decreased (1.435736 --> 1.435731).  Saving model ...
Updating learning rate to 5.766650946003179e-06
Epoch: 89 cost time: 0.687725305557251
Epoch: 89, Steps/rank: 59 | Train Loss: 0.5676767 Vali Loss: 1.4357167
Validation loss decreased (1.435731 --> 1.435717).  Saving model ...
Updating learning rate to 5.47831839870302e-06
Epoch: 90 cost time: 0.7026581764221191
Epoch: 90, Steps/rank: 59 | Train Loss: 0.5680216 Vali Loss: 1.4357026
Validation loss decreased (1.435717 --> 1.435703).  Saving model ...
Updating learning rate to 5.204402478767869e-06
Epoch: 91 cost time: 0.6949129104614258
Epoch: 91, Steps/rank: 59 | Train Loss: 0.5676127 Vali Loss: 1.4356895
Validation loss decreased (1.435703 --> 1.435690).  Saving model ...
Updating learning rate to 4.944182354829475e-06
Epoch: 92 cost time: 0.6941487789154053
Epoch: 92, Steps/rank: 59 | Train Loss: 0.5678955 Vali Loss: 1.4356840
Validation loss decreased (1.435690 --> 1.435684).  Saving model ...
Updating learning rate to 4.696973237088e-06
Epoch: 93 cost time: 0.6971828937530518
Epoch: 93, Steps/rank: 59 | Train Loss: 0.5680094 Vali Loss: 1.4356709
Validation loss decreased (1.435684 --> 1.435671).  Saving model ...
Updating learning rate to 4.462124575233601e-06
Epoch: 94 cost time: 0.6829531192779541
Epoch: 94, Steps/rank: 59 | Train Loss: 0.5679886 Vali Loss: 1.4356644
Validation loss decreased (1.435671 --> 1.435664).  Saving model ...
Updating learning rate to 4.239018346471921e-06
Epoch: 95 cost time: 0.7042176723480225
Epoch: 95, Steps/rank: 59 | Train Loss: 0.5678579 Vali Loss: 1.4356559
Validation loss decreased (1.435664 --> 1.435656).  Saving model ...
Updating learning rate to 4.027067429148324e-06
Epoch: 96 cost time: 0.7114589214324951
Epoch: 96, Steps/rank: 59 | Train Loss: 0.5677146 Vali Loss: 1.4356463
Validation loss decreased (1.435656 --> 1.435646).  Saving model ...
Updating learning rate to 3.825714057690908e-06
Epoch: 97 cost time: 0.7140569686889648
Epoch: 97, Steps/rank: 59 | Train Loss: 0.5678038 Vali Loss: 1.4356374
Validation loss decreased (1.435646 --> 1.435637).  Saving model ...
Updating learning rate to 3.6344283548063623e-06
Epoch: 98 cost time: 0.6812179088592529
Epoch: 98, Steps/rank: 59 | Train Loss: 0.5678681 Vali Loss: 1.4356327
Validation loss decreased (1.435637 --> 1.435633).  Saving model ...
Updating learning rate to 3.452706937066044e-06
Epoch: 99 cost time: 0.689075231552124
Epoch: 99, Steps/rank: 59 | Train Loss: 0.5678009 Vali Loss: 1.4356259
Validation loss decreased (1.435633 --> 1.435626).  Saving model ...
Updating learning rate to 3.2800715902127414e-06
Epoch: 100 cost time: 0.7375106811523438
Epoch: 100, Steps/rank: 59 | Train Loss: 0.5676067 Vali Loss: 1.4356207
Validation loss decreased (1.435626 --> 1.435621).  Saving model ...
Updating learning rate to 3.1160680107021042e-06
