Args in experiment:
Namespace(is_training=1, model_id='aurora_ETTh1_sl360_pl96_h6_m1_s0', model='FITS', data='ETTh1', root_path='/lus/flare/projects/FRAME-IDP/siebenschuh/TimeSeriesTraining/FITS_data/', data_path='ETTh1.csv', features='M', target='OT', freq='h', checkpoints='/lus/flare/projects/FRAME-IDP/siebenschuh/TimeSeriesTraining/FITS_checkpoints/FITS', results_root='/lus/flare/projects/FRAME-IDP/siebenschuh/TimeSeriesTraining/FITS_results/FITS', seq_len=360, label_len=48, pred_len=96, individual=False, embed_type=0, enc_in=7, dec_in=7, c_out=7, d_model=512, n_heads=8, e_layers=2, d_layers=1, d_ff=2048, moving_avg=25, factor=1, distil=True, dropout=0.05, embed='timeF', activation='gelu', output_attention=False, do_predict=False, run_test=False, ab=2, hidden_size=1, kernel=5, groups=1, levels=3, stacks=1, num_workers=4, ddp_num_workers=0, itr=1, train_epochs=100, batch_size=128, patience=20, learning_rate=0.0005, des='test', loss='mse', lradj='type3', use_amp=False, use_gpu=True, gpu=0, distributed=False, use_multi_gpu=False, devices='0,1,2,3', test_flop=False, aug_method='NA', aug_rate=0.5, in_batch_augmentation=False, in_dataset_augmentation=False, data_size=1, aug_data_size=1, seed=0, testset_div=2, test_time_train=False, train_mode=1, cut_freq=106, base_T=24, H_order=6, distributed_context=DistributedContext(enabled=False, rank=0, world_size=1, local_rank=0, local_size=1, backend=''), rank=0, world_size=1, local_rank=0, global_batch_size=128)
Rank 0 uses XPU: xpu:0
>>>>>>>start training : aurora_ETTh1_sl360_pl96_h6_m1_s0_FITS_ETTh1_ftM_sl360_ll48_pl96_H6_0>>>>>>>>>>>>>>>>>>>>>>>>>>
train 8185
val 2785
Model(
  (freq_upsampler): Linear(in_features=106, out_features=134, bias=True)
)
Trainable parameters:  14338
!!!!!!!!!!!!!!learning rate!!!!!!!!!!!!!!!
0.0005
Epoch: 1 cost time: 2.2514312267303467
Epoch: 1, Steps/rank: 63 | Train Loss: 0.5548395 Vali Loss: 0.9911359
Validation loss decreased (inf --> 0.991136).  Saving model ...
Updating learning rate to 0.0005
Epoch: 2 cost time: 0.588801383972168
Epoch: 2, Steps/rank: 63 | Train Loss: 0.4112728 Vali Loss: 0.8440468
Validation loss decreased (0.991136 --> 0.844047).  Saving model ...
Updating learning rate to 0.000475
Epoch: 3 cost time: 0.604874849319458
Epoch: 3, Steps/rank: 63 | Train Loss: 0.3737266 Vali Loss: 0.7858759
Validation loss decreased (0.844047 --> 0.785876).  Saving model ...
Updating learning rate to 0.00045125
Epoch: 4 cost time: 0.6188490390777588
Epoch: 4, Steps/rank: 63 | Train Loss: 0.3584982 Vali Loss: 0.7572820
Validation loss decreased (0.785876 --> 0.757282).  Saving model ...
Updating learning rate to 0.0004286875
Epoch: 5 cost time: 0.581129789352417
Epoch: 5, Steps/rank: 63 | Train Loss: 0.3513989 Vali Loss: 0.7403743
Validation loss decreased (0.757282 --> 0.740374).  Saving model ...
Updating learning rate to 0.00040725312499999993
Epoch: 6 cost time: 0.5948083400726318
Epoch: 6, Steps/rank: 63 | Train Loss: 0.3478146 Vali Loss: 0.7291635
Validation loss decreased (0.740374 --> 0.729164).  Saving model ...
Updating learning rate to 0.0003868904687499999
Epoch: 7 cost time: 0.5743997097015381
Epoch: 7, Steps/rank: 63 | Train Loss: 0.3461171 Vali Loss: 0.7213239
Validation loss decreased (0.729164 --> 0.721324).  Saving model ...
Updating learning rate to 0.00036754594531249993
Epoch: 8 cost time: 0.6079540252685547
Epoch: 8, Steps/rank: 63 | Train Loss: 0.3448616 Vali Loss: 0.7145674
Validation loss decreased (0.721324 --> 0.714567).  Saving model ...
Updating learning rate to 0.00034916864804687486
Epoch: 9 cost time: 0.5986533164978027
Epoch: 9, Steps/rank: 63 | Train Loss: 0.3432605 Vali Loss: 0.7102312
Validation loss decreased (0.714567 --> 0.710231).  Saving model ...
Updating learning rate to 0.00033171021564453113
Epoch: 10 cost time: 0.7544693946838379
Epoch: 10, Steps/rank: 63 | Train Loss: 0.3424705 Vali Loss: 0.7061327
Validation loss decreased (0.710231 --> 0.706133).  Saving model ...
Updating learning rate to 0.00031512470486230455
Epoch: 11 cost time: 1.4707591533660889
Epoch: 11, Steps/rank: 63 | Train Loss: 0.3421049 Vali Loss: 0.7028364
Validation loss decreased (0.706133 --> 0.702836).  Saving model ...
Updating learning rate to 0.00029936846961918935
Epoch: 12 cost time: 1.3043527603149414
Epoch: 12, Steps/rank: 63 | Train Loss: 0.3412447 Vali Loss: 0.6999510
Validation loss decreased (0.702836 --> 0.699951).  Saving model ...
Updating learning rate to 0.0002844000461382298
Epoch: 13 cost time: 1.2661778926849365
Epoch: 13, Steps/rank: 63 | Train Loss: 0.3408253 Vali Loss: 0.6977067
Validation loss decreased (0.699951 --> 0.697707).  Saving model ...
Updating learning rate to 0.0002701800438313183
Epoch: 14 cost time: 0.9919471740722656
Epoch: 14, Steps/rank: 63 | Train Loss: 0.3407751 Vali Loss: 0.6958917
Validation loss decreased (0.697707 --> 0.695892).  Saving model ...
Updating learning rate to 0.0002566710416397524
Epoch: 15 cost time: 0.9427013397216797
Epoch: 15, Steps/rank: 63 | Train Loss: 0.3399774 Vali Loss: 0.6942957
Validation loss decreased (0.695892 --> 0.694296).  Saving model ...
Updating learning rate to 0.00024383748955776477
Epoch: 16 cost time: 0.9035947322845459
Epoch: 16, Steps/rank: 63 | Train Loss: 0.3398503 Vali Loss: 0.6925353
Validation loss decreased (0.694296 --> 0.692535).  Saving model ...
Updating learning rate to 0.0002316456150798765
Epoch: 17 cost time: 1.2088251113891602
Epoch: 17, Steps/rank: 63 | Train Loss: 0.3392857 Vali Loss: 0.6912910
Validation loss decreased (0.692535 --> 0.691291).  Saving model ...
Updating learning rate to 0.00022006333432588268
Epoch: 18 cost time: 0.9243366718292236
Epoch: 18, Steps/rank: 63 | Train Loss: 0.3390086 Vali Loss: 0.6901763
Validation loss decreased (0.691291 --> 0.690176).  Saving model ...
Updating learning rate to 0.00020906016760958854
Epoch: 19 cost time: 0.9646337032318115
Epoch: 19, Steps/rank: 63 | Train Loss: 0.3390224 Vali Loss: 0.6895052
Validation loss decreased (0.690176 --> 0.689505).  Saving model ...
Updating learning rate to 0.0001986071592291091
Epoch: 20 cost time: 0.9433910846710205
Epoch: 20, Steps/rank: 63 | Train Loss: 0.3384988 Vali Loss: 0.6885544
Validation loss decreased (0.689505 --> 0.688554).  Saving model ...
Updating learning rate to 0.00018867680126765363
Epoch: 21 cost time: 1.1790177822113037
Epoch: 21, Steps/rank: 63 | Train Loss: 0.3382598 Vali Loss: 0.6879400
Validation loss decreased (0.688554 --> 0.687940).  Saving model ...
Updating learning rate to 0.00017924296120427094
Epoch: 22 cost time: 0.9749667644500732
Epoch: 22, Steps/rank: 63 | Train Loss: 0.3384503 Vali Loss: 0.6870879
Validation loss decreased (0.687940 --> 0.687088).  Saving model ...
Updating learning rate to 0.0001702808131440574
Epoch: 23 cost time: 0.9081888198852539
Epoch: 23, Steps/rank: 63 | Train Loss: 0.3381467 Vali Loss: 0.6864478
Validation loss decreased (0.687088 --> 0.686448).  Saving model ...
Updating learning rate to 0.0001617667724868545
Epoch: 24 cost time: 0.5680551528930664
Epoch: 24, Steps/rank: 63 | Train Loss: 0.3381197 Vali Loss: 0.6860095
Validation loss decreased (0.686448 --> 0.686009).  Saving model ...
Updating learning rate to 0.00015367843386251178
Epoch: 25 cost time: 0.5789387226104736
Epoch: 25, Steps/rank: 63 | Train Loss: 0.3382557 Vali Loss: 0.6852781
Validation loss decreased (0.686009 --> 0.685278).  Saving model ...
Updating learning rate to 0.0001459945121693862
Epoch: 26 cost time: 0.5799131393432617
Epoch: 26, Steps/rank: 63 | Train Loss: 0.3383058 Vali Loss: 0.6849658
Validation loss decreased (0.685278 --> 0.684966).  Saving model ...
Updating learning rate to 0.00013869478656091687
Epoch: 27 cost time: 0.5530056953430176
Epoch: 27, Steps/rank: 63 | Train Loss: 0.3379668 Vali Loss: 0.6843928
Validation loss decreased (0.684966 --> 0.684393).  Saving model ...
Updating learning rate to 0.00013176004723287101
Epoch: 28 cost time: 0.5954856872558594
Epoch: 28, Steps/rank: 63 | Train Loss: 0.3376718 Vali Loss: 0.6841124
Validation loss decreased (0.684393 --> 0.684112).  Saving model ...
Updating learning rate to 0.00012517204487122748
Epoch: 29 cost time: 0.6050295829772949
Epoch: 29, Steps/rank: 63 | Train Loss: 0.3379584 Vali Loss: 0.6838149
Validation loss decreased (0.684112 --> 0.683815).  Saving model ...
Updating learning rate to 0.00011891344262766608
Epoch: 30 cost time: 0.5421357154846191
Epoch: 30, Steps/rank: 63 | Train Loss: 0.3373453 Vali Loss: 0.6832082
Validation loss decreased (0.683815 --> 0.683208).  Saving model ...
Updating learning rate to 0.00011296777049628277
Epoch: 31 cost time: 0.5460903644561768
Epoch: 31, Steps/rank: 63 | Train Loss: 0.3376685 Vali Loss: 0.6830484
Validation loss decreased (0.683208 --> 0.683048).  Saving model ...
Updating learning rate to 0.00010731938197146864
Epoch: 32 cost time: 0.5602371692657471
Epoch: 32, Steps/rank: 63 | Train Loss: 0.3379385 Vali Loss: 0.6828712
Validation loss decreased (0.683048 --> 0.682871).  Saving model ...
Updating learning rate to 0.00010195341287289519
Epoch: 33 cost time: 0.635073184967041
Epoch: 33, Steps/rank: 63 | Train Loss: 0.3369091 Vali Loss: 0.6823949
Validation loss decreased (0.682871 --> 0.682395).  Saving model ...
Updating learning rate to 9.685574222925044e-05
Epoch: 34 cost time: 0.5802898406982422
Epoch: 34, Steps/rank: 63 | Train Loss: 0.3367662 Vali Loss: 0.6822099
Validation loss decreased (0.682395 --> 0.682210).  Saving model ...
Updating learning rate to 9.201295511778792e-05
Epoch: 35 cost time: 0.5846333503723145
Epoch: 35, Steps/rank: 63 | Train Loss: 0.3376004 Vali Loss: 0.6821501
Validation loss decreased (0.682210 --> 0.682150).  Saving model ...
Updating learning rate to 8.74123073618985e-05
Epoch: 36 cost time: 0.5423867702484131
Epoch: 36, Steps/rank: 63 | Train Loss: 0.3366074 Vali Loss: 0.6819224
Validation loss decreased (0.682150 --> 0.681922).  Saving model ...
Updating learning rate to 8.304169199380359e-05
Epoch: 37 cost time: 0.554840087890625
Epoch: 37, Steps/rank: 63 | Train Loss: 0.3372403 Vali Loss: 0.6817522
Validation loss decreased (0.681922 --> 0.681752).  Saving model ...
Updating learning rate to 7.88896073941134e-05
Epoch: 38 cost time: 0.6303081512451172
Epoch: 38, Steps/rank: 63 | Train Loss: 0.3374907 Vali Loss: 0.6814578
Validation loss decreased (0.681752 --> 0.681458).  Saving model ...
Updating learning rate to 7.494512702440772e-05
Epoch: 39 cost time: 0.581183910369873
Epoch: 39, Steps/rank: 63 | Train Loss: 0.3373133 Vali Loss: 0.6813055
Validation loss decreased (0.681458 --> 0.681306).  Saving model ...
Updating learning rate to 7.119787067318733e-05
Epoch: 40 cost time: 0.5666978359222412
Epoch: 40, Steps/rank: 63 | Train Loss: 0.3370596 Vali Loss: 0.6811521
Validation loss decreased (0.681306 --> 0.681152).  Saving model ...
Updating learning rate to 6.763797713952796e-05
Epoch: 41 cost time: 0.6046926975250244
Epoch: 41, Steps/rank: 63 | Train Loss: 0.3371060 Vali Loss: 0.6810843
Validation loss decreased (0.681152 --> 0.681084).  Saving model ...
Updating learning rate to 6.425607828255156e-05
Epoch: 42 cost time: 0.5773715972900391
Epoch: 42, Steps/rank: 63 | Train Loss: 0.3370466 Vali Loss: 0.6809694
Validation loss decreased (0.681084 --> 0.680969).  Saving model ...
Updating learning rate to 6.104327436842398e-05
Epoch: 43 cost time: 0.56276535987854
Epoch: 43, Steps/rank: 63 | Train Loss: 0.3372611 Vali Loss: 0.6808161
Validation loss decreased (0.680969 --> 0.680816).  Saving model ...
Updating learning rate to 5.799111065000278e-05
Epoch: 44 cost time: 0.5811202526092529
Epoch: 44, Steps/rank: 63 | Train Loss: 0.3370450 Vali Loss: 0.6806923
Validation loss decreased (0.680816 --> 0.680692).  Saving model ...
Updating learning rate to 5.509155511750264e-05
Epoch: 45 cost time: 0.5600259304046631
Epoch: 45, Steps/rank: 63 | Train Loss: 0.3366562 Vali Loss: 0.6805448
Validation loss decreased (0.680692 --> 0.680545).  Saving model ...
Updating learning rate to 5.2336977361627504e-05
Epoch: 46 cost time: 0.5892035961151123
Epoch: 46, Steps/rank: 63 | Train Loss: 0.3366769 Vali Loss: 0.6804451
Validation loss decreased (0.680545 --> 0.680445).  Saving model ...
Updating learning rate to 4.9720128493546124e-05
Epoch: 47 cost time: 0.5936253070831299
Epoch: 47, Steps/rank: 63 | Train Loss: 0.3373774 Vali Loss: 0.6803730
Validation loss decreased (0.680445 --> 0.680373).  Saving model ...
Updating learning rate to 4.7234122068868816e-05
Epoch: 48 cost time: 0.5739765167236328
Epoch: 48, Steps/rank: 63 | Train Loss: 0.3371154 Vali Loss: 0.6803334
Validation loss decreased (0.680373 --> 0.680333).  Saving model ...
Updating learning rate to 4.487241596542538e-05
Epoch: 49 cost time: 0.5796494483947754
Epoch: 49, Steps/rank: 63 | Train Loss: 0.3375185 Vali Loss: 0.6802574
Validation loss decreased (0.680333 --> 0.680257).  Saving model ...
Updating learning rate to 4.26287951671541e-05
Epoch: 50 cost time: 0.5920000076293945
Epoch: 50, Steps/rank: 63 | Train Loss: 0.3367133 Vali Loss: 0.6801416
Validation loss decreased (0.680257 --> 0.680142).  Saving model ...
Updating learning rate to 4.0497355408796396e-05
Epoch: 51 cost time: 0.5797779560089111
Epoch: 51, Steps/rank: 63 | Train Loss: 0.3369615 Vali Loss: 0.6801371
Validation loss decreased (0.680142 --> 0.680137).  Saving model ...
Updating learning rate to 3.8472487638356575e-05
Epoch: 52 cost time: 0.6004638671875
Epoch: 52, Steps/rank: 63 | Train Loss: 0.3364023 Vali Loss: 0.6799887
Validation loss decreased (0.680137 --> 0.679989).  Saving model ...
Updating learning rate to 3.654886325643875e-05
Epoch: 53 cost time: 0.5700130462646484
Epoch: 53, Steps/rank: 63 | Train Loss: 0.3369448 Vali Loss: 0.6799772
Validation loss decreased (0.679989 --> 0.679977).  Saving model ...
Updating learning rate to 3.47214200936168e-05
Epoch: 54 cost time: 0.5695173740386963
Epoch: 54, Steps/rank: 63 | Train Loss: 0.3366884 Vali Loss: 0.6799356
Validation loss decreased (0.679977 --> 0.679936).  Saving model ...
Updating learning rate to 3.298534908893597e-05
Epoch: 55 cost time: 0.5946009159088135
Epoch: 55, Steps/rank: 63 | Train Loss: 0.3371132 Vali Loss: 0.6798369
Validation loss decreased (0.679936 --> 0.679837).  Saving model ...
Updating learning rate to 3.1336081634489166e-05
Epoch: 56 cost time: 0.5964312553405762
Epoch: 56, Steps/rank: 63 | Train Loss: 0.3365630 Vali Loss: 0.6797406
Validation loss decreased (0.679837 --> 0.679741).  Saving model ...
Updating learning rate to 2.9769277552764706e-05
Epoch: 57 cost time: 0.5566794872283936
Epoch: 57, Steps/rank: 63 | Train Loss: 0.3368634 Vali Loss: 0.6796938
Validation loss decreased (0.679741 --> 0.679694).  Saving model ...
Updating learning rate to 2.8280813675126466e-05
Epoch: 58 cost time: 0.5953221321105957
Epoch: 58, Steps/rank: 63 | Train Loss: 0.3364715 Vali Loss: 0.6796668
Validation loss decreased (0.679694 --> 0.679667).  Saving model ...
Updating learning rate to 2.6866772991370145e-05
Epoch: 59 cost time: 0.5971040725708008
Epoch: 59, Steps/rank: 63 | Train Loss: 0.3367006 Vali Loss: 0.6796232
Validation loss decreased (0.679667 --> 0.679623).  Saving model ...
Updating learning rate to 2.5523434341801633e-05
Epoch: 60 cost time: 0.5482771396636963
Epoch: 60, Steps/rank: 63 | Train Loss: 0.3368191 Vali Loss: 0.6795880
Validation loss decreased (0.679623 --> 0.679588).  Saving model ...
Updating learning rate to 2.4247262624711552e-05
Epoch: 61 cost time: 0.5970067977905273
Epoch: 61, Steps/rank: 63 | Train Loss: 0.3364257 Vali Loss: 0.6795009
Validation loss decreased (0.679588 --> 0.679501).  Saving model ...
Updating learning rate to 2.3034899493475973e-05
Epoch: 62 cost time: 0.5735118389129639
Epoch: 62, Steps/rank: 63 | Train Loss: 0.3365099 Vali Loss: 0.6794723
Validation loss decreased (0.679501 --> 0.679472).  Saving model ...
Updating learning rate to 2.1883154518802173e-05
Epoch: 63 cost time: 0.5865128040313721
Epoch: 63, Steps/rank: 63 | Train Loss: 0.3366298 Vali Loss: 0.6794331
Validation loss decreased (0.679472 --> 0.679433).  Saving model ...
Updating learning rate to 2.0788996792862066e-05
Epoch: 64 cost time: 0.6046037673950195
Epoch: 64, Steps/rank: 63 | Train Loss: 0.3369217 Vali Loss: 0.6793769
Validation loss decreased (0.679433 --> 0.679377).  Saving model ...
Updating learning rate to 1.974954695321896e-05
Epoch: 65 cost time: 0.6069538593292236
Epoch: 65, Steps/rank: 63 | Train Loss: 0.3367925 Vali Loss: 0.6793607
Validation loss decreased (0.679377 --> 0.679361).  Saving model ...
Updating learning rate to 1.876206960555801e-05
Epoch: 66 cost time: 0.6162140369415283
Epoch: 66, Steps/rank: 63 | Train Loss: 0.3369133 Vali Loss: 0.6793360
Validation loss decreased (0.679361 --> 0.679336).  Saving model ...
Updating learning rate to 1.782396612528011e-05
Epoch: 67 cost time: 0.5903177261352539
Epoch: 67, Steps/rank: 63 | Train Loss: 0.3369130 Vali Loss: 0.6793080
Validation loss decreased (0.679336 --> 0.679308).  Saving model ...
Updating learning rate to 1.6932767819016104e-05
Epoch: 68 cost time: 0.5951550006866455
Epoch: 68, Steps/rank: 63 | Train Loss: 0.3369520 Vali Loss: 0.6792893
Validation loss decreased (0.679308 --> 0.679289).  Saving model ...
Updating learning rate to 1.6086129428065296e-05
Epoch: 69 cost time: 0.5905351638793945
Epoch: 69, Steps/rank: 63 | Train Loss: 0.3371616 Vali Loss: 0.6792345
Validation loss decreased (0.679289 --> 0.679234).  Saving model ...
Updating learning rate to 1.5281822956662033e-05
Epoch: 70 cost time: 0.5915794372558594
Epoch: 70, Steps/rank: 63 | Train Loss: 0.3369711 Vali Loss: 0.6792231
Validation loss decreased (0.679234 --> 0.679223).  Saving model ...
Updating learning rate to 1.451773180882893e-05
Epoch: 71 cost time: 0.6098122596740723
Epoch: 71, Steps/rank: 63 | Train Loss: 0.3367622 Vali Loss: 0.6792018
Validation loss decreased (0.679223 --> 0.679202).  Saving model ...
Updating learning rate to 1.3791845218387483e-05
Epoch: 72 cost time: 0.5663542747497559
Epoch: 72, Steps/rank: 63 | Train Loss: 0.3367229 Vali Loss: 0.6791457
Validation loss decreased (0.679202 --> 0.679146).  Saving model ...
Updating learning rate to 1.3102252957468109e-05
Epoch: 73 cost time: 0.557309627532959
Epoch: 73, Steps/rank: 63 | Train Loss: 0.3364438 Vali Loss: 0.6791246
Validation loss decreased (0.679146 --> 0.679125).  Saving model ...
Updating learning rate to 1.2447140309594702e-05
Epoch: 74 cost time: 0.5759000778198242
Epoch: 74, Steps/rank: 63 | Train Loss: 0.3369503 Vali Loss: 0.6791014
Validation loss decreased (0.679125 --> 0.679101).  Saving model ...
Updating learning rate to 1.1824783294114967e-05
Epoch: 75 cost time: 0.5438332557678223
Epoch: 75, Steps/rank: 63 | Train Loss: 0.3367676 Vali Loss: 0.6790829
Validation loss decreased (0.679101 --> 0.679083).  Saving model ...
Updating learning rate to 1.1233544129409218e-05
Epoch: 76 cost time: 0.5724384784698486
Epoch: 76, Steps/rank: 63 | Train Loss: 0.3366721 Vali Loss: 0.6790677
Validation loss decreased (0.679083 --> 0.679068).  Saving model ...
Updating learning rate to 1.0671866922938755e-05
Epoch: 77 cost time: 0.5591866970062256
Epoch: 77, Steps/rank: 63 | Train Loss: 0.3367002 Vali Loss: 0.6790406
Validation loss decreased (0.679068 --> 0.679041).  Saving model ...
Updating learning rate to 1.0138273576791817e-05
Epoch: 78 cost time: 0.582282304763794
Epoch: 78, Steps/rank: 63 | Train Loss: 0.3360397 Vali Loss: 0.6790114
Validation loss decreased (0.679041 --> 0.679011).  Saving model ...
Updating learning rate to 9.631359897952226e-06
Epoch: 79 cost time: 0.5661962032318115
Epoch: 79, Steps/rank: 63 | Train Loss: 0.3363845 Vali Loss: 0.6789970
Validation loss decreased (0.679011 --> 0.678997).  Saving model ...
Updating learning rate to 9.149791903054614e-06
Epoch: 80 cost time: 0.5650599002838135
Epoch: 80, Steps/rank: 63 | Train Loss: 0.3369410 Vali Loss: 0.6789785
Validation loss decreased (0.678997 --> 0.678979).  Saving model ...
Updating learning rate to 8.692302307901884e-06
Epoch: 81 cost time: 0.5615794658660889
Epoch: 81, Steps/rank: 63 | Train Loss: 0.3369452 Vali Loss: 0.6789640
Validation loss decreased (0.678979 --> 0.678964).  Saving model ...
Updating learning rate to 8.25768719250679e-06
Epoch: 82 cost time: 0.5532474517822266
Epoch: 82, Steps/rank: 63 | Train Loss: 0.3364118 Vali Loss: 0.6789407
Validation loss decreased (0.678964 --> 0.678941).  Saving model ...
Updating learning rate to 7.84480283288145e-06
Epoch: 83 cost time: 0.5998044013977051
Epoch: 83, Steps/rank: 63 | Train Loss: 0.3365985 Vali Loss: 0.6789395
Validation loss decreased (0.678941 --> 0.678940).  Saving model ...
Updating learning rate to 7.452562691237377e-06
Epoch: 84 cost time: 0.5917201042175293
Epoch: 84, Steps/rank: 63 | Train Loss: 0.3365991 Vali Loss: 0.6789312
Validation loss decreased (0.678940 --> 0.678931).  Saving model ...
Updating learning rate to 7.079934556675507e-06
Epoch: 85 cost time: 0.5941340923309326
Epoch: 85, Steps/rank: 63 | Train Loss: 0.3370415 Vali Loss: 0.6789087
Validation loss decreased (0.678931 --> 0.678909).  Saving model ...
Updating learning rate to 6.725937828841732e-06
Epoch: 86 cost time: 0.6076650619506836
Epoch: 86, Steps/rank: 63 | Train Loss: 0.3367482 Vali Loss: 0.6789042
Validation loss decreased (0.678909 --> 0.678904).  Saving model ...
Updating learning rate to 6.389640937399644e-06
Epoch: 87 cost time: 0.5571825504302979
Epoch: 87, Steps/rank: 63 | Train Loss: 0.3366651 Vali Loss: 0.6789096
EarlyStopping counter: 1 out of 20
Updating learning rate to 6.070158890529662e-06
Epoch: 88 cost time: 0.5913288593292236
Epoch: 88, Steps/rank: 63 | Train Loss: 0.3374157 Vali Loss: 0.6788752
Validation loss decreased (0.678904 --> 0.678875).  Saving model ...
Updating learning rate to 5.766650946003179e-06
Epoch: 89 cost time: 0.5760664939880371
Epoch: 89, Steps/rank: 63 | Train Loss: 0.3366835 Vali Loss: 0.6788769
EarlyStopping counter: 1 out of 20
Updating learning rate to 5.47831839870302e-06
Epoch: 90 cost time: 0.5862059593200684
Epoch: 90, Steps/rank: 63 | Train Loss: 0.3366872 Vali Loss: 0.6788599
Validation loss decreased (0.678875 --> 0.678860).  Saving model ...
Updating learning rate to 5.204402478767869e-06
Epoch: 91 cost time: 0.5929234027862549
Epoch: 91, Steps/rank: 63 | Train Loss: 0.3367234 Vali Loss: 0.6788543
Validation loss decreased (0.678860 --> 0.678854).  Saving model ...
Updating learning rate to 4.944182354829475e-06
Epoch: 92 cost time: 0.6197960376739502
Epoch: 92, Steps/rank: 63 | Train Loss: 0.3368062 Vali Loss: 0.6788381
Validation loss decreased (0.678854 --> 0.678838).  Saving model ...
Updating learning rate to 4.696973237088e-06
Epoch: 93 cost time: 0.5655272006988525
Epoch: 93, Steps/rank: 63 | Train Loss: 0.3365474 Vali Loss: 0.6788421
EarlyStopping counter: 1 out of 20
Updating learning rate to 4.462124575233601e-06
Epoch: 94 cost time: 0.5985069274902344
Epoch: 94, Steps/rank: 63 | Train Loss: 0.3366898 Vali Loss: 0.6788292
Validation loss decreased (0.678838 --> 0.678829).  Saving model ...
Updating learning rate to 4.239018346471921e-06
Epoch: 95 cost time: 0.581261396408081
Epoch: 95, Steps/rank: 63 | Train Loss: 0.3368486 Vali Loss: 0.6788214
Validation loss decreased (0.678829 --> 0.678821).  Saving model ...
Updating learning rate to 4.027067429148324e-06
Epoch: 96 cost time: 0.5734379291534424
Epoch: 96, Steps/rank: 63 | Train Loss: 0.3371762 Vali Loss: 0.6788109
Validation loss decreased (0.678821 --> 0.678811).  Saving model ...
Updating learning rate to 3.825714057690908e-06
Epoch: 97 cost time: 0.5925431251525879
Epoch: 97, Steps/rank: 63 | Train Loss: 0.3364243 Vali Loss: 0.6788073
Validation loss decreased (0.678811 --> 0.678807).  Saving model ...
Updating learning rate to 3.6344283548063623e-06
Epoch: 98 cost time: 0.5547347068786621
Epoch: 98, Steps/rank: 63 | Train Loss: 0.3365049 Vali Loss: 0.6788048
Validation loss decreased (0.678807 --> 0.678805).  Saving model ...
Updating learning rate to 3.452706937066044e-06
Epoch: 99 cost time: 0.5771932601928711
Epoch: 99, Steps/rank: 63 | Train Loss: 0.3361958 Vali Loss: 0.6787997
Validation loss decreased (0.678805 --> 0.678800).  Saving model ...
Updating learning rate to 3.2800715902127414e-06
Epoch: 100 cost time: 0.5621700286865234
Epoch: 100, Steps/rank: 63 | Train Loss: 0.3364132 Vali Loss: 0.6787961
Validation loss decreased (0.678800 --> 0.678796).  Saving model ...
Updating learning rate to 3.1160680107021042e-06
