Using PyTorch 2.10.0a0+git449b176; visible XPUs: 1
Args in experiment:
Namespace(is_training=1, model_id='aurora_ETTh1_sl360_pl720_h6_m1_s114', model='FITS', data='ETTh1', root_path='/lus/flare/projects/FRAME-IDP/siebenschuh/TimeSeriesTraining/FITS_data/', data_path='ETTh1.csv', features='M', target='OT', freq='h', checkpoints='/lus/flare/projects/FRAME-IDP/siebenschuh/TimeSeriesTraining/FITS_parallel_reproduction_01/FITS_checkpoints/FITS', results_root='/lus/flare/projects/FRAME-IDP/siebenschuh/TimeSeriesTraining/FITS_parallel_reproduction_01/FITS_results/FITS', seq_len=360, label_len=48, pred_len=720, individual=False, embed_type=0, enc_in=7, dec_in=7, c_out=7, d_model=512, n_heads=8, e_layers=2, d_layers=1, d_ff=2048, moving_avg=25, factor=1, distil=True, dropout=0.05, embed='timeF', activation='gelu', output_attention=False, do_predict=False, run_test=False, ab=2, hidden_size=1, kernel=5, groups=1, levels=3, stacks=1, num_workers=0, ddp_num_workers=0, itr=1, train_epochs=100, batch_size=128, patience=20, learning_rate=0.0005, des='test', loss='mse', lradj='type3', use_amp=False, use_gpu=True, gpu=0, distributed=False, use_multi_gpu=False, devices='0,1,2,3', test_flop=False, aug_method='NA', aug_rate=0.5, in_batch_augmentation=False, in_dataset_augmentation=False, data_size=1, aug_data_size=1, seed=114, testset_div=2, test_time_train=False, train_mode=1, cut_freq=106, base_T=24, H_order=6, distributed_context=DistributedContext(enabled=False, rank=0, world_size=1, local_rank=0, local_size=1, backend=''), rank=0, world_size=1, local_rank=0, global_batch_size=128)
Rank 0 uses XPU: xpu:0
>>>>>>>start training : aurora_ETTh1_sl360_pl720_h6_m1_s114_FITS_ETTh1_ftM_sl360_ll48_pl720_H6_0>>>>>>>>>>>>>>>>>>>>>>>>>>
train 7561
val 2161
Model(
  (freq_upsampler): Linear(in_features=106, out_features=318, bias=True)
)
Trainable parameters:  34026
!!!!!!!!!!!!!!learning rate!!!!!!!!!!!!!!!
0.0005
Epoch: 1 cost time: 2.2673397064208984
Epoch: 1, Steps/rank: 59 | Train Loss: 0.9574213 Vali Loss: 1.9241217
Validation loss decreased (inf --> 1.924122).  Saving model ...
Updating learning rate to 0.0005
Epoch: 2 cost time: 0.4651069641113281
Epoch: 2, Steps/rank: 59 | Train Loss: 0.7344516 Vali Loss: 1.7009742
Validation loss decreased (1.924122 --> 1.700974).  Saving model ...
Updating learning rate to 0.000475
Epoch: 3 cost time: 0.4641702175140381
Epoch: 3, Steps/rank: 59 | Train Loss: 0.6678163 Vali Loss: 1.6245519
Validation loss decreased (1.700974 --> 1.624552).  Saving model ...
Updating learning rate to 0.00045125
Epoch: 4 cost time: 0.47238636016845703
Epoch: 4, Steps/rank: 59 | Train Loss: 0.6402576 Vali Loss: 1.5835418
Validation loss decreased (1.624552 --> 1.583542).  Saving model ...
Updating learning rate to 0.0004286875
Epoch: 5 cost time: 0.47136926651000977
Epoch: 5, Steps/rank: 59 | Train Loss: 0.6242566 Vali Loss: 1.5555059
Validation loss decreased (1.583542 --> 1.555506).  Saving model ...
Updating learning rate to 0.00040725312499999993
Epoch: 6 cost time: 0.46443796157836914
Epoch: 6, Steps/rank: 59 | Train Loss: 0.6126664 Vali Loss: 1.5340117
Validation loss decreased (1.555506 --> 1.534012).  Saving model ...
Updating learning rate to 0.0003868904687499999
Epoch: 7 cost time: 0.46611857414245605
Epoch: 7, Steps/rank: 59 | Train Loss: 0.6040634 Vali Loss: 1.5172508
Validation loss decreased (1.534012 --> 1.517251).  Saving model ...
Updating learning rate to 0.00036754594531249993
Epoch: 8 cost time: 0.4669022560119629
Epoch: 8, Steps/rank: 59 | Train Loss: 0.5974163 Vali Loss: 1.5033592
Validation loss decreased (1.517251 --> 1.503359).  Saving model ...
Updating learning rate to 0.00034916864804687486
Epoch: 9 cost time: 0.46382641792297363
Epoch: 9, Steps/rank: 59 | Train Loss: 0.5919747 Vali Loss: 1.4924850
Validation loss decreased (1.503359 --> 1.492485).  Saving model ...
Updating learning rate to 0.00033171021564453113
Epoch: 10 cost time: 0.4651505947113037
Epoch: 10, Steps/rank: 59 | Train Loss: 0.5875787 Vali Loss: 1.4837941
Validation loss decreased (1.492485 --> 1.483794).  Saving model ...
Updating learning rate to 0.00031512470486230455
Epoch: 11 cost time: 0.4642825126647949
Epoch: 11, Steps/rank: 59 | Train Loss: 0.5842715 Vali Loss: 1.4764770
Validation loss decreased (1.483794 --> 1.476477).  Saving model ...
Updating learning rate to 0.00029936846961918935
Epoch: 12 cost time: 0.4629518985748291
Epoch: 12, Steps/rank: 59 | Train Loss: 0.5814839 Vali Loss: 1.4701809
Validation loss decreased (1.476477 --> 1.470181).  Saving model ...
Updating learning rate to 0.0002844000461382298
Epoch: 13 cost time: 0.46483683586120605
Epoch: 13, Steps/rank: 59 | Train Loss: 0.5795064 Vali Loss: 1.4653120
Validation loss decreased (1.470181 --> 1.465312).  Saving model ...
Updating learning rate to 0.0002701800438313183
Epoch: 14 cost time: 0.46952080726623535
Epoch: 14, Steps/rank: 59 | Train Loss: 0.5775904 Vali Loss: 1.4613330
Validation loss decreased (1.465312 --> 1.461333).  Saving model ...
Updating learning rate to 0.0002566710416397524
Epoch: 15 cost time: 0.4666476249694824
Epoch: 15, Steps/rank: 59 | Train Loss: 0.5761565 Vali Loss: 1.4578656
Validation loss decreased (1.461333 --> 1.457866).  Saving model ...
Updating learning rate to 0.00024383748955776477
Epoch: 16 cost time: 0.4747884273529053
Epoch: 16, Steps/rank: 59 | Train Loss: 0.5748182 Vali Loss: 1.4550132
Validation loss decreased (1.457866 --> 1.455013).  Saving model ...
Updating learning rate to 0.0002316456150798765
Epoch: 17 cost time: 0.4664158821105957
Epoch: 17, Steps/rank: 59 | Train Loss: 0.5739222 Vali Loss: 1.4527424
Validation loss decreased (1.455013 --> 1.452742).  Saving model ...
Updating learning rate to 0.00022006333432588268
Epoch: 18 cost time: 0.4650561809539795
Epoch: 18, Steps/rank: 59 | Train Loss: 0.5729360 Vali Loss: 1.4506333
Validation loss decreased (1.452742 --> 1.450633).  Saving model ...
Updating learning rate to 0.00020906016760958854
Epoch: 19 cost time: 0.4713420867919922
Epoch: 19, Steps/rank: 59 | Train Loss: 0.5722558 Vali Loss: 1.4488491
Validation loss decreased (1.450633 --> 1.448849).  Saving model ...
Updating learning rate to 0.0001986071592291091
Epoch: 20 cost time: 0.46814608573913574
Epoch: 20, Steps/rank: 59 | Train Loss: 0.5717954 Vali Loss: 1.4475773
Validation loss decreased (1.448849 --> 1.447577).  Saving model ...
Updating learning rate to 0.00018867680126765363
Epoch: 21 cost time: 0.4657120704650879
Epoch: 21, Steps/rank: 59 | Train Loss: 0.5713653 Vali Loss: 1.4463118
Validation loss decreased (1.447577 --> 1.446312).  Saving model ...
Updating learning rate to 0.00017924296120427094
Epoch: 22 cost time: 0.4743640422821045
Epoch: 22, Steps/rank: 59 | Train Loss: 0.5709621 Vali Loss: 1.4453251
Validation loss decreased (1.446312 --> 1.445325).  Saving model ...
Updating learning rate to 0.0001702808131440574
Epoch: 23 cost time: 0.4728982448577881
Epoch: 23, Steps/rank: 59 | Train Loss: 0.5706591 Vali Loss: 1.4444201
Validation loss decreased (1.445325 --> 1.444420).  Saving model ...
Updating learning rate to 0.0001617667724868545
Epoch: 24 cost time: 0.4716508388519287
Epoch: 24, Steps/rank: 59 | Train Loss: 0.5703077 Vali Loss: 1.4436787
Validation loss decreased (1.444420 --> 1.443679).  Saving model ...
Updating learning rate to 0.00015367843386251178
Epoch: 25 cost time: 0.470292329788208
Epoch: 25, Steps/rank: 59 | Train Loss: 0.5701781 Vali Loss: 1.4429428
Validation loss decreased (1.443679 --> 1.442943).  Saving model ...
Updating learning rate to 0.0001459945121693862
Epoch: 26 cost time: 0.49284863471984863
Epoch: 26, Steps/rank: 59 | Train Loss: 0.5698683 Vali Loss: 1.4423216
Validation loss decreased (1.442943 --> 1.442322).  Saving model ...
Updating learning rate to 0.00013869478656091687
Epoch: 27 cost time: 0.4901888370513916
Epoch: 27, Steps/rank: 59 | Train Loss: 0.5696102 Vali Loss: 1.4417858
Validation loss decreased (1.442322 --> 1.441786).  Saving model ...
Updating learning rate to 0.00013176004723287101
Epoch: 28 cost time: 0.4932878017425537
Epoch: 28, Steps/rank: 59 | Train Loss: 0.5692783 Vali Loss: 1.4412971
Validation loss decreased (1.441786 --> 1.441297).  Saving model ...
Updating learning rate to 0.00012517204487122748
Epoch: 29 cost time: 0.49336934089660645
Epoch: 29, Steps/rank: 59 | Train Loss: 0.5695451 Vali Loss: 1.4409468
Validation loss decreased (1.441297 --> 1.440947).  Saving model ...
Updating learning rate to 0.00011891344262766608
Epoch: 30 cost time: 0.4958512783050537
Epoch: 30, Steps/rank: 59 | Train Loss: 0.5693705 Vali Loss: 1.4406681
Validation loss decreased (1.440947 --> 1.440668).  Saving model ...
Updating learning rate to 0.00011296777049628277
Epoch: 31 cost time: 0.4890933036804199
Epoch: 31, Steps/rank: 59 | Train Loss: 0.5689747 Vali Loss: 1.4403260
Validation loss decreased (1.440668 --> 1.440326).  Saving model ...
Updating learning rate to 0.00010731938197146864
Epoch: 32 cost time: 0.49146199226379395
Epoch: 32, Steps/rank: 59 | Train Loss: 0.5688567 Vali Loss: 1.4399915
Validation loss decreased (1.440326 --> 1.439991).  Saving model ...
Updating learning rate to 0.00010195341287289519
Epoch: 33 cost time: 0.4933784008026123
Epoch: 33, Steps/rank: 59 | Train Loss: 0.5689361 Vali Loss: 1.4397364
Validation loss decreased (1.439991 --> 1.439736).  Saving model ...
Updating learning rate to 9.685574222925044e-05
Epoch: 34 cost time: 0.48318052291870117
Epoch: 34, Steps/rank: 59 | Train Loss: 0.5688358 Vali Loss: 1.4394249
Validation loss decreased (1.439736 --> 1.439425).  Saving model ...
Updating learning rate to 9.201295511778792e-05
Epoch: 35 cost time: 0.4826202392578125
Epoch: 35, Steps/rank: 59 | Train Loss: 0.5688045 Vali Loss: 1.4392343
Validation loss decreased (1.439425 --> 1.439234).  Saving model ...
Updating learning rate to 8.74123073618985e-05
Epoch: 36 cost time: 0.4947805404663086
Epoch: 36, Steps/rank: 59 | Train Loss: 0.5687873 Vali Loss: 1.4389861
Validation loss decreased (1.439234 --> 1.438986).  Saving model ...
Updating learning rate to 8.304169199380359e-05
Epoch: 37 cost time: 0.49341917037963867
Epoch: 37, Steps/rank: 59 | Train Loss: 0.5686006 Vali Loss: 1.4388338
Validation loss decreased (1.438986 --> 1.438834).  Saving model ...
Updating learning rate to 7.88896073941134e-05
Epoch: 38 cost time: 0.49634504318237305
Epoch: 38, Steps/rank: 59 | Train Loss: 0.5685540 Vali Loss: 1.4386387
Validation loss decreased (1.438834 --> 1.438639).  Saving model ...
Updating learning rate to 7.494512702440772e-05
Epoch: 39 cost time: 0.49252748489379883
Epoch: 39, Steps/rank: 59 | Train Loss: 0.5684766 Vali Loss: 1.4385048
Validation loss decreased (1.438639 --> 1.438505).  Saving model ...
Updating learning rate to 7.119787067318733e-05
Epoch: 40 cost time: 0.500882625579834
Epoch: 40, Steps/rank: 59 | Train Loss: 0.5683547 Vali Loss: 1.4383759
Validation loss decreased (1.438505 --> 1.438376).  Saving model ...
Updating learning rate to 6.763797713952796e-05
Epoch: 41 cost time: 0.49226999282836914
Epoch: 41, Steps/rank: 59 | Train Loss: 0.5684240 Vali Loss: 1.4381917
Validation loss decreased (1.438376 --> 1.438192).  Saving model ...
Updating learning rate to 6.425607828255156e-05
Epoch: 42 cost time: 0.4903998374938965
Epoch: 42, Steps/rank: 59 | Train Loss: 0.5685172 Vali Loss: 1.4381005
Validation loss decreased (1.438192 --> 1.438101).  Saving model ...
Updating learning rate to 6.104327436842398e-05
Epoch: 43 cost time: 0.4949328899383545
Epoch: 43, Steps/rank: 59 | Train Loss: 0.5682390 Vali Loss: 1.4380140
Validation loss decreased (1.438101 --> 1.438014).  Saving model ...
Updating learning rate to 5.799111065000278e-05
Epoch: 44 cost time: 0.4951632022857666
Epoch: 44, Steps/rank: 59 | Train Loss: 0.5683075 Vali Loss: 1.4379242
Validation loss decreased (1.438014 --> 1.437924).  Saving model ...
Updating learning rate to 5.509155511750264e-05
Epoch: 45 cost time: 0.49251604080200195
Epoch: 45, Steps/rank: 59 | Train Loss: 0.5684104 Vali Loss: 1.4377890
Validation loss decreased (1.437924 --> 1.437789).  Saving model ...
Updating learning rate to 5.2336977361627504e-05
Epoch: 46 cost time: 0.4925506114959717
Epoch: 46, Steps/rank: 59 | Train Loss: 0.5683374 Vali Loss: 1.4377142
Validation loss decreased (1.437789 --> 1.437714).  Saving model ...
Updating learning rate to 4.9720128493546124e-05
Epoch: 47 cost time: 0.5005292892456055
Epoch: 47, Steps/rank: 59 | Train Loss: 0.5681873 Vali Loss: 1.4375841
Validation loss decreased (1.437714 --> 1.437584).  Saving model ...
Updating learning rate to 4.7234122068868816e-05
Epoch: 48 cost time: 0.48899054527282715
Epoch: 48, Steps/rank: 59 | Train Loss: 0.5682989 Vali Loss: 1.4375128
Validation loss decreased (1.437584 --> 1.437513).  Saving model ...
Updating learning rate to 4.487241596542538e-05
Epoch: 49 cost time: 0.4933936595916748
Epoch: 49, Steps/rank: 59 | Train Loss: 0.5681264 Vali Loss: 1.4374123
Validation loss decreased (1.437513 --> 1.437412).  Saving model ...
Updating learning rate to 4.26287951671541e-05
Epoch: 50 cost time: 0.4913449287414551
Epoch: 50, Steps/rank: 59 | Train Loss: 0.5680751 Vali Loss: 1.4373808
Validation loss decreased (1.437412 --> 1.437381).  Saving model ...
Updating learning rate to 4.0497355408796396e-05
Epoch: 51 cost time: 0.4770972728729248
Epoch: 51, Steps/rank: 59 | Train Loss: 0.5681036 Vali Loss: 1.4373230
Validation loss decreased (1.437381 --> 1.437323).  Saving model ...
Updating learning rate to 3.8472487638356575e-05
Epoch: 52 cost time: 0.4804098606109619
Epoch: 52, Steps/rank: 59 | Train Loss: 0.5681409 Vali Loss: 1.4372636
Validation loss decreased (1.437323 --> 1.437264).  Saving model ...
Updating learning rate to 3.654886325643875e-05
Epoch: 53 cost time: 0.48128461837768555
Epoch: 53, Steps/rank: 59 | Train Loss: 0.5681825 Vali Loss: 1.4372209
Validation loss decreased (1.437264 --> 1.437221).  Saving model ...
Updating learning rate to 3.47214200936168e-05
Epoch: 54 cost time: 0.48815369606018066
Epoch: 54, Steps/rank: 59 | Train Loss: 0.5681348 Vali Loss: 1.4371349
Validation loss decreased (1.437221 --> 1.437135).  Saving model ...
Updating learning rate to 3.298534908893597e-05
Epoch: 55 cost time: 0.48279905319213867
Epoch: 55, Steps/rank: 59 | Train Loss: 0.5679186 Vali Loss: 1.4371301
Validation loss decreased (1.437135 --> 1.437130).  Saving model ...
Updating learning rate to 3.1336081634489166e-05
Epoch: 56 cost time: 0.49295878410339355
Epoch: 56, Steps/rank: 59 | Train Loss: 0.5681409 Vali Loss: 1.4370720
Validation loss decreased (1.437130 --> 1.437072).  Saving model ...
Updating learning rate to 2.9769277552764706e-05
Epoch: 57 cost time: 0.48458170890808105
Epoch: 57, Steps/rank: 59 | Train Loss: 0.5680448 Vali Loss: 1.4370253
Validation loss decreased (1.437072 --> 1.437025).  Saving model ...
Updating learning rate to 2.8280813675126466e-05
Epoch: 58 cost time: 0.48798274993896484
Epoch: 58, Steps/rank: 59 | Train Loss: 0.5681278 Vali Loss: 1.4369573
Validation loss decreased (1.437025 --> 1.436957).  Saving model ...
Updating learning rate to 2.6866772991370145e-05
Epoch: 59 cost time: 0.4762132167816162
Epoch: 59, Steps/rank: 59 | Train Loss: 0.5680208 Vali Loss: 1.4369121
Validation loss decreased (1.436957 --> 1.436912).  Saving model ...
Updating learning rate to 2.5523434341801633e-05
Epoch: 60 cost time: 0.48284244537353516
Epoch: 60, Steps/rank: 59 | Train Loss: 0.5680137 Vali Loss: 1.4368990
Validation loss decreased (1.436912 --> 1.436899).  Saving model ...
Updating learning rate to 2.4247262624711552e-05
Epoch: 61 cost time: 0.47645139694213867
Epoch: 61, Steps/rank: 59 | Train Loss: 0.5680358 Vali Loss: 1.4368520
Validation loss decreased (1.436899 --> 1.436852).  Saving model ...
Updating learning rate to 2.3034899493475973e-05
Epoch: 62 cost time: 0.46932339668273926
Epoch: 62, Steps/rank: 59 | Train Loss: 0.5678990 Vali Loss: 1.4368417
Validation loss decreased (1.436852 --> 1.436842).  Saving model ...
Updating learning rate to 2.1883154518802173e-05
Epoch: 63 cost time: 0.4795517921447754
Epoch: 63, Steps/rank: 59 | Train Loss: 0.5680227 Vali Loss: 1.4368088
Validation loss decreased (1.436842 --> 1.436809).  Saving model ...
Updating learning rate to 2.0788996792862066e-05
Epoch: 64 cost time: 0.457399845123291
Epoch: 64, Steps/rank: 59 | Train Loss: 0.5680858 Vali Loss: 1.4367522
Validation loss decreased (1.436809 --> 1.436752).  Saving model ...
Updating learning rate to 1.974954695321896e-05
Epoch: 65 cost time: 0.4381859302520752
Epoch: 65, Steps/rank: 59 | Train Loss: 0.5679982 Vali Loss: 1.4367128
Validation loss decreased (1.436752 --> 1.436713).  Saving model ...
Updating learning rate to 1.876206960555801e-05
Epoch: 66 cost time: 0.4447920322418213
Epoch: 66, Steps/rank: 59 | Train Loss: 0.5680011 Vali Loss: 1.4366937
Validation loss decreased (1.436713 --> 1.436694).  Saving model ...
Updating learning rate to 1.782396612528011e-05
Epoch: 67 cost time: 0.44934749603271484
Epoch: 67, Steps/rank: 59 | Train Loss: 0.5678176 Vali Loss: 1.4366807
Validation loss decreased (1.436694 --> 1.436681).  Saving model ...
Updating learning rate to 1.6932767819016104e-05
Epoch: 68 cost time: 0.4368870258331299
Epoch: 68, Steps/rank: 59 | Train Loss: 0.5678605 Vali Loss: 1.4366362
Validation loss decreased (1.436681 --> 1.436636).  Saving model ...
Updating learning rate to 1.6086129428065296e-05
Epoch: 69 cost time: 0.4361281394958496
Epoch: 69, Steps/rank: 59 | Train Loss: 0.5680224 Vali Loss: 1.4366245
Validation loss decreased (1.436636 --> 1.436625).  Saving model ...
Updating learning rate to 1.5281822956662033e-05
Epoch: 70 cost time: 0.4370253086090088
Epoch: 70, Steps/rank: 59 | Train Loss: 0.5679483 Vali Loss: 1.4366152
Validation loss decreased (1.436625 --> 1.436615).  Saving model ...
Updating learning rate to 1.451773180882893e-05
Epoch: 71 cost time: 0.4374077320098877
Epoch: 71, Steps/rank: 59 | Train Loss: 0.5679794 Vali Loss: 1.4365750
Validation loss decreased (1.436615 --> 1.436575).  Saving model ...
Updating learning rate to 1.3791845218387483e-05
Epoch: 72 cost time: 0.4425852298736572
Epoch: 72, Steps/rank: 59 | Train Loss: 0.5678616 Vali Loss: 1.4365630
Validation loss decreased (1.436575 --> 1.436563).  Saving model ...
Updating learning rate to 1.3102252957468109e-05
Epoch: 73 cost time: 0.46306777000427246
Epoch: 73, Steps/rank: 59 | Train Loss: 0.5676250 Vali Loss: 1.4365503
Validation loss decreased (1.436563 --> 1.436550).  Saving model ...
Updating learning rate to 1.2447140309594702e-05
Epoch: 74 cost time: 0.46196699142456055
Epoch: 74, Steps/rank: 59 | Train Loss: 0.5679522 Vali Loss: 1.4365346
Validation loss decreased (1.436550 --> 1.436535).  Saving model ...
Updating learning rate to 1.1824783294114967e-05
Epoch: 75 cost time: 0.45830512046813965
Epoch: 75, Steps/rank: 59 | Train Loss: 0.5677319 Vali Loss: 1.4365199
Validation loss decreased (1.436535 --> 1.436520).  Saving model ...
Updating learning rate to 1.1233544129409218e-05
Epoch: 76 cost time: 0.4654674530029297
Epoch: 76, Steps/rank: 59 | Train Loss: 0.5678299 Vali Loss: 1.4365025
Validation loss decreased (1.436520 --> 1.436502).  Saving model ...
Updating learning rate to 1.0671866922938755e-05
Epoch: 77 cost time: 0.4752228260040283
Epoch: 77, Steps/rank: 59 | Train Loss: 0.5677776 Vali Loss: 1.4364838
Validation loss decreased (1.436502 --> 1.436484).  Saving model ...
Updating learning rate to 1.0138273576791817e-05
Epoch: 78 cost time: 0.4818596839904785
Epoch: 78, Steps/rank: 59 | Train Loss: 0.5677404 Vali Loss: 1.4364644
Validation loss decreased (1.436484 --> 1.436464).  Saving model ...
Updating learning rate to 9.631359897952226e-06
Epoch: 79 cost time: 0.47916316986083984
Epoch: 79, Steps/rank: 59 | Train Loss: 0.5680086 Vali Loss: 1.4364636
Validation loss decreased (1.436464 --> 1.436464).  Saving model ...
Updating learning rate to 9.149791903054614e-06
Epoch: 80 cost time: 0.49235057830810547
Epoch: 80, Steps/rank: 59 | Train Loss: 0.5680169 Vali Loss: 1.4364464
Validation loss decreased (1.436464 --> 1.436446).  Saving model ...
Updating learning rate to 8.692302307901884e-06
Epoch: 81 cost time: 0.4854161739349365
Epoch: 81, Steps/rank: 59 | Train Loss: 0.5678739 Vali Loss: 1.4364338
Validation loss decreased (1.436446 --> 1.436434).  Saving model ...
Updating learning rate to 8.25768719250679e-06
Epoch: 82 cost time: 0.4716341495513916
Epoch: 82, Steps/rank: 59 | Train Loss: 0.5677850 Vali Loss: 1.4364317
Validation loss decreased (1.436434 --> 1.436432).  Saving model ...
Updating learning rate to 7.84480283288145e-06
Epoch: 83 cost time: 0.4647676944732666
Epoch: 83, Steps/rank: 59 | Train Loss: 0.5679782 Vali Loss: 1.4364123
Validation loss decreased (1.436432 --> 1.436412).  Saving model ...
Updating learning rate to 7.452562691237377e-06
Epoch: 84 cost time: 0.4620180130004883
Epoch: 84, Steps/rank: 59 | Train Loss: 0.5679689 Vali Loss: 1.4363998
Validation loss decreased (1.436412 --> 1.436400).  Saving model ...
Updating learning rate to 7.079934556675507e-06
Epoch: 85 cost time: 0.4540982246398926
Epoch: 85, Steps/rank: 59 | Train Loss: 0.5678456 Vali Loss: 1.4363865
Validation loss decreased (1.436400 --> 1.436386).  Saving model ...
Updating learning rate to 6.725937828841732e-06
Epoch: 86 cost time: 0.459014892578125
Epoch: 86, Steps/rank: 59 | Train Loss: 0.5679300 Vali Loss: 1.4363871
EarlyStopping counter: 1 out of 20
Updating learning rate to 6.389640937399644e-06
Epoch: 87 cost time: 0.45276427268981934
Epoch: 87, Steps/rank: 59 | Train Loss: 0.5679818 Vali Loss: 1.4363781
Validation loss decreased (1.436386 --> 1.436378).  Saving model ...
Updating learning rate to 6.070158890529662e-06
Epoch: 88 cost time: 0.46060609817504883
Epoch: 88, Steps/rank: 59 | Train Loss: 0.5678280 Vali Loss: 1.4363698
Validation loss decreased (1.436378 --> 1.436370).  Saving model ...
Updating learning rate to 5.766650946003179e-06
Epoch: 89 cost time: 0.4589099884033203
Epoch: 89, Steps/rank: 59 | Train Loss: 0.5679461 Vali Loss: 1.4363526
Validation loss decreased (1.436370 --> 1.436353).  Saving model ...
Updating learning rate to 5.47831839870302e-06
Epoch: 90 cost time: 0.4562849998474121
Epoch: 90, Steps/rank: 59 | Train Loss: 0.5677903 Vali Loss: 1.4363505
Validation loss decreased (1.436353 --> 1.436350).  Saving model ...
Updating learning rate to 5.204402478767869e-06
Epoch: 91 cost time: 0.4584383964538574
Epoch: 91, Steps/rank: 59 | Train Loss: 0.5677102 Vali Loss: 1.4363458
Validation loss decreased (1.436350 --> 1.436346).  Saving model ...
Updating learning rate to 4.944182354829475e-06
Epoch: 92 cost time: 0.46023035049438477
Epoch: 92, Steps/rank: 59 | Train Loss: 0.5678148 Vali Loss: 1.4363376
Validation loss decreased (1.436346 --> 1.436338).  Saving model ...
Updating learning rate to 4.696973237088e-06
Epoch: 93 cost time: 0.4629230499267578
Epoch: 93, Steps/rank: 59 | Train Loss: 0.5679759 Vali Loss: 1.4363271
Validation loss decreased (1.436338 --> 1.436327).  Saving model ...
Updating learning rate to 4.462124575233601e-06
Epoch: 94 cost time: 0.46221923828125
Epoch: 94, Steps/rank: 59 | Train Loss: 0.5679485 Vali Loss: 1.4363253
Validation loss decreased (1.436327 --> 1.436325).  Saving model ...
Updating learning rate to 4.239018346471921e-06
Epoch: 95 cost time: 0.46532273292541504
Epoch: 95, Steps/rank: 59 | Train Loss: 0.5676553 Vali Loss: 1.4363136
Validation loss decreased (1.436325 --> 1.436314).  Saving model ...
Updating learning rate to 4.027067429148324e-06
Epoch: 96 cost time: 0.47241878509521484
Epoch: 96, Steps/rank: 59 | Train Loss: 0.5678308 Vali Loss: 1.4363105
Validation loss decreased (1.436314 --> 1.436310).  Saving model ...
Updating learning rate to 3.825714057690908e-06
Epoch: 97 cost time: 0.4636874198913574
Epoch: 97, Steps/rank: 59 | Train Loss: 0.5678547 Vali Loss: 1.4363069
Validation loss decreased (1.436310 --> 1.436307).  Saving model ...
Updating learning rate to 3.6344283548063623e-06
Epoch: 98 cost time: 0.4689059257507324
Epoch: 98, Steps/rank: 59 | Train Loss: 0.5677676 Vali Loss: 1.4363004
Validation loss decreased (1.436307 --> 1.436300).  Saving model ...
Updating learning rate to 3.452706937066044e-06
Epoch: 99 cost time: 0.46885228157043457
Epoch: 99, Steps/rank: 59 | Train Loss: 0.5679385 Vali Loss: 1.4362974
Validation loss decreased (1.436300 --> 1.436297).  Saving model ...
Updating learning rate to 3.2800715902127414e-06
Epoch: 100 cost time: 0.4670681953430176
Epoch: 100, Steps/rank: 59 | Train Loss: 0.5677973 Vali Loss: 1.4362911
Validation loss decreased (1.436297 --> 1.436291).  Saving model ...
Updating learning rate to 3.1160680107021042e-06
