Args in experiment:
Namespace(is_training=1, model_id='aurora_ETTh1_sl360_pl96_h6_m1_s1919', model='FITS', data='ETTh1', root_path='/lus/flare/projects/FRAME-IDP/siebenschuh/TimeSeriesTraining/FITS_data/', data_path='ETTh1.csv', features='M', target='OT', freq='h', checkpoints='/lus/flare/projects/FRAME-IDP/siebenschuh/TimeSeriesTraining/FITS_checkpoints/FITS', results_root='/lus/flare/projects/FRAME-IDP/siebenschuh/TimeSeriesTraining/FITS_results/FITS', seq_len=360, label_len=48, pred_len=96, individual=False, embed_type=0, enc_in=7, dec_in=7, c_out=7, d_model=512, n_heads=8, e_layers=2, d_layers=1, d_ff=2048, moving_avg=25, factor=1, distil=True, dropout=0.05, embed='timeF', activation='gelu', output_attention=False, do_predict=False, run_test=False, ab=2, hidden_size=1, kernel=5, groups=1, levels=3, stacks=1, num_workers=4, ddp_num_workers=0, itr=1, train_epochs=100, batch_size=128, patience=20, learning_rate=0.0005, des='test', loss='mse', lradj='type3', use_amp=False, use_gpu=True, gpu=0, distributed=False, use_multi_gpu=False, devices='0,1,2,3', test_flop=False, aug_method='NA', aug_rate=0.5, in_batch_augmentation=False, in_dataset_augmentation=False, data_size=1, aug_data_size=1, seed=1919, testset_div=2, test_time_train=False, train_mode=1, cut_freq=106, base_T=24, H_order=6, distributed_context=DistributedContext(enabled=False, rank=0, world_size=1, local_rank=0, local_size=1, backend=''), rank=0, world_size=1, local_rank=0, global_batch_size=128)
Rank 0 uses XPU: xpu:0
>>>>>>>start training : aurora_ETTh1_sl360_pl96_h6_m1_s1919_FITS_ETTh1_ftM_sl360_ll48_pl96_H6_0>>>>>>>>>>>>>>>>>>>>>>>>>>
train 8185
val 2785
Model(
  (freq_upsampler): Linear(in_features=106, out_features=134, bias=True)
)
Trainable parameters:  14338
!!!!!!!!!!!!!!learning rate!!!!!!!!!!!!!!!
0.0005
Epoch: 1 cost time: 2.2597556114196777
Epoch: 1, Steps/rank: 63 | Train Loss: 0.5689144 Vali Loss: 0.9940712
Validation loss decreased (inf --> 0.994071).  Saving model ...
Updating learning rate to 0.0005
Epoch: 2 cost time: 0.6477310657501221
Epoch: 2, Steps/rank: 63 | Train Loss: 0.4176380 Vali Loss: 0.8389945
Validation loss decreased (0.994071 --> 0.838995).  Saving model ...
Updating learning rate to 0.000475
Epoch: 3 cost time: 0.6325433254241943
Epoch: 3, Steps/rank: 63 | Train Loss: 0.3755800 Vali Loss: 0.7768666
Validation loss decreased (0.838995 --> 0.776867).  Saving model ...
Updating learning rate to 0.00045125
Epoch: 4 cost time: 0.6501660346984863
Epoch: 4, Steps/rank: 63 | Train Loss: 0.3580796 Vali Loss: 0.7464835
Validation loss decreased (0.776867 --> 0.746483).  Saving model ...
Updating learning rate to 0.0004286875
Epoch: 5 cost time: 0.565032958984375
Epoch: 5, Steps/rank: 63 | Train Loss: 0.3505338 Vali Loss: 0.7297855
Validation loss decreased (0.746483 --> 0.729786).  Saving model ...
Updating learning rate to 0.00040725312499999993
Epoch: 6 cost time: 0.6121554374694824
Epoch: 6, Steps/rank: 63 | Train Loss: 0.3468919 Vali Loss: 0.7190199
Validation loss decreased (0.729786 --> 0.719020).  Saving model ...
Updating learning rate to 0.0003868904687499999
Epoch: 7 cost time: 0.6304607391357422
Epoch: 7, Steps/rank: 63 | Train Loss: 0.3442638 Vali Loss: 0.7126074
Validation loss decreased (0.719020 --> 0.712607).  Saving model ...
Updating learning rate to 0.00036754594531249993
Epoch: 8 cost time: 0.5605697631835938
Epoch: 8, Steps/rank: 63 | Train Loss: 0.3431714 Vali Loss: 0.7073268
Validation loss decreased (0.712607 --> 0.707327).  Saving model ...
Updating learning rate to 0.00034916864804687486
Epoch: 9 cost time: 0.6148519515991211
Epoch: 9, Steps/rank: 63 | Train Loss: 0.3420542 Vali Loss: 0.7033254
Validation loss decreased (0.707327 --> 0.703325).  Saving model ...
Updating learning rate to 0.00033171021564453113
Epoch: 10 cost time: 0.8091962337493896
Epoch: 10, Steps/rank: 63 | Train Loss: 0.3414713 Vali Loss: 0.6995882
Validation loss decreased (0.703325 --> 0.699588).  Saving model ...
Updating learning rate to 0.00031512470486230455
Epoch: 11 cost time: 1.3781728744506836
Epoch: 11, Steps/rank: 63 | Train Loss: 0.3402365 Vali Loss: 0.6972112
Validation loss decreased (0.699588 --> 0.697211).  Saving model ...
Updating learning rate to 0.00029936846961918935
Epoch: 12 cost time: 1.3177614212036133
Epoch: 12, Steps/rank: 63 | Train Loss: 0.3401407 Vali Loss: 0.6948241
Validation loss decreased (0.697211 --> 0.694824).  Saving model ...
Updating learning rate to 0.0002844000461382298
Epoch: 13 cost time: 0.9542045593261719
Epoch: 13, Steps/rank: 63 | Train Loss: 0.3402828 Vali Loss: 0.6929925
Validation loss decreased (0.694824 --> 0.692993).  Saving model ...
Updating learning rate to 0.0002701800438313183
Epoch: 14 cost time: 0.9738621711730957
Epoch: 14, Steps/rank: 63 | Train Loss: 0.3392005 Vali Loss: 0.6916085
Validation loss decreased (0.692993 --> 0.691608).  Saving model ...
Updating learning rate to 0.0002566710416397524
Epoch: 15 cost time: 1.2458031177520752
Epoch: 15, Steps/rank: 63 | Train Loss: 0.3396758 Vali Loss: 0.6902704
Validation loss decreased (0.691608 --> 0.690270).  Saving model ...
Updating learning rate to 0.00024383748955776477
Epoch: 16 cost time: 1.3295888900756836
Epoch: 16, Steps/rank: 63 | Train Loss: 0.3392463 Vali Loss: 0.6888064
Validation loss decreased (0.690270 --> 0.688806).  Saving model ...
Updating learning rate to 0.0002316456150798765
Epoch: 17 cost time: 1.1847424507141113
Epoch: 17, Steps/rank: 63 | Train Loss: 0.3389354 Vali Loss: 0.6879815
Validation loss decreased (0.688806 --> 0.687982).  Saving model ...
Updating learning rate to 0.00022006333432588268
Epoch: 18 cost time: 0.9875743389129639
Epoch: 18, Steps/rank: 63 | Train Loss: 0.3387281 Vali Loss: 0.6870915
Validation loss decreased (0.687982 --> 0.687092).  Saving model ...
Updating learning rate to 0.00020906016760958854
Epoch: 19 cost time: 0.9821193218231201
Epoch: 19, Steps/rank: 63 | Train Loss: 0.3385543 Vali Loss: 0.6861758
Validation loss decreased (0.687092 --> 0.686176).  Saving model ...
Updating learning rate to 0.0001986071592291091
Epoch: 20 cost time: 1.226116418838501
Epoch: 20, Steps/rank: 63 | Train Loss: 0.3389585 Vali Loss: 0.6856070
Validation loss decreased (0.686176 --> 0.685607).  Saving model ...
Updating learning rate to 0.00018867680126765363
Epoch: 21 cost time: 1.3058366775512695
Epoch: 21, Steps/rank: 63 | Train Loss: 0.3386278 Vali Loss: 0.6847519
Validation loss decreased (0.685607 --> 0.684752).  Saving model ...
Updating learning rate to 0.00017924296120427094
Epoch: 22 cost time: 1.1231019496917725
Epoch: 22, Steps/rank: 63 | Train Loss: 0.3383517 Vali Loss: 0.6845945
Validation loss decreased (0.684752 --> 0.684594).  Saving model ...
Updating learning rate to 0.0001702808131440574
Epoch: 23 cost time: 0.6210973262786865
Epoch: 23, Steps/rank: 63 | Train Loss: 0.3386963 Vali Loss: 0.6841033
Validation loss decreased (0.684594 --> 0.684103).  Saving model ...
Updating learning rate to 0.0001617667724868545
Epoch: 24 cost time: 0.5745975971221924
Epoch: 24, Steps/rank: 63 | Train Loss: 0.3381288 Vali Loss: 0.6836104
Validation loss decreased (0.684103 --> 0.683610).  Saving model ...
Updating learning rate to 0.00015367843386251178
Epoch: 25 cost time: 0.5596113204956055
Epoch: 25, Steps/rank: 63 | Train Loss: 0.3381064 Vali Loss: 0.6829258
Validation loss decreased (0.683610 --> 0.682926).  Saving model ...
Updating learning rate to 0.0001459945121693862
Epoch: 26 cost time: 0.5387275218963623
Epoch: 26, Steps/rank: 63 | Train Loss: 0.3376140 Vali Loss: 0.6826610
Validation loss decreased (0.682926 --> 0.682661).  Saving model ...
Updating learning rate to 0.00013869478656091687
Epoch: 27 cost time: 0.5634264945983887
Epoch: 27, Steps/rank: 63 | Train Loss: 0.3372961 Vali Loss: 0.6822276
Validation loss decreased (0.682661 --> 0.682228).  Saving model ...
Updating learning rate to 0.00013176004723287101
Epoch: 28 cost time: 0.5450282096862793
Epoch: 28, Steps/rank: 63 | Train Loss: 0.3372538 Vali Loss: 0.6820494
Validation loss decreased (0.682228 --> 0.682049).  Saving model ...
Updating learning rate to 0.00012517204487122748
Epoch: 29 cost time: 0.5355594158172607
Epoch: 29, Steps/rank: 63 | Train Loss: 0.3372325 Vali Loss: 0.6818016
Validation loss decreased (0.682049 --> 0.681802).  Saving model ...
Updating learning rate to 0.00011891344262766608
Epoch: 30 cost time: 0.5570895671844482
Epoch: 30, Steps/rank: 63 | Train Loss: 0.3374531 Vali Loss: 0.6814949
Validation loss decreased (0.681802 --> 0.681495).  Saving model ...
Updating learning rate to 0.00011296777049628277
Epoch: 31 cost time: 0.6347479820251465
Epoch: 31, Steps/rank: 63 | Train Loss: 0.3373919 Vali Loss: 0.6811972
Validation loss decreased (0.681495 --> 0.681197).  Saving model ...
Updating learning rate to 0.00010731938197146864
Epoch: 32 cost time: 0.5889608860015869
Epoch: 32, Steps/rank: 63 | Train Loss: 0.3376131 Vali Loss: 0.6809275
Validation loss decreased (0.681197 --> 0.680928).  Saving model ...
Updating learning rate to 0.00010195341287289519
Epoch: 33 cost time: 0.5913314819335938
Epoch: 33, Steps/rank: 63 | Train Loss: 0.3374058 Vali Loss: 0.6808062
Validation loss decreased (0.680928 --> 0.680806).  Saving model ...
Updating learning rate to 9.685574222925044e-05
Epoch: 34 cost time: 0.5619490146636963
Epoch: 34, Steps/rank: 63 | Train Loss: 0.3377959 Vali Loss: 0.6806365
Validation loss decreased (0.680806 --> 0.680637).  Saving model ...
Updating learning rate to 9.201295511778792e-05
Epoch: 35 cost time: 0.5810892581939697
Epoch: 35, Steps/rank: 63 | Train Loss: 0.3366777 Vali Loss: 0.6805417
Validation loss decreased (0.680637 --> 0.680542).  Saving model ...
Updating learning rate to 8.74123073618985e-05
Epoch: 36 cost time: 0.5367107391357422
Epoch: 36, Steps/rank: 63 | Train Loss: 0.3364300 Vali Loss: 0.6802249
Validation loss decreased (0.680542 --> 0.680225).  Saving model ...
Updating learning rate to 8.304169199380359e-05
Epoch: 37 cost time: 0.5409584045410156
Epoch: 37, Steps/rank: 63 | Train Loss: 0.3374852 Vali Loss: 0.6801240
Validation loss decreased (0.680225 --> 0.680124).  Saving model ...
Updating learning rate to 7.88896073941134e-05
Epoch: 38 cost time: 0.5534043312072754
Epoch: 38, Steps/rank: 63 | Train Loss: 0.3370467 Vali Loss: 0.6801260
EarlyStopping counter: 1 out of 20
Updating learning rate to 7.494512702440772e-05
Epoch: 39 cost time: 0.5654699802398682
Epoch: 39, Steps/rank: 63 | Train Loss: 0.3368037 Vali Loss: 0.6799193
Validation loss decreased (0.680124 --> 0.679919).  Saving model ...
Updating learning rate to 7.119787067318733e-05
Epoch: 40 cost time: 0.5631265640258789
Epoch: 40, Steps/rank: 63 | Train Loss: 0.3370582 Vali Loss: 0.6797239
Validation loss decreased (0.679919 --> 0.679724).  Saving model ...
Updating learning rate to 6.763797713952796e-05
Epoch: 41 cost time: 0.5992176532745361
Epoch: 41, Steps/rank: 63 | Train Loss: 0.3372596 Vali Loss: 0.6796775
Validation loss decreased (0.679724 --> 0.679677).  Saving model ...
Updating learning rate to 6.425607828255156e-05
Epoch: 42 cost time: 0.5524454116821289
Epoch: 42, Steps/rank: 63 | Train Loss: 0.3370761 Vali Loss: 0.6793952
Validation loss decreased (0.679677 --> 0.679395).  Saving model ...
Updating learning rate to 6.104327436842398e-05
Epoch: 43 cost time: 0.6174039840698242
Epoch: 43, Steps/rank: 63 | Train Loss: 0.3374485 Vali Loss: 0.6794344
EarlyStopping counter: 1 out of 20
Updating learning rate to 5.799111065000278e-05
Epoch: 44 cost time: 0.5506374835968018
Epoch: 44, Steps/rank: 63 | Train Loss: 0.3367265 Vali Loss: 0.6792615
Validation loss decreased (0.679395 --> 0.679261).  Saving model ...
Updating learning rate to 5.509155511750264e-05
Epoch: 45 cost time: 0.5434927940368652
Epoch: 45, Steps/rank: 63 | Train Loss: 0.3364806 Vali Loss: 0.6791732
Validation loss decreased (0.679261 --> 0.679173).  Saving model ...
Updating learning rate to 5.2336977361627504e-05
Epoch: 46 cost time: 0.5899488925933838
Epoch: 46, Steps/rank: 63 | Train Loss: 0.3370633 Vali Loss: 0.6791318
Validation loss decreased (0.679173 --> 0.679132).  Saving model ...
Updating learning rate to 4.9720128493546124e-05
Epoch: 47 cost time: 0.5749125480651855
Epoch: 47, Steps/rank: 63 | Train Loss: 0.3371138 Vali Loss: 0.6789568
Validation loss decreased (0.679132 --> 0.678957).  Saving model ...
Updating learning rate to 4.7234122068868816e-05
Epoch: 48 cost time: 0.5445055961608887
Epoch: 48, Steps/rank: 63 | Train Loss: 0.3365476 Vali Loss: 0.6788928
Validation loss decreased (0.678957 --> 0.678893).  Saving model ...
Updating learning rate to 4.487241596542538e-05
Epoch: 49 cost time: 0.5714631080627441
Epoch: 49, Steps/rank: 63 | Train Loss: 0.3365188 Vali Loss: 0.6789103
EarlyStopping counter: 1 out of 20
Updating learning rate to 4.26287951671541e-05
Epoch: 50 cost time: 0.5469996929168701
Epoch: 50, Steps/rank: 63 | Train Loss: 0.3370538 Vali Loss: 0.6788045
Validation loss decreased (0.678893 --> 0.678804).  Saving model ...
Updating learning rate to 4.0497355408796396e-05
Epoch: 51 cost time: 0.5517098903656006
Epoch: 51, Steps/rank: 63 | Train Loss: 0.3373697 Vali Loss: 0.6787817
Validation loss decreased (0.678804 --> 0.678782).  Saving model ...
Updating learning rate to 3.8472487638356575e-05
Epoch: 52 cost time: 0.61887526512146
Epoch: 52, Steps/rank: 63 | Train Loss: 0.3365741 Vali Loss: 0.6786917
Validation loss decreased (0.678782 --> 0.678692).  Saving model ...
Updating learning rate to 3.654886325643875e-05
Epoch: 53 cost time: 0.6021161079406738
Epoch: 53, Steps/rank: 63 | Train Loss: 0.3366961 Vali Loss: 0.6785900
Validation loss decreased (0.678692 --> 0.678590).  Saving model ...
Updating learning rate to 3.47214200936168e-05
Epoch: 54 cost time: 0.5589425563812256
Epoch: 54, Steps/rank: 63 | Train Loss: 0.3371181 Vali Loss: 0.6786377
EarlyStopping counter: 1 out of 20
Updating learning rate to 3.298534908893597e-05
Epoch: 55 cost time: 0.5792398452758789
Epoch: 55, Steps/rank: 63 | Train Loss: 0.3366509 Vali Loss: 0.6785326
Validation loss decreased (0.678590 --> 0.678533).  Saving model ...
Updating learning rate to 3.1336081634489166e-05
Epoch: 56 cost time: 0.6152920722961426
Epoch: 56, Steps/rank: 63 | Train Loss: 0.3363048 Vali Loss: 0.6784963
Validation loss decreased (0.678533 --> 0.678496).  Saving model ...
Updating learning rate to 2.9769277552764706e-05
Epoch: 57 cost time: 0.5525422096252441
Epoch: 57, Steps/rank: 63 | Train Loss: 0.3373350 Vali Loss: 0.6784140
Validation loss decreased (0.678496 --> 0.678414).  Saving model ...
Updating learning rate to 2.8280813675126466e-05
Epoch: 58 cost time: 0.6244299411773682
Epoch: 58, Steps/rank: 63 | Train Loss: 0.3361319 Vali Loss: 0.6785142
EarlyStopping counter: 1 out of 20
Updating learning rate to 2.6866772991370145e-05
Epoch: 59 cost time: 0.6361258029937744
Epoch: 59, Steps/rank: 63 | Train Loss: 0.3361534 Vali Loss: 0.6784000
Validation loss decreased (0.678414 --> 0.678400).  Saving model ...
Updating learning rate to 2.5523434341801633e-05
Epoch: 60 cost time: 0.588437557220459
Epoch: 60, Steps/rank: 63 | Train Loss: 0.3363099 Vali Loss: 0.6783859
Validation loss decreased (0.678400 --> 0.678386).  Saving model ...
Updating learning rate to 2.4247262624711552e-05
Epoch: 61 cost time: 0.5398752689361572
Epoch: 61, Steps/rank: 63 | Train Loss: 0.3362374 Vali Loss: 0.6783880
EarlyStopping counter: 1 out of 20
Updating learning rate to 2.3034899493475973e-05
Epoch: 62 cost time: 0.5671482086181641
Epoch: 62, Steps/rank: 63 | Train Loss: 0.3358994 Vali Loss: 0.6783575
Validation loss decreased (0.678386 --> 0.678357).  Saving model ...
Updating learning rate to 2.1883154518802173e-05
Epoch: 63 cost time: 0.5729131698608398
Epoch: 63, Steps/rank: 63 | Train Loss: 0.3370793 Vali Loss: 0.6783193
Validation loss decreased (0.678357 --> 0.678319).  Saving model ...
Updating learning rate to 2.0788996792862066e-05
Epoch: 64 cost time: 0.6044306755065918
Epoch: 64, Steps/rank: 63 | Train Loss: 0.3364570 Vali Loss: 0.6782848
Validation loss decreased (0.678319 --> 0.678285).  Saving model ...
Updating learning rate to 1.974954695321896e-05
Epoch: 65 cost time: 0.5840198993682861
Epoch: 65, Steps/rank: 63 | Train Loss: 0.3366666 Vali Loss: 0.6782107
Validation loss decreased (0.678285 --> 0.678211).  Saving model ...
Updating learning rate to 1.876206960555801e-05
Epoch: 66 cost time: 0.5831658840179443
Epoch: 66, Steps/rank: 63 | Train Loss: 0.3369293 Vali Loss: 0.6781670
Validation loss decreased (0.678211 --> 0.678167).  Saving model ...
Updating learning rate to 1.782396612528011e-05
Epoch: 67 cost time: 0.5976648330688477
Epoch: 67, Steps/rank: 63 | Train Loss: 0.3361759 Vali Loss: 0.6781710
EarlyStopping counter: 1 out of 20
Updating learning rate to 1.6932767819016104e-05
Epoch: 68 cost time: 0.586726188659668
Epoch: 68, Steps/rank: 63 | Train Loss: 0.3366817 Vali Loss: 0.6781411
Validation loss decreased (0.678167 --> 0.678141).  Saving model ...
Updating learning rate to 1.6086129428065296e-05
Epoch: 69 cost time: 0.5609376430511475
Epoch: 69, Steps/rank: 63 | Train Loss: 0.3367821 Vali Loss: 0.6781240
Validation loss decreased (0.678141 --> 0.678124).  Saving model ...
Updating learning rate to 1.5281822956662033e-05
Epoch: 70 cost time: 0.5934479236602783
Epoch: 70, Steps/rank: 63 | Train Loss: 0.3364607 Vali Loss: 0.6781033
Validation loss decreased (0.678124 --> 0.678103).  Saving model ...
Updating learning rate to 1.451773180882893e-05
Epoch: 71 cost time: 0.5460128784179688
Epoch: 71, Steps/rank: 63 | Train Loss: 0.3365474 Vali Loss: 0.6780836
Validation loss decreased (0.678103 --> 0.678084).  Saving model ...
Updating learning rate to 1.3791845218387483e-05
Epoch: 72 cost time: 0.563145637512207
Epoch: 72, Steps/rank: 63 | Train Loss: 0.3363746 Vali Loss: 0.6780535
Validation loss decreased (0.678084 --> 0.678053).  Saving model ...
Updating learning rate to 1.3102252957468109e-05
Epoch: 73 cost time: 0.6159071922302246
Epoch: 73, Steps/rank: 63 | Train Loss: 0.3366043 Vali Loss: 0.6780421
Validation loss decreased (0.678053 --> 0.678042).  Saving model ...
Updating learning rate to 1.2447140309594702e-05
Epoch: 74 cost time: 0.5976338386535645
Epoch: 74, Steps/rank: 63 | Train Loss: 0.3365329 Vali Loss: 0.6780385
Validation loss decreased (0.678042 --> 0.678038).  Saving model ...
Updating learning rate to 1.1824783294114967e-05
Epoch: 75 cost time: 0.5492641925811768
Epoch: 75, Steps/rank: 63 | Train Loss: 0.3361622 Vali Loss: 0.6780274
Validation loss decreased (0.678038 --> 0.678027).  Saving model ...
Updating learning rate to 1.1233544129409218e-05
Epoch: 76 cost time: 0.5798313617706299
Epoch: 76, Steps/rank: 63 | Train Loss: 0.3363967 Vali Loss: 0.6779793
Validation loss decreased (0.678027 --> 0.677979).  Saving model ...
Updating learning rate to 1.0671866922938755e-05
Epoch: 77 cost time: 0.6250293254852295
Epoch: 77, Steps/rank: 63 | Train Loss: 0.3366819 Vali Loss: 0.6779742
Validation loss decreased (0.677979 --> 0.677974).  Saving model ...
Updating learning rate to 1.0138273576791817e-05
Epoch: 78 cost time: 0.5994491577148438
Epoch: 78, Steps/rank: 63 | Train Loss: 0.3365407 Vali Loss: 0.6779610
Validation loss decreased (0.677974 --> 0.677961).  Saving model ...
Updating learning rate to 9.631359897952226e-06
Epoch: 79 cost time: 0.5818736553192139
Epoch: 79, Steps/rank: 63 | Train Loss: 0.3366462 Vali Loss: 0.6779440
Validation loss decreased (0.677961 --> 0.677944).  Saving model ...
Updating learning rate to 9.149791903054614e-06
Epoch: 80 cost time: 0.5945038795471191
Epoch: 80, Steps/rank: 63 | Train Loss: 0.3363400 Vali Loss: 0.6779422
Validation loss decreased (0.677944 --> 0.677942).  Saving model ...
Updating learning rate to 8.692302307901884e-06
Epoch: 81 cost time: 0.6119387149810791
Epoch: 81, Steps/rank: 63 | Train Loss: 0.3365576 Vali Loss: 0.6779160
Validation loss decreased (0.677942 --> 0.677916).  Saving model ...
Updating learning rate to 8.25768719250679e-06
Epoch: 82 cost time: 0.5902886390686035
Epoch: 82, Steps/rank: 63 | Train Loss: 0.3367536 Vali Loss: 0.6778952
Validation loss decreased (0.677916 --> 0.677895).  Saving model ...
Updating learning rate to 7.84480283288145e-06
Epoch: 83 cost time: 0.5955805778503418
Epoch: 83, Steps/rank: 63 | Train Loss: 0.3362925 Vali Loss: 0.6778971
EarlyStopping counter: 1 out of 20
Updating learning rate to 7.452562691237377e-06
Epoch: 84 cost time: 0.5705456733703613
Epoch: 84, Steps/rank: 63 | Train Loss: 0.3362993 Vali Loss: 0.6779083
EarlyStopping counter: 2 out of 20
Updating learning rate to 7.079934556675507e-06
Epoch: 85 cost time: 0.5580615997314453
Epoch: 85, Steps/rank: 63 | Train Loss: 0.3367431 Vali Loss: 0.6778791
Validation loss decreased (0.677895 --> 0.677879).  Saving model ...
Updating learning rate to 6.725937828841732e-06
Epoch: 86 cost time: 0.5640270709991455
Epoch: 86, Steps/rank: 63 | Train Loss: 0.3366032 Vali Loss: 0.6778703
Validation loss decreased (0.677879 --> 0.677870).  Saving model ...
Updating learning rate to 6.389640937399644e-06
Epoch: 87 cost time: 0.5571818351745605
Epoch: 87, Steps/rank: 63 | Train Loss: 0.3369141 Vali Loss: 0.6778644
Validation loss decreased (0.677870 --> 0.677864).  Saving model ...
Updating learning rate to 6.070158890529662e-06
Epoch: 88 cost time: 0.6233527660369873
Epoch: 88, Steps/rank: 63 | Train Loss: 0.3368704 Vali Loss: 0.6778711
EarlyStopping counter: 1 out of 20
Updating learning rate to 5.766650946003179e-06
Epoch: 89 cost time: 0.5850927829742432
Epoch: 89, Steps/rank: 63 | Train Loss: 0.3362728 Vali Loss: 0.6778543
Validation loss decreased (0.677864 --> 0.677854).  Saving model ...
Updating learning rate to 5.47831839870302e-06
Epoch: 90 cost time: 0.607611894607544
Epoch: 90, Steps/rank: 63 | Train Loss: 0.3367173 Vali Loss: 0.6778388
Validation loss decreased (0.677854 --> 0.677839).  Saving model ...
Updating learning rate to 5.204402478767869e-06
Epoch: 91 cost time: 0.5777745246887207
Epoch: 91, Steps/rank: 63 | Train Loss: 0.3366706 Vali Loss: 0.6778357
Validation loss decreased (0.677839 --> 0.677836).  Saving model ...
Updating learning rate to 4.944182354829475e-06
Epoch: 92 cost time: 0.546363115310669
Epoch: 92, Steps/rank: 63 | Train Loss: 0.3366454 Vali Loss: 0.6778323
Validation loss decreased (0.677836 --> 0.677832).  Saving model ...
Updating learning rate to 4.696973237088e-06
Epoch: 93 cost time: 0.5531940460205078
Epoch: 93, Steps/rank: 63 | Train Loss: 0.3363139 Vali Loss: 0.6778353
EarlyStopping counter: 1 out of 20
Updating learning rate to 4.462124575233601e-06
Epoch: 94 cost time: 0.581587553024292
Epoch: 94, Steps/rank: 63 | Train Loss: 0.3367608 Vali Loss: 0.6778214
Validation loss decreased (0.677832 --> 0.677821).  Saving model ...
Updating learning rate to 4.239018346471921e-06
Epoch: 95 cost time: 0.5831778049468994
Epoch: 95, Steps/rank: 63 | Train Loss: 0.3363421 Vali Loss: 0.6778182
Validation loss decreased (0.677821 --> 0.677818).  Saving model ...
Updating learning rate to 4.027067429148324e-06
Epoch: 96 cost time: 0.6028826236724854
Epoch: 96, Steps/rank: 63 | Train Loss: 0.3368271 Vali Loss: 0.6778146
Validation loss decreased (0.677818 --> 0.677815).  Saving model ...
Updating learning rate to 3.825714057690908e-06
Epoch: 97 cost time: 0.5874359607696533
Epoch: 97, Steps/rank: 63 | Train Loss: 0.3367366 Vali Loss: 0.6778162
EarlyStopping counter: 1 out of 20
Updating learning rate to 3.6344283548063623e-06
Epoch: 98 cost time: 0.589958667755127
Epoch: 98, Steps/rank: 63 | Train Loss: 0.3365258 Vali Loss: 0.6778012
Validation loss decreased (0.677815 --> 0.677801).  Saving model ...
Updating learning rate to 3.452706937066044e-06
Epoch: 99 cost time: 0.5618546009063721
Epoch: 99, Steps/rank: 63 | Train Loss: 0.3364086 Vali Loss: 0.6778001
Validation loss decreased (0.677801 --> 0.677800).  Saving model ...
Updating learning rate to 3.2800715902127414e-06
Epoch: 100 cost time: 0.5741438865661621
Epoch: 100, Steps/rank: 63 | Train Loss: 0.3361396 Vali Loss: 0.6777995
Validation loss decreased (0.677800 --> 0.677800).  Saving model ...
Updating learning rate to 3.1160680107021042e-06
