Args in experiment:
Namespace(is_training=1, model_id='aurora_ETTh1_sl360_pl336_h6_m1_s810', model='FITS', data='ETTh1', root_path='/lus/flare/projects/FRAME-IDP/siebenschuh/TimeSeriesTraining/FITS_data/', data_path='ETTh1.csv', features='M', target='OT', freq='h', checkpoints='/lus/flare/projects/FRAME-IDP/siebenschuh/TimeSeriesTraining/FITS_checkpoints/FITS', results_root='/lus/flare/projects/FRAME-IDP/siebenschuh/TimeSeriesTraining/FITS_results/FITS', seq_len=360, label_len=48, pred_len=336, individual=False, embed_type=0, enc_in=7, dec_in=7, c_out=7, d_model=512, n_heads=8, e_layers=2, d_layers=1, d_ff=2048, moving_avg=25, factor=1, distil=True, dropout=0.05, embed='timeF', activation='gelu', output_attention=False, do_predict=False, run_test=False, ab=2, hidden_size=1, kernel=5, groups=1, levels=3, stacks=1, num_workers=4, ddp_num_workers=0, itr=1, train_epochs=100, batch_size=128, patience=20, learning_rate=0.0005, des='test', loss='mse', lradj='type3', use_amp=False, use_gpu=True, gpu=0, distributed=False, use_multi_gpu=False, devices='0,1,2,3', test_flop=False, aug_method='NA', aug_rate=0.5, in_batch_augmentation=False, in_dataset_augmentation=False, data_size=1, aug_data_size=1, seed=810, testset_div=2, test_time_train=False, train_mode=1, cut_freq=106, base_T=24, H_order=6, distributed_context=DistributedContext(enabled=False, rank=0, world_size=1, local_rank=0, local_size=1, backend=''), rank=0, world_size=1, local_rank=0, global_batch_size=128)
Rank 0 uses XPU: xpu:0
>>>>>>>start training : aurora_ETTh1_sl360_pl336_h6_m1_s810_FITS_ETTh1_ftM_sl360_ll48_pl336_H6_0>>>>>>>>>>>>>>>>>>>>>>>>>>
train 7945
val 2545
Model(
  (freq_upsampler): Linear(in_features=106, out_features=204, bias=True)
)
Trainable parameters:  21828
!!!!!!!!!!!!!!learning rate!!!!!!!!!!!!!!!
0.0005
Epoch: 1 cost time: 2.3520805835723877
Epoch: 1, Steps/rank: 62 | Train Loss: 0.7610332 Vali Loss: 1.5510275
Validation loss decreased (inf --> 1.551028).  Saving model ...
Updating learning rate to 0.0005
Epoch: 2 cost time: 0.5717880725860596
Epoch: 2, Steps/rank: 62 | Train Loss: 0.5947294 Vali Loss: 1.3979722
Validation loss decreased (1.551028 --> 1.397972).  Saving model ...
Updating learning rate to 0.000475
Epoch: 3 cost time: 0.6078345775604248
Epoch: 3, Steps/rank: 62 | Train Loss: 0.5452488 Vali Loss: 1.3322698
Validation loss decreased (1.397972 --> 1.332270).  Saving model ...
Updating learning rate to 0.00045125
Epoch: 4 cost time: 0.6102614402770996
Epoch: 4, Steps/rank: 62 | Train Loss: 0.5193200 Vali Loss: 1.2894793
Validation loss decreased (1.332270 --> 1.289479).  Saving model ...
Updating learning rate to 0.0004286875
Epoch: 5 cost time: 0.5673837661743164
Epoch: 5, Steps/rank: 62 | Train Loss: 0.5019870 Vali Loss: 1.2589842
Validation loss decreased (1.289479 --> 1.258984).  Saving model ...
Updating learning rate to 0.00040725312499999993
Epoch: 6 cost time: 0.5586936473846436
Epoch: 6, Steps/rank: 62 | Train Loss: 0.4895995 Vali Loss: 1.2366103
Validation loss decreased (1.258984 --> 1.236610).  Saving model ...
Updating learning rate to 0.0003868904687499999
Epoch: 7 cost time: 0.6193249225616455
Epoch: 7, Steps/rank: 62 | Train Loss: 0.4805183 Vali Loss: 1.2198825
Validation loss decreased (1.236610 --> 1.219882).  Saving model ...
Updating learning rate to 0.00036754594531249993
Epoch: 8 cost time: 0.5908706188201904
Epoch: 8, Steps/rank: 62 | Train Loss: 0.4739029 Vali Loss: 1.2066524
Validation loss decreased (1.219882 --> 1.206652).  Saving model ...
Updating learning rate to 0.00034916864804687486
Epoch: 9 cost time: 0.6249973773956299
Epoch: 9, Steps/rank: 62 | Train Loss: 0.4690777 Vali Loss: 1.1973806
Validation loss decreased (1.206652 --> 1.197381).  Saving model ...
Updating learning rate to 0.00033171021564453113
Epoch: 10 cost time: 0.6423778533935547
Epoch: 10, Steps/rank: 62 | Train Loss: 0.4653999 Vali Loss: 1.1899823
Validation loss decreased (1.197381 --> 1.189982).  Saving model ...
Updating learning rate to 0.00031512470486230455
Epoch: 11 cost time: 0.6389691829681396
Epoch: 11, Steps/rank: 62 | Train Loss: 0.4627994 Vali Loss: 1.1848166
Validation loss decreased (1.189982 --> 1.184817).  Saving model ...
Updating learning rate to 0.00029936846961918935
Epoch: 12 cost time: 1.3149518966674805
Epoch: 12, Steps/rank: 62 | Train Loss: 0.4605400 Vali Loss: 1.1797515
Validation loss decreased (1.184817 --> 1.179751).  Saving model ...
Updating learning rate to 0.0002844000461382298
Epoch: 13 cost time: 0.9225969314575195
Epoch: 13, Steps/rank: 62 | Train Loss: 0.4589644 Vali Loss: 1.1768930
Validation loss decreased (1.179751 --> 1.176893).  Saving model ...
Updating learning rate to 0.0002701800438313183
Epoch: 14 cost time: 0.9151990413665771
Epoch: 14, Steps/rank: 62 | Train Loss: 0.4576745 Vali Loss: 1.1739663
Validation loss decreased (1.176893 --> 1.173966).  Saving model ...
Updating learning rate to 0.0002566710416397524
Epoch: 15 cost time: 1.3511667251586914
Epoch: 15, Steps/rank: 62 | Train Loss: 0.4569933 Vali Loss: 1.1725931
Validation loss decreased (1.173966 --> 1.172593).  Saving model ...
Updating learning rate to 0.00024383748955776477
Epoch: 16 cost time: 0.9253690242767334
Epoch: 16, Steps/rank: 62 | Train Loss: 0.4562528 Vali Loss: 1.1705520
Validation loss decreased (1.172593 --> 1.170552).  Saving model ...
Updating learning rate to 0.0002316456150798765
Epoch: 17 cost time: 0.9927167892456055
Epoch: 17, Steps/rank: 62 | Train Loss: 0.4555981 Vali Loss: 1.1692526
Validation loss decreased (1.170552 --> 1.169253).  Saving model ...
Updating learning rate to 0.00022006333432588268
Epoch: 18 cost time: 1.2126383781433105
Epoch: 18, Steps/rank: 62 | Train Loss: 0.4551348 Vali Loss: 1.1677128
Validation loss decreased (1.169253 --> 1.167713).  Saving model ...
Updating learning rate to 0.00020906016760958854
Epoch: 19 cost time: 0.9806878566741943
Epoch: 19, Steps/rank: 62 | Train Loss: 0.4547123 Vali Loss: 1.1671108
Validation loss decreased (1.167713 --> 1.167111).  Saving model ...
Updating learning rate to 0.0001986071592291091
Epoch: 20 cost time: 0.925955057144165
Epoch: 20, Steps/rank: 62 | Train Loss: 0.4543866 Vali Loss: 1.1662841
Validation loss decreased (1.167111 --> 1.166284).  Saving model ...
Updating learning rate to 0.00018867680126765363
Epoch: 21 cost time: 1.1699137687683105
Epoch: 21, Steps/rank: 62 | Train Loss: 0.4541624 Vali Loss: 1.1655585
Validation loss decreased (1.166284 --> 1.165558).  Saving model ...
Updating learning rate to 0.00017924296120427094
Epoch: 22 cost time: 0.9588024616241455
Epoch: 22, Steps/rank: 62 | Train Loss: 0.4540099 Vali Loss: 1.1647827
Validation loss decreased (1.165558 --> 1.164783).  Saving model ...
Updating learning rate to 0.0001702808131440574
Epoch: 23 cost time: 1.146857738494873
Epoch: 23, Steps/rank: 62 | Train Loss: 0.4538912 Vali Loss: 1.1644020
Validation loss decreased (1.164783 --> 1.164402).  Saving model ...
Updating learning rate to 0.0001617667724868545
Epoch: 24 cost time: 0.5493485927581787
Epoch: 24, Steps/rank: 62 | Train Loss: 0.4535850 Vali Loss: 1.1640346
Validation loss decreased (1.164402 --> 1.164035).  Saving model ...
Updating learning rate to 0.00015367843386251178
Epoch: 25 cost time: 0.5468957424163818
Epoch: 25, Steps/rank: 62 | Train Loss: 0.4534340 Vali Loss: 1.1636114
Validation loss decreased (1.164035 --> 1.163611).  Saving model ...
Updating learning rate to 0.0001459945121693862
Epoch: 26 cost time: 0.6312901973724365
Epoch: 26, Steps/rank: 62 | Train Loss: 0.4534776 Vali Loss: 1.1632619
Validation loss decreased (1.163611 --> 1.163262).  Saving model ...
Updating learning rate to 0.00013869478656091687
Epoch: 27 cost time: 0.6081552505493164
Epoch: 27, Steps/rank: 62 | Train Loss: 0.4534131 Vali Loss: 1.1628337
Validation loss decreased (1.163262 --> 1.162834).  Saving model ...
Updating learning rate to 0.00013176004723287101
Epoch: 28 cost time: 0.6261866092681885
Epoch: 28, Steps/rank: 62 | Train Loss: 0.4530740 Vali Loss: 1.1630149
EarlyStopping counter: 1 out of 20
Updating learning rate to 0.00012517204487122748
Epoch: 29 cost time: 0.6068582534790039
Epoch: 29, Steps/rank: 62 | Train Loss: 0.4530978 Vali Loss: 1.1625386
Validation loss decreased (1.162834 --> 1.162539).  Saving model ...
Updating learning rate to 0.00011891344262766608
Epoch: 30 cost time: 0.6045112609863281
Epoch: 30, Steps/rank: 62 | Train Loss: 0.4529390 Vali Loss: 1.1621903
Validation loss decreased (1.162539 --> 1.162190).  Saving model ...
Updating learning rate to 0.00011296777049628277
Epoch: 31 cost time: 0.5639770030975342
Epoch: 31, Steps/rank: 62 | Train Loss: 0.4529392 Vali Loss: 1.1620583
Validation loss decreased (1.162190 --> 1.162058).  Saving model ...
Updating learning rate to 0.00010731938197146864
Epoch: 32 cost time: 0.605433464050293
Epoch: 32, Steps/rank: 62 | Train Loss: 0.4527726 Vali Loss: 1.1618412
Validation loss decreased (1.162058 --> 1.161841).  Saving model ...
Updating learning rate to 0.00010195341287289519
Epoch: 33 cost time: 0.5476810932159424
Epoch: 33, Steps/rank: 62 | Train Loss: 0.4528348 Vali Loss: 1.1616140
Validation loss decreased (1.161841 --> 1.161614).  Saving model ...
Updating learning rate to 9.685574222925044e-05
Epoch: 34 cost time: 0.6175363063812256
Epoch: 34, Steps/rank: 62 | Train Loss: 0.4526051 Vali Loss: 1.1615837
Validation loss decreased (1.161614 --> 1.161584).  Saving model ...
Updating learning rate to 9.201295511778792e-05
Epoch: 35 cost time: 0.5665173530578613
Epoch: 35, Steps/rank: 62 | Train Loss: 0.4524645 Vali Loss: 1.1612497
Validation loss decreased (1.161584 --> 1.161250).  Saving model ...
Updating learning rate to 8.74123073618985e-05
Epoch: 36 cost time: 0.6041886806488037
Epoch: 36, Steps/rank: 62 | Train Loss: 0.4526028 Vali Loss: 1.1613498
EarlyStopping counter: 1 out of 20
Updating learning rate to 8.304169199380359e-05
Epoch: 37 cost time: 0.5414276123046875
Epoch: 37, Steps/rank: 62 | Train Loss: 0.4525664 Vali Loss: 1.1613346
EarlyStopping counter: 2 out of 20
Updating learning rate to 7.88896073941134e-05
Epoch: 38 cost time: 0.5438835620880127
Epoch: 38, Steps/rank: 62 | Train Loss: 0.4526024 Vali Loss: 1.1610975
Validation loss decreased (1.161250 --> 1.161098).  Saving model ...
Updating learning rate to 7.494512702440772e-05
Epoch: 39 cost time: 0.5604128837585449
Epoch: 39, Steps/rank: 62 | Train Loss: 0.4524280 Vali Loss: 1.1609611
Validation loss decreased (1.161098 --> 1.160961).  Saving model ...
Updating learning rate to 7.119787067318733e-05
Epoch: 40 cost time: 0.5563912391662598
Epoch: 40, Steps/rank: 62 | Train Loss: 0.4524078 Vali Loss: 1.1608639
Validation loss decreased (1.160961 --> 1.160864).  Saving model ...
Updating learning rate to 6.763797713952796e-05
Epoch: 41 cost time: 0.5452413558959961
Epoch: 41, Steps/rank: 62 | Train Loss: 0.4523955 Vali Loss: 1.1609122
EarlyStopping counter: 1 out of 20
Updating learning rate to 6.425607828255156e-05
Epoch: 42 cost time: 0.5404016971588135
Epoch: 42, Steps/rank: 62 | Train Loss: 0.4524102 Vali Loss: 1.1607284
Validation loss decreased (1.160864 --> 1.160728).  Saving model ...
Updating learning rate to 6.104327436842398e-05
Epoch: 43 cost time: 0.608126163482666
Epoch: 43, Steps/rank: 62 | Train Loss: 0.4525166 Vali Loss: 1.1606818
Validation loss decreased (1.160728 --> 1.160682).  Saving model ...
Updating learning rate to 5.799111065000278e-05
Epoch: 44 cost time: 0.6107840538024902
Epoch: 44, Steps/rank: 62 | Train Loss: 0.4523255 Vali Loss: 1.1606431
Validation loss decreased (1.160682 --> 1.160643).  Saving model ...
Updating learning rate to 5.509155511750264e-05
Epoch: 45 cost time: 0.5713517665863037
Epoch: 45, Steps/rank: 62 | Train Loss: 0.4522995 Vali Loss: 1.1606114
Validation loss decreased (1.160643 --> 1.160611).  Saving model ...
Updating learning rate to 5.2336977361627504e-05
Epoch: 46 cost time: 0.571552038192749
Epoch: 46, Steps/rank: 62 | Train Loss: 0.4521816 Vali Loss: 1.1604862
Validation loss decreased (1.160611 --> 1.160486).  Saving model ...
Updating learning rate to 4.9720128493546124e-05
Epoch: 47 cost time: 0.6129448413848877
Epoch: 47, Steps/rank: 62 | Train Loss: 0.4521603 Vali Loss: 1.1604386
Validation loss decreased (1.160486 --> 1.160439).  Saving model ...
Updating learning rate to 4.7234122068868816e-05
Epoch: 48 cost time: 0.5943124294281006
Epoch: 48, Steps/rank: 62 | Train Loss: 0.4522562 Vali Loss: 1.1604994
EarlyStopping counter: 1 out of 20
Updating learning rate to 4.487241596542538e-05
Epoch: 49 cost time: 0.5412797927856445
Epoch: 49, Steps/rank: 62 | Train Loss: 0.4522493 Vali Loss: 1.1604158
Validation loss decreased (1.160439 --> 1.160416).  Saving model ...
Updating learning rate to 4.26287951671541e-05
Epoch: 50 cost time: 0.5552010536193848
Epoch: 50, Steps/rank: 62 | Train Loss: 0.4519977 Vali Loss: 1.1603071
Validation loss decreased (1.160416 --> 1.160307).  Saving model ...
Updating learning rate to 4.0497355408796396e-05
Epoch: 51 cost time: 0.5461952686309814
Epoch: 51, Steps/rank: 62 | Train Loss: 0.4522282 Vali Loss: 1.1603905
EarlyStopping counter: 1 out of 20
Updating learning rate to 3.8472487638356575e-05
Epoch: 52 cost time: 0.6266286373138428
Epoch: 52, Steps/rank: 62 | Train Loss: 0.4521644 Vali Loss: 1.1602248
Validation loss decreased (1.160307 --> 1.160225).  Saving model ...
Updating learning rate to 3.654886325643875e-05
Epoch: 53 cost time: 0.59261155128479
Epoch: 53, Steps/rank: 62 | Train Loss: 0.4522237 Vali Loss: 1.1602514
EarlyStopping counter: 1 out of 20
Updating learning rate to 3.47214200936168e-05
Epoch: 54 cost time: 0.5930376052856445
Epoch: 54, Steps/rank: 62 | Train Loss: 0.4522003 Vali Loss: 1.1601545
Validation loss decreased (1.160225 --> 1.160154).  Saving model ...
Updating learning rate to 3.298534908893597e-05
Epoch: 55 cost time: 0.5664207935333252
Epoch: 55, Steps/rank: 62 | Train Loss: 0.4521630 Vali Loss: 1.1601350
Validation loss decreased (1.160154 --> 1.160135).  Saving model ...
Updating learning rate to 3.1336081634489166e-05
Epoch: 56 cost time: 0.6203799247741699
Epoch: 56, Steps/rank: 62 | Train Loss: 0.4521276 Vali Loss: 1.1601326
Validation loss decreased (1.160135 --> 1.160133).  Saving model ...
Updating learning rate to 2.9769277552764706e-05
Epoch: 57 cost time: 0.6134607791900635
Epoch: 57, Steps/rank: 62 | Train Loss: 0.4520005 Vali Loss: 1.1601039
Validation loss decreased (1.160133 --> 1.160104).  Saving model ...
Updating learning rate to 2.8280813675126466e-05
Epoch: 58 cost time: 0.6194071769714355
Epoch: 58, Steps/rank: 62 | Train Loss: 0.4520662 Vali Loss: 1.1601078
EarlyStopping counter: 1 out of 20
Updating learning rate to 2.6866772991370145e-05
Epoch: 59 cost time: 0.6210622787475586
Epoch: 59, Steps/rank: 62 | Train Loss: 0.4519962 Vali Loss: 1.1600498
Validation loss decreased (1.160104 --> 1.160050).  Saving model ...
Updating learning rate to 2.5523434341801633e-05
Epoch: 60 cost time: 0.6194403171539307
Epoch: 60, Steps/rank: 62 | Train Loss: 0.4519401 Vali Loss: 1.1600289
Validation loss decreased (1.160050 --> 1.160029).  Saving model ...
Updating learning rate to 2.4247262624711552e-05
Epoch: 61 cost time: 0.6038522720336914
Epoch: 61, Steps/rank: 62 | Train Loss: 0.4520280 Vali Loss: 1.1600252
Validation loss decreased (1.160029 --> 1.160025).  Saving model ...
Updating learning rate to 2.3034899493475973e-05
Epoch: 62 cost time: 0.6248171329498291
Epoch: 62, Steps/rank: 62 | Train Loss: 0.4519919 Vali Loss: 1.1599511
Validation loss decreased (1.160025 --> 1.159951).  Saving model ...
Updating learning rate to 2.1883154518802173e-05
Epoch: 63 cost time: 0.6217060089111328
Epoch: 63, Steps/rank: 62 | Train Loss: 0.4520441 Vali Loss: 1.1599823
EarlyStopping counter: 1 out of 20
Updating learning rate to 2.0788996792862066e-05
Epoch: 64 cost time: 0.6213529109954834
Epoch: 64, Steps/rank: 62 | Train Loss: 0.4519462 Vali Loss: 1.1599297
Validation loss decreased (1.159951 --> 1.159930).  Saving model ...
Updating learning rate to 1.974954695321896e-05
Epoch: 65 cost time: 0.6156411170959473
Epoch: 65, Steps/rank: 62 | Train Loss: 0.4519277 Vali Loss: 1.1599270
Validation loss decreased (1.159930 --> 1.159927).  Saving model ...
Updating learning rate to 1.876206960555801e-05
Epoch: 66 cost time: 0.6307969093322754
Epoch: 66, Steps/rank: 62 | Train Loss: 0.4519170 Vali Loss: 1.1598896
Validation loss decreased (1.159927 --> 1.159890).  Saving model ...
Updating learning rate to 1.782396612528011e-05
Epoch: 67 cost time: 0.6143345832824707
Epoch: 67, Steps/rank: 62 | Train Loss: 0.4520066 Vali Loss: 1.1598538
Validation loss decreased (1.159890 --> 1.159854).  Saving model ...
Updating learning rate to 1.6932767819016104e-05
Epoch: 68 cost time: 0.6223852634429932
Epoch: 68, Steps/rank: 62 | Train Loss: 0.4517542 Vali Loss: 1.1598642
EarlyStopping counter: 1 out of 20
Updating learning rate to 1.6086129428065296e-05
Epoch: 69 cost time: 0.56797194480896
Epoch: 69, Steps/rank: 62 | Train Loss: 0.4520628 Vali Loss: 1.1598211
Validation loss decreased (1.159854 --> 1.159821).  Saving model ...
Updating learning rate to 1.5281822956662033e-05
Epoch: 70 cost time: 0.5659060478210449
Epoch: 70, Steps/rank: 62 | Train Loss: 0.4519755 Vali Loss: 1.1597999
Validation loss decreased (1.159821 --> 1.159800).  Saving model ...
Updating learning rate to 1.451773180882893e-05
Epoch: 71 cost time: 0.5545632839202881
Epoch: 71, Steps/rank: 62 | Train Loss: 0.4518259 Vali Loss: 1.1598255
EarlyStopping counter: 1 out of 20
Updating learning rate to 1.3791845218387483e-05
Epoch: 72 cost time: 0.5639441013336182
Epoch: 72, Steps/rank: 62 | Train Loss: 0.4517941 Vali Loss: 1.1598113
EarlyStopping counter: 2 out of 20
Updating learning rate to 1.3102252957468109e-05
Epoch: 73 cost time: 0.5955634117126465
Epoch: 73, Steps/rank: 62 | Train Loss: 0.4519637 Vali Loss: 1.1597863
Validation loss decreased (1.159800 --> 1.159786).  Saving model ...
Updating learning rate to 1.2447140309594702e-05
Epoch: 74 cost time: 0.5930957794189453
Epoch: 74, Steps/rank: 62 | Train Loss: 0.4516269 Vali Loss: 1.1598035
EarlyStopping counter: 1 out of 20
Updating learning rate to 1.1824783294114967e-05
Epoch: 75 cost time: 0.5997791290283203
Epoch: 75, Steps/rank: 62 | Train Loss: 0.4519397 Vali Loss: 1.1597667
Validation loss decreased (1.159786 --> 1.159767).  Saving model ...
Updating learning rate to 1.1233544129409218e-05
Epoch: 76 cost time: 0.6316633224487305
Epoch: 76, Steps/rank: 62 | Train Loss: 0.4519160 Vali Loss: 1.1597465
Validation loss decreased (1.159767 --> 1.159747).  Saving model ...
Updating learning rate to 1.0671866922938755e-05
Epoch: 77 cost time: 0.5761709213256836
Epoch: 77, Steps/rank: 62 | Train Loss: 0.4518809 Vali Loss: 1.1597534
EarlyStopping counter: 1 out of 20
Updating learning rate to 1.0138273576791817e-05
Epoch: 78 cost time: 0.5593538284301758
Epoch: 78, Steps/rank: 62 | Train Loss: 0.4519289 Vali Loss: 1.1597421
Validation loss decreased (1.159747 --> 1.159742).  Saving model ...
Updating learning rate to 9.631359897952226e-06
Epoch: 79 cost time: 0.5869293212890625
Epoch: 79, Steps/rank: 62 | Train Loss: 0.4517950 Vali Loss: 1.1597435
EarlyStopping counter: 1 out of 20
Updating learning rate to 9.149791903054614e-06
Epoch: 80 cost time: 0.569415807723999
Epoch: 80, Steps/rank: 62 | Train Loss: 0.4519868 Vali Loss: 1.1597336
Validation loss decreased (1.159742 --> 1.159734).  Saving model ...
Updating learning rate to 8.692302307901884e-06
Epoch: 81 cost time: 0.6108217239379883
Epoch: 81, Steps/rank: 62 | Train Loss: 0.4517884 Vali Loss: 1.1597229
Validation loss decreased (1.159734 --> 1.159723).  Saving model ...
Updating learning rate to 8.25768719250679e-06
Epoch: 82 cost time: 0.6362090110778809
Epoch: 82, Steps/rank: 62 | Train Loss: 0.4517553 Vali Loss: 1.1596868
Validation loss decreased (1.159723 --> 1.159687).  Saving model ...
Updating learning rate to 7.84480283288145e-06
Epoch: 83 cost time: 0.6129043102264404
Epoch: 83, Steps/rank: 62 | Train Loss: 0.4518894 Vali Loss: 1.1597028
EarlyStopping counter: 1 out of 20
Updating learning rate to 7.452562691237377e-06
Epoch: 84 cost time: 0.5591223239898682
Epoch: 84, Steps/rank: 62 | Train Loss: 0.4519069 Vali Loss: 1.1596827
Validation loss decreased (1.159687 --> 1.159683).  Saving model ...
Updating learning rate to 7.079934556675507e-06
Epoch: 85 cost time: 0.5765318870544434
Epoch: 85, Steps/rank: 62 | Train Loss: 0.4518227 Vali Loss: 1.1596831
EarlyStopping counter: 1 out of 20
Updating learning rate to 6.725937828841732e-06
Epoch: 86 cost time: 0.6248893737792969
Epoch: 86, Steps/rank: 62 | Train Loss: 0.4517993 Vali Loss: 1.1596797
Validation loss decreased (1.159683 --> 1.159680).  Saving model ...
Updating learning rate to 6.389640937399644e-06
Epoch: 87 cost time: 0.570176362991333
Epoch: 87, Steps/rank: 62 | Train Loss: 0.4518889 Vali Loss: 1.1596640
Validation loss decreased (1.159680 --> 1.159664).  Saving model ...
Updating learning rate to 6.070158890529662e-06
Epoch: 88 cost time: 0.5467240810394287
Epoch: 88, Steps/rank: 62 | Train Loss: 0.4519014 Vali Loss: 1.1596613
Validation loss decreased (1.159664 --> 1.159661).  Saving model ...
Updating learning rate to 5.766650946003179e-06
Epoch: 89 cost time: 0.5700380802154541
Epoch: 89, Steps/rank: 62 | Train Loss: 0.4516190 Vali Loss: 1.1596568
Validation loss decreased (1.159661 --> 1.159657).  Saving model ...
Updating learning rate to 5.47831839870302e-06
Epoch: 90 cost time: 0.5548732280731201
Epoch: 90, Steps/rank: 62 | Train Loss: 0.4517062 Vali Loss: 1.1596542
Validation loss decreased (1.159657 --> 1.159654).  Saving model ...
Updating learning rate to 5.204402478767869e-06
Epoch: 91 cost time: 0.5674479007720947
Epoch: 91, Steps/rank: 62 | Train Loss: 0.4519706 Vali Loss: 1.1596448
Validation loss decreased (1.159654 --> 1.159645).  Saving model ...
Updating learning rate to 4.944182354829475e-06
Epoch: 92 cost time: 0.6285355091094971
Epoch: 92, Steps/rank: 62 | Train Loss: 0.4518644 Vali Loss: 1.1596468
EarlyStopping counter: 1 out of 20
Updating learning rate to 4.696973237088e-06
Epoch: 93 cost time: 0.5677187442779541
Epoch: 93, Steps/rank: 62 | Train Loss: 0.4519364 Vali Loss: 1.1596407
Validation loss decreased (1.159645 --> 1.159641).  Saving model ...
Updating learning rate to 4.462124575233601e-06
Epoch: 94 cost time: 0.5855324268341064
Epoch: 94, Steps/rank: 62 | Train Loss: 0.4519288 Vali Loss: 1.1596391
Validation loss decreased (1.159641 --> 1.159639).  Saving model ...
Updating learning rate to 4.239018346471921e-06
Epoch: 95 cost time: 0.6066973209381104
Epoch: 95, Steps/rank: 62 | Train Loss: 0.4519333 Vali Loss: 1.1596293
Validation loss decreased (1.159639 --> 1.159629).  Saving model ...
Updating learning rate to 4.027067429148324e-06
Epoch: 96 cost time: 0.5888557434082031
Epoch: 96, Steps/rank: 62 | Train Loss: 0.4517969 Vali Loss: 1.1596228
Validation loss decreased (1.159629 --> 1.159623).  Saving model ...
Updating learning rate to 3.825714057690908e-06
Epoch: 97 cost time: 0.5921933650970459
Epoch: 97, Steps/rank: 62 | Train Loss: 0.4518562 Vali Loss: 1.1596239
EarlyStopping counter: 1 out of 20
Updating learning rate to 3.6344283548063623e-06
Epoch: 98 cost time: 0.598975419998169
Epoch: 98, Steps/rank: 62 | Train Loss: 0.4519074 Vali Loss: 1.1596297
EarlyStopping counter: 2 out of 20
Updating learning rate to 3.452706937066044e-06
Epoch: 99 cost time: 0.5954067707061768
Epoch: 99, Steps/rank: 62 | Train Loss: 0.4518809 Vali Loss: 1.1596221
Validation loss decreased (1.159623 --> 1.159622).  Saving model ...
Updating learning rate to 3.2800715902127414e-06
Epoch: 100 cost time: 0.5896575450897217
Epoch: 100, Steps/rank: 62 | Train Loss: 0.4517051 Vali Loss: 1.1596162
Validation loss decreased (1.159622 --> 1.159616).  Saving model ...
Updating learning rate to 3.1160680107021042e-06
