Using PyTorch 2.10.0a0+git449b176; visible XPUs: 1
Args in experiment:
Namespace(is_training=1, model_id='aurora_ETTh1_sl360_pl336_h6_m1_s514', model='FITS', data='ETTh1', root_path='/lus/flare/projects/FRAME-IDP/siebenschuh/TimeSeriesTraining/FITS_data/', data_path='ETTh1.csv', features='M', target='OT', freq='h', checkpoints='/lus/flare/projects/FRAME-IDP/siebenschuh/TimeSeriesTraining/FITS_parallel_reproduction_01/FITS_checkpoints/FITS', results_root='/lus/flare/projects/FRAME-IDP/siebenschuh/TimeSeriesTraining/FITS_parallel_reproduction_01/FITS_results/FITS', seq_len=360, label_len=48, pred_len=336, individual=False, embed_type=0, enc_in=7, dec_in=7, c_out=7, d_model=512, n_heads=8, e_layers=2, d_layers=1, d_ff=2048, moving_avg=25, factor=1, distil=True, dropout=0.05, embed='timeF', activation='gelu', output_attention=False, do_predict=False, run_test=False, ab=2, hidden_size=1, kernel=5, groups=1, levels=3, stacks=1, num_workers=0, ddp_num_workers=0, itr=1, train_epochs=100, batch_size=128, patience=20, learning_rate=0.0005, des='test', loss='mse', lradj='type3', use_amp=False, use_gpu=True, gpu=0, distributed=False, use_multi_gpu=False, devices='0,1,2,3', test_flop=False, aug_method='NA', aug_rate=0.5, in_batch_augmentation=False, in_dataset_augmentation=False, data_size=1, aug_data_size=1, seed=514, testset_div=2, test_time_train=False, train_mode=1, cut_freq=106, base_T=24, H_order=6, distributed_context=DistributedContext(enabled=False, rank=0, world_size=1, local_rank=0, local_size=1, backend=''), rank=0, world_size=1, local_rank=0, global_batch_size=128)
Rank 0 uses XPU: xpu:0
>>>>>>>start training : aurora_ETTh1_sl360_pl336_h6_m1_s514_FITS_ETTh1_ftM_sl360_ll48_pl336_H6_0>>>>>>>>>>>>>>>>>>>>>>>>>>
train 7945
val 2545
Model(
  (freq_upsampler): Linear(in_features=106, out_features=204, bias=True)
)
Trainable parameters:  21828
!!!!!!!!!!!!!!learning rate!!!!!!!!!!!!!!!
0.0005
Epoch: 1 cost time: 2.114631175994873
Epoch: 1, Steps/rank: 62 | Train Loss: 0.7419491 Vali Loss: 1.5088962
Validation loss decreased (inf --> 1.508896).  Saving model ...
Updating learning rate to 0.0005
Epoch: 2 cost time: 0.3482787609100342
Epoch: 2, Steps/rank: 62 | Train Loss: 0.5856571 Vali Loss: 1.3718497
Validation loss decreased (1.508896 --> 1.371850).  Saving model ...
Updating learning rate to 0.000475
Epoch: 3 cost time: 0.3459904193878174
Epoch: 3, Steps/rank: 62 | Train Loss: 0.5391169 Vali Loss: 1.3121327
Validation loss decreased (1.371850 --> 1.312133).  Saving model ...
Updating learning rate to 0.00045125
Epoch: 4 cost time: 0.3416130542755127
Epoch: 4, Steps/rank: 62 | Train Loss: 0.5147831 Vali Loss: 1.2729681
Validation loss decreased (1.312133 --> 1.272968).  Saving model ...
Updating learning rate to 0.0004286875
Epoch: 5 cost time: 0.3393363952636719
Epoch: 5, Steps/rank: 62 | Train Loss: 0.4981933 Vali Loss: 1.2460607
Validation loss decreased (1.272968 --> 1.246061).  Saving model ...
Updating learning rate to 0.00040725312499999993
Epoch: 6 cost time: 0.3518190383911133
Epoch: 6, Steps/rank: 62 | Train Loss: 0.4865758 Vali Loss: 1.2258672
Validation loss decreased (1.246061 --> 1.225867).  Saving model ...
Updating learning rate to 0.0003868904687499999
Epoch: 7 cost time: 0.3574249744415283
Epoch: 7, Steps/rank: 62 | Train Loss: 0.4781497 Vali Loss: 1.2112096
Validation loss decreased (1.225867 --> 1.211210).  Saving model ...
Updating learning rate to 0.00036754594531249993
Epoch: 8 cost time: 0.3620579242706299
Epoch: 8, Steps/rank: 62 | Train Loss: 0.4722406 Vali Loss: 1.1995789
Validation loss decreased (1.211210 --> 1.199579).  Saving model ...
Updating learning rate to 0.00034916864804687486
Epoch: 9 cost time: 0.34588122367858887
Epoch: 9, Steps/rank: 62 | Train Loss: 0.4677744 Vali Loss: 1.1911086
Validation loss decreased (1.199579 --> 1.191109).  Saving model ...
Updating learning rate to 0.00033171021564453113
Epoch: 10 cost time: 0.3410019874572754
Epoch: 10, Steps/rank: 62 | Train Loss: 0.4643503 Vali Loss: 1.1848869
Validation loss decreased (1.191109 --> 1.184887).  Saving model ...
Updating learning rate to 0.00031512470486230455
Epoch: 11 cost time: 0.3356194496154785
Epoch: 11, Steps/rank: 62 | Train Loss: 0.4619294 Vali Loss: 1.1799098
Validation loss decreased (1.184887 --> 1.179910).  Saving model ...
Updating learning rate to 0.00029936846961918935
Epoch: 12 cost time: 0.334486722946167
Epoch: 12, Steps/rank: 62 | Train Loss: 0.4598430 Vali Loss: 1.1757583
Validation loss decreased (1.179910 --> 1.175758).  Saving model ...
Updating learning rate to 0.0002844000461382298
Epoch: 13 cost time: 0.352327823638916
Epoch: 13, Steps/rank: 62 | Train Loss: 0.4586582 Vali Loss: 1.1729149
Validation loss decreased (1.175758 --> 1.172915).  Saving model ...
Updating learning rate to 0.0002701800438313183
Epoch: 14 cost time: 0.3453409671783447
Epoch: 14, Steps/rank: 62 | Train Loss: 0.4575666 Vali Loss: 1.1710274
Validation loss decreased (1.172915 --> 1.171027).  Saving model ...
Updating learning rate to 0.0002566710416397524
Epoch: 15 cost time: 0.3496389389038086
Epoch: 15, Steps/rank: 62 | Train Loss: 0.4567619 Vali Loss: 1.1689824
Validation loss decreased (1.171027 --> 1.168982).  Saving model ...
Updating learning rate to 0.00024383748955776477
Epoch: 16 cost time: 0.36043310165405273
Epoch: 16, Steps/rank: 62 | Train Loss: 0.4561704 Vali Loss: 1.1680664
Validation loss decreased (1.168982 --> 1.168066).  Saving model ...
Updating learning rate to 0.0002316456150798765
Epoch: 17 cost time: 0.3636045455932617
Epoch: 17, Steps/rank: 62 | Train Loss: 0.4556334 Vali Loss: 1.1669739
Validation loss decreased (1.168066 --> 1.166974).  Saving model ...
Updating learning rate to 0.00022006333432588268
Epoch: 18 cost time: 0.3582425117492676
Epoch: 18, Steps/rank: 62 | Train Loss: 0.4551167 Vali Loss: 1.1658145
Validation loss decreased (1.166974 --> 1.165815).  Saving model ...
Updating learning rate to 0.00020906016760958854
Epoch: 19 cost time: 0.36786484718322754
Epoch: 19, Steps/rank: 62 | Train Loss: 0.4546500 Vali Loss: 1.1653918
Validation loss decreased (1.165815 --> 1.165392).  Saving model ...
Updating learning rate to 0.0001986071592291091
Epoch: 20 cost time: 0.3645002841949463
Epoch: 20, Steps/rank: 62 | Train Loss: 0.4545328 Vali Loss: 1.1646987
Validation loss decreased (1.165392 --> 1.164699).  Saving model ...
Updating learning rate to 0.00018867680126765363
Epoch: 21 cost time: 0.3502941131591797
Epoch: 21, Steps/rank: 62 | Train Loss: 0.4543340 Vali Loss: 1.1639992
Validation loss decreased (1.164699 --> 1.163999).  Saving model ...
Updating learning rate to 0.00017924296120427094
Epoch: 22 cost time: 0.35666823387145996
Epoch: 22, Steps/rank: 62 | Train Loss: 0.4541655 Vali Loss: 1.1636924
Validation loss decreased (1.163999 --> 1.163692).  Saving model ...
Updating learning rate to 0.0001702808131440574
Epoch: 23 cost time: 0.3607769012451172
Epoch: 23, Steps/rank: 62 | Train Loss: 0.4538631 Vali Loss: 1.1629840
Validation loss decreased (1.163692 --> 1.162984).  Saving model ...
Updating learning rate to 0.0001617667724868545
Epoch: 24 cost time: 0.35863280296325684
Epoch: 24, Steps/rank: 62 | Train Loss: 0.4535947 Vali Loss: 1.1627856
Validation loss decreased (1.162984 --> 1.162786).  Saving model ...
Updating learning rate to 0.00015367843386251178
Epoch: 25 cost time: 0.3636772632598877
Epoch: 25, Steps/rank: 62 | Train Loss: 0.4536112 Vali Loss: 1.1624676
Validation loss decreased (1.162786 --> 1.162468).  Saving model ...
Updating learning rate to 0.0001459945121693862
Epoch: 26 cost time: 0.36556005477905273
Epoch: 26, Steps/rank: 62 | Train Loss: 0.4534483 Vali Loss: 1.1626066
EarlyStopping counter: 1 out of 20
Updating learning rate to 0.00013869478656091687
Epoch: 27 cost time: 0.34822988510131836
Epoch: 27, Steps/rank: 62 | Train Loss: 0.4533673 Vali Loss: 1.1620055
Validation loss decreased (1.162468 --> 1.162006).  Saving model ...
Updating learning rate to 0.00013176004723287101
Epoch: 28 cost time: 0.35405540466308594
Epoch: 28, Steps/rank: 62 | Train Loss: 0.4532906 Vali Loss: 1.1620313
EarlyStopping counter: 1 out of 20
Updating learning rate to 0.00012517204487122748
Epoch: 29 cost time: 0.3564424514770508
Epoch: 29, Steps/rank: 62 | Train Loss: 0.4531589 Vali Loss: 1.1618132
Validation loss decreased (1.162006 --> 1.161813).  Saving model ...
Updating learning rate to 0.00011891344262766608
Epoch: 30 cost time: 0.36327099800109863
Epoch: 30, Steps/rank: 62 | Train Loss: 0.4530786 Vali Loss: 1.1615867
Validation loss decreased (1.161813 --> 1.161587).  Saving model ...
Updating learning rate to 0.00011296777049628277
Epoch: 31 cost time: 0.3707728385925293
Epoch: 31, Steps/rank: 62 | Train Loss: 0.4529252 Vali Loss: 1.1615240
Validation loss decreased (1.161587 --> 1.161524).  Saving model ...
Updating learning rate to 0.00010731938197146864
Epoch: 32 cost time: 0.3702383041381836
Epoch: 32, Steps/rank: 62 | Train Loss: 0.4529509 Vali Loss: 1.1611808
Validation loss decreased (1.161524 --> 1.161181).  Saving model ...
Updating learning rate to 0.00010195341287289519
Epoch: 33 cost time: 0.3715939521789551
Epoch: 33, Steps/rank: 62 | Train Loss: 0.4527206 Vali Loss: 1.1609784
Validation loss decreased (1.161181 --> 1.160978).  Saving model ...
Updating learning rate to 9.685574222925044e-05
Epoch: 34 cost time: 0.3704102039337158
Epoch: 34, Steps/rank: 62 | Train Loss: 0.4527159 Vali Loss: 1.1611299
EarlyStopping counter: 1 out of 20
Updating learning rate to 9.201295511778792e-05
Epoch: 35 cost time: 0.37514567375183105
Epoch: 35, Steps/rank: 62 | Train Loss: 0.4527425 Vali Loss: 1.1608707
Validation loss decreased (1.160978 --> 1.160871).  Saving model ...
Updating learning rate to 8.74123073618985e-05
Epoch: 36 cost time: 0.39052844047546387
Epoch: 36, Steps/rank: 62 | Train Loss: 0.4527068 Vali Loss: 1.1608128
Validation loss decreased (1.160871 --> 1.160813).  Saving model ...
Updating learning rate to 8.304169199380359e-05
Epoch: 37 cost time: 0.39051222801208496
Epoch: 37, Steps/rank: 62 | Train Loss: 0.4525560 Vali Loss: 1.1607208
Validation loss decreased (1.160813 --> 1.160721).  Saving model ...
Updating learning rate to 7.88896073941134e-05
Epoch: 38 cost time: 0.3906898498535156
Epoch: 38, Steps/rank: 62 | Train Loss: 0.4526234 Vali Loss: 1.1605612
Validation loss decreased (1.160721 --> 1.160561).  Saving model ...
Updating learning rate to 7.494512702440772e-05
Epoch: 39 cost time: 0.3949158191680908
Epoch: 39, Steps/rank: 62 | Train Loss: 0.4526602 Vali Loss: 1.1605006
Validation loss decreased (1.160561 --> 1.160501).  Saving model ...
Updating learning rate to 7.119787067318733e-05
Epoch: 40 cost time: 0.3921811580657959
Epoch: 40, Steps/rank: 62 | Train Loss: 0.4525874 Vali Loss: 1.1604656
Validation loss decreased (1.160501 --> 1.160466).  Saving model ...
Updating learning rate to 6.763797713952796e-05
Epoch: 41 cost time: 0.3931736946105957
Epoch: 41, Steps/rank: 62 | Train Loss: 0.4524596 Vali Loss: 1.1603942
Validation loss decreased (1.160466 --> 1.160394).  Saving model ...
Updating learning rate to 6.425607828255156e-05
Epoch: 42 cost time: 0.3935081958770752
Epoch: 42, Steps/rank: 62 | Train Loss: 0.4524690 Vali Loss: 1.1603260
Validation loss decreased (1.160394 --> 1.160326).  Saving model ...
Updating learning rate to 6.104327436842398e-05
Epoch: 43 cost time: 0.3952775001525879
Epoch: 43, Steps/rank: 62 | Train Loss: 0.4523577 Vali Loss: 1.1602724
Validation loss decreased (1.160326 --> 1.160272).  Saving model ...
Updating learning rate to 5.799111065000278e-05
Epoch: 44 cost time: 0.398700475692749
Epoch: 44, Steps/rank: 62 | Train Loss: 0.4523763 Vali Loss: 1.1601227
Validation loss decreased (1.160272 --> 1.160123).  Saving model ...
Updating learning rate to 5.509155511750264e-05
Epoch: 45 cost time: 0.39920568466186523
Epoch: 45, Steps/rank: 62 | Train Loss: 0.4524404 Vali Loss: 1.1602054
EarlyStopping counter: 1 out of 20
Updating learning rate to 5.2336977361627504e-05
Epoch: 46 cost time: 0.3985462188720703
Epoch: 46, Steps/rank: 62 | Train Loss: 0.4523807 Vali Loss: 1.1600593
Validation loss decreased (1.160123 --> 1.160059).  Saving model ...
Updating learning rate to 4.9720128493546124e-05
Epoch: 47 cost time: 0.39876890182495117
Epoch: 47, Steps/rank: 62 | Train Loss: 0.4520369 Vali Loss: 1.1600529
Validation loss decreased (1.160059 --> 1.160053).  Saving model ...
Updating learning rate to 4.7234122068868816e-05
Epoch: 48 cost time: 0.4014880657196045
Epoch: 48, Steps/rank: 62 | Train Loss: 0.4523086 Vali Loss: 1.1599127
Validation loss decreased (1.160053 --> 1.159913).  Saving model ...
Updating learning rate to 4.487241596542538e-05
Epoch: 49 cost time: 0.39800095558166504
Epoch: 49, Steps/rank: 62 | Train Loss: 0.4523576 Vali Loss: 1.1600650
EarlyStopping counter: 1 out of 20
Updating learning rate to 4.26287951671541e-05
Epoch: 50 cost time: 0.3984863758087158
Epoch: 50, Steps/rank: 62 | Train Loss: 0.4521529 Vali Loss: 1.1598290
Validation loss decreased (1.159913 --> 1.159829).  Saving model ...
Updating learning rate to 4.0497355408796396e-05
Epoch: 51 cost time: 0.39424753189086914
Epoch: 51, Steps/rank: 62 | Train Loss: 0.4523058 Vali Loss: 1.1598930
EarlyStopping counter: 1 out of 20
Updating learning rate to 3.8472487638356575e-05
Epoch: 52 cost time: 0.4075946807861328
Epoch: 52, Steps/rank: 62 | Train Loss: 0.4520431 Vali Loss: 1.1598782
EarlyStopping counter: 2 out of 20
Updating learning rate to 3.654886325643875e-05
Epoch: 53 cost time: 0.400712251663208
Epoch: 53, Steps/rank: 62 | Train Loss: 0.4521874 Vali Loss: 1.1597922
Validation loss decreased (1.159829 --> 1.159792).  Saving model ...
Updating learning rate to 3.47214200936168e-05
Epoch: 54 cost time: 0.3986701965332031
Epoch: 54, Steps/rank: 62 | Train Loss: 0.4522011 Vali Loss: 1.1598109
EarlyStopping counter: 1 out of 20
Updating learning rate to 3.298534908893597e-05
Epoch: 55 cost time: 0.39682555198669434
Epoch: 55, Steps/rank: 62 | Train Loss: 0.4521765 Vali Loss: 1.1597806
Validation loss decreased (1.159792 --> 1.159781).  Saving model ...
Updating learning rate to 3.1336081634489166e-05
Epoch: 56 cost time: 0.40171265602111816
Epoch: 56, Steps/rank: 62 | Train Loss: 0.4521736 Vali Loss: 1.1596963
Validation loss decreased (1.159781 --> 1.159696).  Saving model ...
Updating learning rate to 2.9769277552764706e-05
Epoch: 57 cost time: 0.4083242416381836
Epoch: 57, Steps/rank: 62 | Train Loss: 0.4521193 Vali Loss: 1.1597523
EarlyStopping counter: 1 out of 20
Updating learning rate to 2.8280813675126466e-05
Epoch: 58 cost time: 0.40270471572875977
Epoch: 58, Steps/rank: 62 | Train Loss: 0.4521046 Vali Loss: 1.1597375
EarlyStopping counter: 2 out of 20
Updating learning rate to 2.6866772991370145e-05
Epoch: 59 cost time: 0.40674662590026855
Epoch: 59, Steps/rank: 62 | Train Loss: 0.4522256 Vali Loss: 1.1596710
Validation loss decreased (1.159696 --> 1.159671).  Saving model ...
Updating learning rate to 2.5523434341801633e-05
Epoch: 60 cost time: 0.40870022773742676
Epoch: 60, Steps/rank: 62 | Train Loss: 0.4520593 Vali Loss: 1.1596187
Validation loss decreased (1.159671 --> 1.159619).  Saving model ...
Updating learning rate to 2.4247262624711552e-05
Epoch: 61 cost time: 0.4118976593017578
Epoch: 61, Steps/rank: 62 | Train Loss: 0.4521672 Vali Loss: 1.1596148
Validation loss decreased (1.159619 --> 1.159615).  Saving model ...
Updating learning rate to 2.3034899493475973e-05
Epoch: 62 cost time: 0.40508604049682617
Epoch: 62, Steps/rank: 62 | Train Loss: 0.4521046 Vali Loss: 1.1596200
EarlyStopping counter: 1 out of 20
Updating learning rate to 2.1883154518802173e-05
Epoch: 63 cost time: 0.40285754203796387
Epoch: 63, Steps/rank: 62 | Train Loss: 0.4519276 Vali Loss: 1.1595818
Validation loss decreased (1.159615 --> 1.159582).  Saving model ...
Updating learning rate to 2.0788996792862066e-05
Epoch: 64 cost time: 0.4084045886993408
Epoch: 64, Steps/rank: 62 | Train Loss: 0.4520401 Vali Loss: 1.1595730
Validation loss decreased (1.159582 --> 1.159573).  Saving model ...
Updating learning rate to 1.974954695321896e-05
Epoch: 65 cost time: 0.4127004146575928
Epoch: 65, Steps/rank: 62 | Train Loss: 0.4521521 Vali Loss: 1.1595553
Validation loss decreased (1.159573 --> 1.159555).  Saving model ...
Updating learning rate to 1.876206960555801e-05
Epoch: 66 cost time: 0.4256432056427002
Epoch: 66, Steps/rank: 62 | Train Loss: 0.4520412 Vali Loss: 1.1595554
EarlyStopping counter: 1 out of 20
Updating learning rate to 1.782396612528011e-05
Epoch: 67 cost time: 0.42040586471557617
Epoch: 67, Steps/rank: 62 | Train Loss: 0.4520802 Vali Loss: 1.1596077
EarlyStopping counter: 2 out of 20
Updating learning rate to 1.6932767819016104e-05
Epoch: 68 cost time: 0.42200636863708496
Epoch: 68, Steps/rank: 62 | Train Loss: 0.4520391 Vali Loss: 1.1595459
Validation loss decreased (1.159555 --> 1.159546).  Saving model ...
Updating learning rate to 1.6086129428065296e-05
Epoch: 69 cost time: 0.4221177101135254
Epoch: 69, Steps/rank: 62 | Train Loss: 0.4520549 Vali Loss: 1.1595196
Validation loss decreased (1.159546 --> 1.159520).  Saving model ...
Updating learning rate to 1.5281822956662033e-05
Epoch: 70 cost time: 0.4233577251434326
Epoch: 70, Steps/rank: 62 | Train Loss: 0.4520167 Vali Loss: 1.1594761
Validation loss decreased (1.159520 --> 1.159476).  Saving model ...
Updating learning rate to 1.451773180882893e-05
Epoch: 71 cost time: 0.4231760501861572
Epoch: 71, Steps/rank: 62 | Train Loss: 0.4519618 Vali Loss: 1.1594704
Validation loss decreased (1.159476 --> 1.159470).  Saving model ...
Updating learning rate to 1.3791845218387483e-05
Epoch: 72 cost time: 0.4245150089263916
Epoch: 72, Steps/rank: 62 | Train Loss: 0.4518596 Vali Loss: 1.1594843
EarlyStopping counter: 1 out of 20
Updating learning rate to 1.3102252957468109e-05
Epoch: 73 cost time: 0.424985408782959
Epoch: 73, Steps/rank: 62 | Train Loss: 0.4519421 Vali Loss: 1.1594869
EarlyStopping counter: 2 out of 20
Updating learning rate to 1.2447140309594702e-05
Epoch: 74 cost time: 0.42588210105895996
Epoch: 74, Steps/rank: 62 | Train Loss: 0.4518577 Vali Loss: 1.1594656
Validation loss decreased (1.159470 --> 1.159466).  Saving model ...
Updating learning rate to 1.1824783294114967e-05
Epoch: 75 cost time: 0.4186227321624756
Epoch: 75, Steps/rank: 62 | Train Loss: 0.4518614 Vali Loss: 1.1594843
EarlyStopping counter: 1 out of 20
Updating learning rate to 1.1233544129409218e-05
Epoch: 76 cost time: 0.41866254806518555
Epoch: 76, Steps/rank: 62 | Train Loss: 0.4519488 Vali Loss: 1.1594664
EarlyStopping counter: 2 out of 20
Updating learning rate to 1.0671866922938755e-05
Epoch: 77 cost time: 0.42107295989990234
Epoch: 77, Steps/rank: 62 | Train Loss: 0.4520009 Vali Loss: 1.1594340
Validation loss decreased (1.159466 --> 1.159434).  Saving model ...
Updating learning rate to 1.0138273576791817e-05
Epoch: 78 cost time: 0.4233832359313965
Epoch: 78, Steps/rank: 62 | Train Loss: 0.4517935 Vali Loss: 1.1594426
EarlyStopping counter: 1 out of 20
Updating learning rate to 9.631359897952226e-06
Epoch: 79 cost time: 0.41762471199035645
Epoch: 79, Steps/rank: 62 | Train Loss: 0.4519917 Vali Loss: 1.1594297
Validation loss decreased (1.159434 --> 1.159430).  Saving model ...
Updating learning rate to 9.149791903054614e-06
Epoch: 80 cost time: 0.4219663143157959
Epoch: 80, Steps/rank: 62 | Train Loss: 0.4519291 Vali Loss: 1.1594435
EarlyStopping counter: 1 out of 20
Updating learning rate to 8.692302307901884e-06
Epoch: 81 cost time: 0.4216883182525635
Epoch: 81, Steps/rank: 62 | Train Loss: 0.4517667 Vali Loss: 1.1594031
Validation loss decreased (1.159430 --> 1.159403).  Saving model ...
Updating learning rate to 8.25768719250679e-06
Epoch: 82 cost time: 0.42917680740356445
Epoch: 82, Steps/rank: 62 | Train Loss: 0.4519309 Vali Loss: 1.1594148
EarlyStopping counter: 1 out of 20
Updating learning rate to 7.84480283288145e-06
Epoch: 83 cost time: 0.418440580368042
Epoch: 83, Steps/rank: 62 | Train Loss: 0.4518304 Vali Loss: 1.1593859
Validation loss decreased (1.159403 --> 1.159386).  Saving model ...
Updating learning rate to 7.452562691237377e-06
Epoch: 84 cost time: 0.42366981506347656
Epoch: 84, Steps/rank: 62 | Train Loss: 0.4519355 Vali Loss: 1.1593980
EarlyStopping counter: 1 out of 20
Updating learning rate to 7.079934556675507e-06
Epoch: 85 cost time: 0.41880106925964355
Epoch: 85, Steps/rank: 62 | Train Loss: 0.4517110 Vali Loss: 1.1593932
EarlyStopping counter: 2 out of 20
Updating learning rate to 6.725937828841732e-06
Epoch: 86 cost time: 0.4180753231048584
Epoch: 86, Steps/rank: 62 | Train Loss: 0.4517363 Vali Loss: 1.1593669
Validation loss decreased (1.159386 --> 1.159367).  Saving model ...
Updating learning rate to 6.389640937399644e-06
Epoch: 87 cost time: 0.42587780952453613
Epoch: 87, Steps/rank: 62 | Train Loss: 0.4518572 Vali Loss: 1.1593802
EarlyStopping counter: 1 out of 20
Updating learning rate to 6.070158890529662e-06
Epoch: 88 cost time: 0.41835927963256836
Epoch: 88, Steps/rank: 62 | Train Loss: 0.4519708 Vali Loss: 1.1593847
EarlyStopping counter: 2 out of 20
Updating learning rate to 5.766650946003179e-06
Epoch: 89 cost time: 0.42155981063842773
Epoch: 89, Steps/rank: 62 | Train Loss: 0.4518054 Vali Loss: 1.1593725
EarlyStopping counter: 3 out of 20
Updating learning rate to 5.47831839870302e-06
Epoch: 90 cost time: 0.42005276679992676
Epoch: 90, Steps/rank: 62 | Train Loss: 0.4520389 Vali Loss: 1.1593652
Validation loss decreased (1.159367 --> 1.159365).  Saving model ...
Updating learning rate to 5.204402478767869e-06
Epoch: 91 cost time: 0.4236185550689697
Epoch: 91, Steps/rank: 62 | Train Loss: 0.4519138 Vali Loss: 1.1593611
Validation loss decreased (1.159365 --> 1.159361).  Saving model ...
Updating learning rate to 4.944182354829475e-06
Epoch: 92 cost time: 0.42006373405456543
Epoch: 92, Steps/rank: 62 | Train Loss: 0.4518737 Vali Loss: 1.1593693
EarlyStopping counter: 1 out of 20
Updating learning rate to 4.696973237088e-06
Epoch: 93 cost time: 0.4237804412841797
Epoch: 93, Steps/rank: 62 | Train Loss: 0.4519162 Vali Loss: 1.1593610
Validation loss decreased (1.159361 --> 1.159361).  Saving model ...
Updating learning rate to 4.462124575233601e-06
Epoch: 94 cost time: 1.6912884712219238
Epoch: 94, Steps/rank: 62 | Train Loss: 0.4517882 Vali Loss: 1.1593523
Validation loss decreased (1.159361 --> 1.159352).  Saving model ...
Updating learning rate to 4.239018346471921e-06
Epoch: 95 cost time: 0.410581111907959
Epoch: 95, Steps/rank: 62 | Train Loss: 0.4518499 Vali Loss: 1.1593556
EarlyStopping counter: 1 out of 20
Updating learning rate to 4.027067429148324e-06
Epoch: 96 cost time: 0.40829992294311523
Epoch: 96, Steps/rank: 62 | Train Loss: 0.4519025 Vali Loss: 1.1593554
EarlyStopping counter: 2 out of 20
Updating learning rate to 3.825714057690908e-06
Epoch: 97 cost time: 0.401287317276001
Epoch: 97, Steps/rank: 62 | Train Loss: 0.4520198 Vali Loss: 1.1593413
Validation loss decreased (1.159352 --> 1.159341).  Saving model ...
Updating learning rate to 3.6344283548063623e-06
Epoch: 98 cost time: 0.4149332046508789
Epoch: 98, Steps/rank: 62 | Train Loss: 0.4517983 Vali Loss: 1.1593325
Validation loss decreased (1.159341 --> 1.159332).  Saving model ...
Updating learning rate to 3.452706937066044e-06
Epoch: 99 cost time: 0.41213440895080566
Epoch: 99, Steps/rank: 62 | Train Loss: 0.4518483 Vali Loss: 1.1593461
EarlyStopping counter: 1 out of 20
Updating learning rate to 3.2800715902127414e-06
Epoch: 100 cost time: 0.4117121696472168
Epoch: 100, Steps/rank: 62 | Train Loss: 0.4519369 Vali Loss: 1.1593386
EarlyStopping counter: 2 out of 20
Updating learning rate to 3.1160680107021042e-06
